
> @pythnetwork/pyth-lazer-cardano-cli@0.0.0 cli /home/runner/work/test/test/pyth-crosschain/lazer/contracts/cardano/cli/js
> pnpm tsx --env-file=.env src/cli.ts build --env default --trace-level verbose


node:internal/modules/run_main:105
    triggerUncaughtException(
    ^
Error [ERR_MODULE_NOT_FOUND]: Cannot find module '/home/runner/work/test/test/pyth-crosschain/lazer/contracts/cardano/cli/js/node_modules/@pythnetwork/xc-admin-common/dist/esm/index.mjs' imported from /home/runner/work/test/test/pyth-crosschain/lazer/contracts/cardano/cli/js/src/transactions.ts
    at finalizeResolution (node:internal/modules/esm/resolve:274:11)
    at moduleResolve (node:internal/modules/esm/resolve:859:10)
    at defaultResolve (node:internal/modules/esm/resolve:983:11)
    at nextResolve (node:internal/modules/esm/hooks:748:28)
    at resolveBase (file:///home/runner/work/test/test/pyth-crosschain/node_modules/.pnpm/tsx@4.20.6/node_modules/tsx/dist/esm/index.mjs?1784740109396:2:3744)
    at resolveDirectory (file:///home/runner/work/test/test/pyth-crosschain/node_modules/.pnpm/tsx@4.20.6/node_modules/tsx/dist/esm/index.mjs?1784740109396:2:4243)
    at resolveTsPaths (file:///home/runner/work/test/test/pyth-crosschain/node_modules/.pnpm/tsx@4.20.6/node_modules/tsx/dist/esm/index.mjs?1784740109396:2:4984)
    at resolve (file:///home/runner/work/test/test/pyth-crosschain/node_modules/.pnpm/tsx@4.20.6/node_modules/tsx/dist/esm/index.mjs?1784740109396:2:5361)
    at nextResolve (node:internal/modules/esm/hooks:748:28)
    at Hooks.resolve (node:internal/modules/esm/hooks:240:30) {
  code: 'ERR_MODULE_NOT_FOUND',
  url: 'file:///home/runner/work/test/test/pyth-crosschain/lazer/contracts/cardano/cli/js/node_modules/@pythnetwork/xc-admin-common/dist/esm/index.mjs'
}

Node.js v24.0.0
 ELIFECYCLE  Command failed with exit code 1.
