Scope: 8 of 52 workspace projects
packages/jest-config build$ ts-duality
packages/jest-config build: building package @pythnetwork/jest-config
packages/jest-config build:   building esm variant in /home/runner/work/test/test/pyth-crosschain/packages/jest-config
packages/jest-config build:     tsconfig /home/runner/work/test/test/pyth-crosschain/packages/jest-config/tsconfig.build.json
packages/jest-config build: formatted tsconfig.build.json with biome
packages/jest-config build: Executing pnpm tsc --project tsconfig.build.json --outDir dist/esm --declaration --emitDeclarationOnly in /home/runner/work/test/test/pyth-crosschain/packages/jest-config
packages/jest-config build: @pythnetwork/jest-config - esm has been built!
packages/jest-config build:   building cjs variant in /home/runner/work/test/test/pyth-crosschain/packages/jest-config
packages/jest-config build:     tsconfig /home/runner/work/test/test/pyth-crosschain/packages/jest-config/tsconfig.build.json
packages/jest-config build: formatted tsconfig.build.json with biome
packages/jest-config build: Executing pnpm tsc --project tsconfig.build.json --outDir dist/cjs --declaration --emitDeclarationOnly in /home/runner/work/test/test/pyth-crosschain/packages/jest-config
packages/jest-config build: @pythnetwork/jest-config - cjs has been built!
packages/jest-config build: formatted package.json with biome
packages/jest-config build: Done
apps/hermes/client/js build$ ts-duality
price_service/sdk/js build$ ts-duality
target_chains/solana/sdk/js/solana_utils build$ ts-duality
price_service/sdk/js build: building package @pythnetwork/price-service-sdk
price_service/sdk/js build:   building esm variant in /home/runner/work/test/test/pyth-crosschain/price_service/sdk/js
price_service/sdk/js build:     tsconfig /home/runner/work/test/test/pyth-crosschain/price_service/sdk/js/tsconfig.build.json
target_chains/solana/sdk/js/solana_utils build: building package @pythnetwork/solana-utils
target_chains/solana/sdk/js/solana_utils build:   building esm variant in /home/runner/work/test/test/pyth-crosschain/target_chains/solana/sdk/js/solana_utils
target_chains/solana/sdk/js/solana_utils build:     tsconfig /home/runner/work/test/test/pyth-crosschain/target_chains/solana/sdk/js/solana_utils/tsconfig.build.json
apps/hermes/client/js build: building package @pythnetwork/hermes-client
apps/hermes/client/js build:   building esm variant in /home/runner/work/test/test/pyth-crosschain/apps/hermes/client/js
apps/hermes/client/js build:     tsconfig /home/runner/work/test/test/pyth-crosschain/apps/hermes/client/js/tsconfig.build.json
apps/hermes/client/js build: formatted tsconfig.build.json with biome
apps/hermes/client/js build: Executing pnpm tsc --project tsconfig.build.json --outDir dist/esm --declaration --emitDeclarationOnly in /home/runner/work/test/test/pyth-crosschain/apps/hermes/client/js
target_chains/solana/sdk/js/solana_utils build: formatted tsconfig.build.json with biome
target_chains/solana/sdk/js/solana_utils build: Executing pnpm tsc --project tsconfig.build.json --outDir dist/esm --declaration --emitDeclarationOnly in /home/runner/work/test/test/pyth-crosschain/target_chains/solana/sdk/js/solana_utils
price_service/sdk/js build: formatted tsconfig.build.json with biome
price_service/sdk/js build: Executing pnpm tsc --project tsconfig.build.json --outDir dist/esm --declaration --emitDeclarationOnly in /home/runner/work/test/test/pyth-crosschain/price_service/sdk/js
apps/hermes/client/js build: src/hermes-client.ts(8,25): error TS2307: Cannot find module './zodSchemas.js' or its corresponding type declarations.
apps/hermes/client/js build: **building @pythnetwork/hermes-client esm variant has failed**
apps/hermes/client/js build: file:///home/runner/work/test/test/pyth-crosschain/node_modules/.pnpm/execa@9.6.1/node_modules/execa/lib/return/final-error.js:6
apps/hermes/client/js build: 	return new ErrorClass(message, options);
apps/hermes/client/js build: 	       ^
apps/hermes/client/js build: ExecaError: Command failed with exit code 2: 'pnpm tsc --project tsconfig.build.json --outDir dist/esm --declaration --emitDeclarationOnly'
apps/hermes/client/js build:     at getFinalError (file:///home/runner/work/test/test/pyth-crosschain/node_modules/.pnpm/execa@9.6.1/node_modules/execa/lib/return/final-error.js:6:9)
apps/hermes/client/js build:     at makeError (file:///home/runner/work/test/test/pyth-crosschain/node_modules/.pnpm/execa@9.6.1/node_modules/execa/lib/return/result.js:108:16)
apps/hermes/client/js build:     at getAsyncResult (file:///home/runner/work/test/test/pyth-crosschain/node_modules/.pnpm/execa@9.6.1/node_modules/execa/lib/methods/main-async.js:168:4)
apps/hermes/client/js build:     at handlePromise (file:///home/runner/work/test/test/pyth-crosschain/node_modules/.pnpm/execa@9.6.1/node_modules/execa/lib/methods/main-async.js:151:17)
apps/hermes/client/js build:     at process.processTicksAndRejections (node:internal/process/task_queues:105:5)
apps/hermes/client/js build:     at async execAsync (file:///home/runner/work/test/test/pyth-crosschain/node_modules/.pnpm/@better-builds+ts-duality@1.3.2_typescript@5.9.3/node_modules/@better-builds/ts-duality/dist/esm/exec-async.mjs:8:19)
apps/hermes/client/js build:     at async generateTypings (file:///home/runner/work/test/test/pyth-crosschain/node_modules/.pnpm/@better-builds+ts-duality@1.3.2_typescript@5.9.3/node_modules/@better-builds/ts-duality/dist/esm/compile-code.mjs:47:5)
apps/hermes/client/js build:     at async compileCode (file:///home/runner/work/test/test/pyth-crosschain/node_modules/.pnpm/@better-builds+ts-duality@1.3.2_typescript@5.9.3/node_modules/@better-builds/ts-duality/dist/esm/compile-code.mjs:107:5)
apps/hermes/client/js build:     at async buildTsPackage (file:///home/runner/work/test/test/pyth-crosschain/node_modules/.pnpm/@better-builds+ts-duality@1.3.2_typescript@5.9.3/node_modules/@better-builds/ts-duality/dist/esm/ts-duality-lib.mjs:64:34)
apps/hermes/client/js build:     at async setupCLI (file:///home/runner/work/test/test/pyth-crosschain/node_modules/.pnpm/@better-builds+ts-duality@1.3.2_typescript@5.9.3/node_modules/@better-builds/ts-duality/dist/esm/ts-duality.mjs:69:5) {
apps/hermes/client/js build:   shortMessage: "Command failed with exit code 2: 'pnpm tsc --project tsconfig.build.json --outDir dist/esm --declaration --emitDeclarationOnly'",
apps/hermes/client/js build:   command: 'pnpm tsc --project tsconfig.build.json --outDir dist/esm --declaration --emitDeclarationOnly',
apps/hermes/client/js build:   escapedCommand: "'pnpm tsc --project tsconfig.build.json --outDir dist/esm --declaration --emitDeclarationOnly'",
apps/hermes/client/js build:   cwd: '/home/runner/work/test/test/pyth-crosschain/apps/hermes/client/js',
apps/hermes/client/js build:   durationMs: 2723.388182,
apps/hermes/client/js build:   failed: true,
apps/hermes/client/js build:   timedOut: false,
apps/hermes/client/js build:   isCanceled: false,
apps/hermes/client/js build:   isGracefullyCanceled: false,
apps/hermes/client/js build:   isTerminated: false,
apps/hermes/client/js build:   isMaxBuffer: false,
apps/hermes/client/js build:   isForcefullyTerminated: false,
apps/hermes/client/js build:   exitCode: 2,
apps/hermes/client/js build:   stdio: [ undefined, undefined, undefined ],
apps/hermes/client/js build:   ipcOutput: [],
apps/hermes/client/js build:   pipedFrom: []
apps/hermes/client/js build: }
apps/hermes/client/js build: Node.js v24.0.0
apps/hermes/client/js build: Failed
/home/runner/work/test/test/pyth-crosschain/apps/hermes/client/js:
 ERR_PNPM_RECURSIVE_RUN_FIRST_FAIL  @pythnetwork/hermes-client@3.1.0 build: `ts-duality`
Exit status 1
price_service/sdk/js build: index file detected
price_service/sdk/js build: @pythnetwork/price-service-sdk - esm has been built!
price_service/sdk/js build:   building cjs variant in /home/runner/work/test/test/pyth-crosschain/price_service/sdk/js
price_service/sdk/js build:     tsconfig /home/runner/work/test/test/pyth-crosschain/price_service/sdk/js/tsconfig.build.json
