{
  "decision": "KILL_NO_CURRENT_FREEZE",
  "submit_ready": false,
  "validated_critical": 0,
  "validated_high": 0,
  "facts": {
    "registry_absent": false,
    "unprivileged_remove_blocked": true,
    "remove_events": 0,
    "last_remove": null,
    "seconds_since_remove": null,
    "totalAssets_failures": 2,
    "external_holder_count": 0,
    "nonzero_old_claim_count": 0
  },
  "blocking_gates": [
    "no permissionless removal/authorization bypass",
    "trusted privileged role dependency excluded",
    "known-audit/duplicate clearance not passed",
    "material user value required"
  ]
}
