{
  "generatedAtUtc": "2026-07-30T20:20:12.336414+00:00",
  "chain": "arbitrum",
  "block": {
    "number": 489404399,
    "hash": "251a3da69a75d3e90d073be3f6bed5be7a18f28d1985988fd61acb71be40da78",
    "timestamp": 1785442804,
    "timestampUtc": "2026-07-30T20:20:04+00:00"
  },
  "actualVaults": [
    {
      "vault": "0x8c5161f287Cbc9Afa48bC8972eE8CC0a755fcAdC",
      "name": {
        "ok": true,
        "value": "TermMax WETH Vault"
      },
      "asset": {
        "ok": true,
        "value": "0x82aF49447D8a07e3bd95BD0d56f35241523fBab1"
      },
      "totalAssets": {
        "ok": true,
        "value": 2000662735669780131
      }
    },
    {
      "vault": "0x9170A095e7073559ffe1240ccF692Abb94F32a28",
      "name": {
        "ok": true,
        "value": "TermMax USDC Vault"
      },
      "asset": {
        "ok": true,
        "value": "0xaf88d065e77c8cC2239327C5EDb3A432268e5831"
      },
      "totalAssets": {
        "ok": true,
        "value": 1
      }
    },
    {
      "vault": "0xb6692aCb982c2dA0775c947Cb329B04EBFB4e0ac",
      "name": {
        "ok": true,
        "value": "TermMax WETH Vault V2"
      },
      "asset": {
        "ok": true,
        "value": "0x82aF49447D8a07e3bd95BD0d56f35241523fBab1"
      },
      "totalAssets": {
        "ok": true,
        "value": 0
      }
    },
    {
      "vault": "0xc94b752839a22D2C44E99e298671dd4B2aDd11b3",
      "name": {
        "ok": true,
        "value": "TermMax USDC Vault"
      },
      "asset": {
        "ok": true,
        "value": "0xaf88d065e77c8cC2239327C5EDb3A432268e5831"
      },
      "totalAssets": {
        "ok": true,
        "value": 1345280917
      }
    },
    {
      "vault": "0xeBF448902145f65b4E1B3C4e3A269444e0213C9e",
      "name": {
        "ok": true,
        "value": "TermMax WETH Vault"
      },
      "asset": {
        "ok": true,
        "value": "0x82aF49447D8a07e3bd95BD0d56f35241523fBab1"
      },
      "totalAssets": {
        "ok": true,
        "value": 1
      }
    }
  ],
  "mismatches": [],
  "activeMismatches": [],
  "verdict": {
    "chain": "arbitrum",
    "manifestVaultCandidateCount": 12,
    "manifestFactoryCount": 4,
    "actualVaultCount": 5,
    "orderCount": 0,
    "mismatchCount": 0,
    "activeMismatchCount": 0,
    "nextStep": "KILL_NO_CURRENT_ACTIVE_MISCONFIGURATION"
  }
}
