{
  "generatedAtUtc": "2026-07-30T20:20:14.810679+00:00",
  "chain": "bnb",
  "block": {
    "number": 113072754,
    "hash": "2562428b292b56b6c2748070e9f73ee422b09cac72e973919a8db5b511f61b45",
    "timestamp": 1785442812,
    "timestampUtc": "2026-07-30T20:20:12+00:00"
  },
  "actualVaults": [
    {
      "vault": "0x086c120290850E4698645A5689c2428D6E7789dE",
      "name": {
        "ok": true,
        "value": "RIVER/USDT-Vault-t1"
      },
      "asset": {
        "ok": true,
        "value": "0xdA7AD9dea9397cffdDAE2F8a052B82f1484252B3"
      },
      "totalAssets": {
        "ok": true,
        "value": 1
      }
    },
    {
      "vault": "0x41D4b8385AB112380158EAC2f4cAbb9bAeF1Bb45",
      "name": {
        "ok": true,
        "value": "USDT/RIVER-Vault-t1"
      },
      "asset": {
        "ok": true,
        "value": "0x55d398326f99059fF775485246999027B3197955"
      },
      "totalAssets": {
        "ok": true,
        "value": 1
      }
    },
    {
      "vault": "0xE749D471DB186a6DAB068059B29498fEB3a01B38",
      "name": {
        "ok": true,
        "value": "\u5e01\u5b89\u4eba\u751f/USDT-Vault-t1"
      },
      "asset": {
        "ok": true,
        "value": "0x924fa68a0FC644485b8df8AbfA0A41C2e7744444"
      },
      "totalAssets": {
        "ok": true,
        "value": 1
      }
    },
    {
      "vault": "0xa6D02815D3fF570B795D6C0551CfCEf915609142",
      "name": {
        "ok": true,
        "value": "USDT/\u5e01\u5b89\u4eba\u751f-Vault-t1"
      },
      "asset": {
        "ok": true,
        "value": "0x55d398326f99059fF775485246999027B3197955"
      },
      "totalAssets": {
        "ok": true,
        "value": 1
      }
    }
  ],
  "mismatches": [],
  "activeMismatches": [],
  "verdict": {
    "chain": "bnb",
    "manifestVaultCandidateCount": 7,
    "manifestFactoryCount": 4,
    "actualVaultCount": 4,
    "orderCount": 0,
    "mismatchCount": 0,
    "activeMismatchCount": 0,
    "nextStep": "KILL_NO_CURRENT_ACTIVE_MISCONFIGURATION"
  }
}
