{
  "schema": "ms11_archive_extraction_boundary/v2",
  "generatedUtc": "2026-08-19T17:33:03.8150159+00:00",
  "label": "net8",
  "framework": ".NET 8.0.30",
  "runtimeIdentifier": "linux-x64",
  "os": "Ubuntu 24.04.4 LTS",
  "processArchitecture": "X64",
  "tarAssembly": {
    "name": "System.Formats.Tar",
    "version": "8.0.0.0",
    "informationalVersion": "8.0.30\u002Ba83db3e0eb2defb6220e15dae2f1a0462fdbf99f",
    "location": "/usr/share/dotnet/shared/Microsoft.NETCore.App/8.0.30/System.Formats.Tar.dll",
    "sha256": "7b6b8ff88272c02f49aed36f21432e6e23c169434f76cd8903b5b9b64a24df4c"
  },
  "zipAssembly": {
    "name": "System.IO.Compression.ZipFile",
    "version": "8.0.0.0",
    "informationalVersion": "8.0.30\u002Ba83db3e0eb2defb6220e15dae2f1a0462fdbf99f",
    "location": "/usr/share/dotnet/shared/Microsoft.NETCore.App/8.0.30/System.IO.Compression.ZipFile.dll",
    "sha256": "ff6dd892ad405860172b00d7a54b76de79a66ab93ca202ac6f151137d20db9ce"
  },
  "rows": [
    {
      "Family": "tar",
      "Name": "tar-normal",
      "OperationCompleted": true,
      "ExceptionType": null,
      "ExceptionMessage": null,
      "OutsideCreated": false,
      "OutsideContent": null,
      "DestinationCreated": true,
      "DestinationContent": "PWN-TAR-NORMAL",
      "ExpectedSafe": false,
      "Passed": true
    },
    {
      "Family": "tar",
      "Name": "tar-dotdot",
      "OperationCompleted": false,
      "ExceptionType": "System.IO.IOException",
      "ExceptionMessage": "Extracting the Tar entry \u0027../outside.txt\u0027 would have resulted in a file outside the specified destination directory: \u0027/tmp/ms11-archive-boundary-de298d3bad744da68c77d05e578f4ca7/tar-dotdot/dest/\u0027",
      "OutsideCreated": false,
      "OutsideContent": null,
      "DestinationCreated": false,
      "DestinationContent": null,
      "ExpectedSafe": true,
      "Passed": true
    },
    {
      "Family": "tar",
      "Name": "tar-absolute",
      "OperationCompleted": false,
      "ExceptionType": "System.IO.IOException",
      "ExceptionMessage": "Extracting the Tar entry \u0027/tmp/ms11-archive-boundary-de298d3bad744da68c77d05e578f4ca7/tar-absolute/outside-absolute.txt\u0027 would have resulted in a file outside the specified destination directory: \u0027/tmp/ms11-archive-boundary-de298d3bad744da68c77d05e578f4ca7/tar-absolute/dest/\u0027",
      "OutsideCreated": false,
      "OutsideContent": null,
      "DestinationCreated": false,
      "DestinationContent": null,
      "ExpectedSafe": true,
      "Passed": true
    },
    {
      "Family": "tar",
      "Name": "tar-backslash-dotdot",
      "OperationCompleted": true,
      "ExceptionType": null,
      "ExceptionMessage": null,
      "OutsideCreated": false,
      "OutsideContent": null,
      "DestinationCreated": false,
      "DestinationContent": null,
      "ExpectedSafe": true,
      "Passed": true
    },
    {
      "Family": "tar",
      "Name": "tar-archive-symlink-dir",
      "OperationCompleted": false,
      "ExceptionType": "System.IO.IOException",
      "ExceptionMessage": "Extracting the Tar entry \u0027/tmp/ms11-archive-boundary-de298d3bad744da68c77d05e578f4ca7/tar-archive-symlink-dir/outside\u0027 would have resulted in a link target outside the specified destination directory: \u0027/tmp/ms11-archive-boundary-de298d3bad744da68c77d05e578f4ca7/tar-archive-symlink-dir/dest/\u0027",
      "OutsideCreated": false,
      "OutsideContent": null,
      "DestinationCreated": false,
      "DestinationContent": null,
      "ExpectedSafe": true,
      "Passed": true
    },
    {
      "Family": "tar",
      "Name": "tar-preexisting-symlink-dir",
      "OperationCompleted": false,
      "ExceptionType": "System.IO.IOException",
      "ExceptionMessage": "Extracting the Tar entry \u0027link/pwn.txt\u0027 would have resulted in a file outside the specified destination directory: \u0027/tmp/ms11-archive-boundary-de298d3bad744da68c77d05e578f4ca7/tar-preexisting-symlink-dir/dest/\u0027",
      "OutsideCreated": false,
      "OutsideContent": null,
      "DestinationCreated": false,
      "DestinationContent": null,
      "ExpectedSafe": true,
      "Passed": true
    },
    {
      "Family": "tar",
      "Name": "tar-preexisting-symlink-file",
      "OperationCompleted": false,
      "ExceptionType": "System.IO.IOException",
      "ExceptionMessage": "Extracting the Tar entry \u0027file.txt\u0027 would have resulted in a file outside the specified destination directory: \u0027/tmp/ms11-archive-boundary-de298d3bad744da68c77d05e578f4ca7/tar-preexisting-symlink-file/dest/\u0027",
      "OutsideCreated": false,
      "OutsideContent": "ORIGINAL",
      "DestinationCreated": true,
      "DestinationContent": "ORIGINAL",
      "ExpectedSafe": true,
      "Passed": true
    },
    {
      "Family": "tar",
      "Name": "tar-archive-hardlink",
      "OperationCompleted": false,
      "ExceptionType": "System.IO.FileNotFoundException",
      "ExceptionMessage": "Could not find file \u0027/tmp/ms11-archive-boundary-de298d3bad744da68c77d05e578f4ca7/tar-archive-hardlink/dest/hard\u0027.",
      "OutsideCreated": false,
      "OutsideContent": "ORIGINAL",
      "DestinationCreated": false,
      "DestinationContent": null,
      "ExpectedSafe": true,
      "Passed": true
    },
    {
      "Family": "zip",
      "Name": "zip-normal",
      "OperationCompleted": true,
      "ExceptionType": null,
      "ExceptionMessage": null,
      "OutsideCreated": false,
      "OutsideContent": null,
      "DestinationCreated": true,
      "DestinationContent": "PWN-ZIP-NORMAL",
      "ExpectedSafe": false,
      "Passed": true
    },
    {
      "Family": "zip",
      "Name": "zip-dotdot",
      "OperationCompleted": false,
      "ExceptionType": "System.IO.IOException",
      "ExceptionMessage": "Extracting Zip entry would have resulted in a file outside the specified destination directory.",
      "OutsideCreated": false,
      "OutsideContent": null,
      "DestinationCreated": false,
      "DestinationContent": null,
      "ExpectedSafe": true,
      "Passed": true
    },
    {
      "Family": "zip",
      "Name": "zip-absolute",
      "OperationCompleted": false,
      "ExceptionType": "System.IO.IOException",
      "ExceptionMessage": "Extracting Zip entry would have resulted in a file outside the specified destination directory.",
      "OutsideCreated": false,
      "OutsideContent": null,
      "DestinationCreated": false,
      "DestinationContent": null,
      "ExpectedSafe": true,
      "Passed": true
    },
    {
      "Family": "zip",
      "Name": "zip-backslash-dotdot",
      "OperationCompleted": true,
      "ExceptionType": null,
      "ExceptionMessage": null,
      "OutsideCreated": false,
      "OutsideContent": null,
      "DestinationCreated": false,
      "DestinationContent": null,
      "ExpectedSafe": true,
      "Passed": true
    },
    {
      "Family": "zip",
      "Name": "zip-preexisting-symlink-dir",
      "OperationCompleted": true,
      "ExceptionType": null,
      "ExceptionMessage": null,
      "OutsideCreated": true,
      "OutsideContent": "PWN-ZIP-PREEXISTING-SYMLINK-DIR",
      "DestinationCreated": true,
      "DestinationContent": "PWN-ZIP-PREEXISTING-SYMLINK-DIR",
      "ExpectedSafe": true,
      "Passed": false
    },
    {
      "Family": "zip",
      "Name": "zip-preexisting-symlink-file",
      "OperationCompleted": true,
      "ExceptionType": null,
      "ExceptionMessage": null,
      "OutsideCreated": true,
      "OutsideContent": "PWN-ZIP-PREEXISTING-SYMLINK-FILE",
      "DestinationCreated": true,
      "DestinationContent": "PWN-ZIP-PREEXISTING-SYMLINK-FILE",
      "ExpectedSafe": true,
      "Passed": false
    }
  ],
  "counts": {
    "total": 14,
    "passed": 12,
    "failed": 2,
    "outsideWrites": 2
  },
  "controlPass": true,
  "safeRowsPass": false,
  "rawCandidate": true,
  "candidateRows": [
    "zip-preexisting-symlink-dir",
    "zip-preexisting-symlink-file"
  ],
  "verdict": "RAW_OUTSIDE_WRITE_CANDIDATE_REQUIRES_SCOPE_AND_DESIGN_REVIEW",
  "submissionReady": false
}
