   Compiling proc-macro2 v1.0.105
   Compiling unicode-ident v1.0.22
   Compiling quote v1.0.43
   Compiling serde_core v1.0.228
   Compiling libc v0.2.179
   Compiling serde v1.0.228
   Compiling cfg-if v1.0.4
   Compiling once_cell v1.21.3
   Compiling syn v2.0.113
   Compiling shlex v1.3.0
   Compiling find-msvc-tools v0.1.6
   Compiling jobserver v0.1.34
   Compiling typenum v1.19.0
   Compiling cc v1.2.51
   Compiling pin-project-lite v0.2.16
   Compiling version_check v0.9.5
   Compiling itoa v1.0.17
   Compiling generic-array v0.14.7
   Compiling equivalent v1.0.2
   Compiling allocator-api2 v0.2.21
   Compiling foldhash v0.2.0
   Compiling memchr v2.7.6
   Compiling futures-core v0.3.31
   Compiling hashbrown v0.16.1
   Compiling subtle v2.6.1
   Compiling const-oid v0.9.6
   Compiling getrandom v0.2.16
   Compiling futures-sink v0.3.31
   Compiling rand_core v0.6.4
   Compiling zerocopy v0.8.31
   Compiling slab v0.4.11
   Compiling pin-utils v0.1.0
   Compiling tracing-core v0.1.36
   Compiling futures-channel v0.3.31
   Compiling futures-io v0.3.31
   Compiling futures-task v0.3.31
   Compiling cpufeatures v0.2.17
   Compiling base16ct v0.2.0
   Compiling ff v0.13.1
   Compiling group v0.13.0
   Compiling unicode-segmentation v1.12.0
   Compiling paste v1.0.15
   Compiling unicode-xid v0.2.6
   Compiling convert_case v0.10.0
   Compiling ruint-macro v1.2.1
   Compiling strsim v0.11.1
   Compiling keccak v0.1.6
   Compiling ident_case v1.0.1
   Compiling const-hex v1.17.0
   Compiling rustc-hash v2.1.1
   Compiling thiserror v2.0.17
   Compiling serde_derive v1.0.228
   Compiling zeroize_derive v1.4.3
   Compiling zerocopy-derive v0.8.31
   Compiling tracing-attributes v0.1.31
   Compiling zeroize v1.8.2
   Compiling block-buffer v0.10.4
   Compiling crypto-common v0.1.7
   Compiling tracing v0.1.44
   Compiling digest v0.10.7
   Compiling der v0.7.10
   Compiling futures-macro v0.3.31
   Compiling futures-util v0.3.31
   Compiling alloy-rlp-derive v0.3.12
   Compiling spki v0.7.3
   Compiling bytes v1.11.1
   Compiling smallvec v1.15.1
   Compiling arrayvec v0.7.6
   Compiling serdect v0.2.0
   Compiling sec1 v0.7.3
   Compiling alloy-rlp v0.3.12
   Compiling pkcs8 v0.10.2
   Compiling sha2 v0.10.9
   Compiling hmac v0.12.1
   Compiling crypto-bigint v0.5.5
   Compiling rfc6979 v0.4.0
   Compiling signature v2.2.0
   Compiling ruint v1.17.2
   Compiling derive_more-impl v2.1.1
   Compiling sha3 v0.10.8
   Compiling elliptic-curve v0.13.8
   Compiling thiserror-impl v2.0.17
   Compiling ecdsa v0.16.9
   Compiling k256 v0.13.4
   Compiling zmij v1.0.12
   Compiling serde_json v1.0.148
   Compiling fnv v1.0.7
   Compiling autocfg v1.5.0
   Compiling darling_core v0.21.3
   Compiling crossbeam-utils v0.8.21
   Compiling derive_more v2.1.1
   Compiling alloy-primitives v1.5.6
   Compiling darling_macro v0.21.3
   Compiling hex v0.4.3
   Compiling darling v0.21.3
   Compiling futures-executor v0.3.31
   Compiling ppv-lite86 v0.2.21
   Compiling blake3 v1.8.2
   Compiling serde_with_macros v3.16.1
   Compiling arrayref v0.3.9
   Compiling constant_time_eq v0.3.1
   Compiling scopeguard v1.2.0
   Compiling lock_api v0.4.14
   Compiling either v1.15.0
   Compiling serde_with v3.16.1
   Compiling futures v0.3.31
   Compiling num-traits v0.2.19
   Compiling parking_lot_core v0.9.12
   Compiling thiserror v1.0.69
   Compiling thiserror-impl v1.0.69
   Compiling tokio-macros v2.6.0
   Compiling synstructure v0.13.2
   Compiling mio v1.1.1
   Compiling socket2 v0.6.1
   Compiling tokio v1.49.0
   Compiling darling_core v0.23.0
   Compiling crc32fast v1.5.0
   Compiling crc-catalog v2.4.0
   Compiling crc v3.3.0
   Compiling zerofrom-derive v0.1.6
   Compiling auto_impl v1.3.0
   Compiling darling_macro v0.23.0
   Compiling byteorder v1.5.0
   Compiling simd-adler32 v0.3.8
   Compiling getrandom v0.3.4
   Compiling adler2 v2.0.1
   Compiling miniz_oxide v0.8.9
   Compiling darling v0.23.0
   Compiling zerofrom v0.1.6
   Compiling alloy-eip2124 v0.2.0
   Compiling parking_lot v0.12.5
   Compiling yoke-derive v0.8.1
   Compiling rand_chacha v0.3.1
   Compiling monad-crypto v0.1.0 (/home/runner/work/test/test/monad-bft/monad-crypto)
   Compiling alloy-eip7702 v0.6.3
   Compiling monad-types v0.1.0 (/home/runner/work/test/test/monad-bft/monad-types)
   Compiling alloy-serde v2.0.4
   Compiling alloy-eip2930 v0.2.3
   Compiling alloy-eip7928 v0.3.2
   Compiling nybbles v0.4.8
   Compiling protobuf v3.7.2
   Compiling stable_deref_trait v1.2.1
   Compiling lazy_static v1.5.0
   Compiling yoke v0.8.1
   Compiling alloy-trie v0.9.4
   Compiling alloy-eips v2.0.4
   Compiling rand v0.8.5
   Compiling flate2 v1.1.5
   Compiling alloy-tx-macros v2.0.4
   Compiling protobuf-support v3.7.2
   Compiling minimal-lexical v0.2.1
   Compiling prometheus v0.14.0
   Compiling nom v7.1.3
   Compiling alloy-consensus v2.0.4
   Compiling tokio-util v0.7.18
   Compiling crossbeam-channel v0.5.15
   Compiling zerovec-derive v0.11.2
   Compiling indexmap v2.12.1
   Compiling base64 v0.21.7
   Compiling zerovec v0.11.5
   Compiling hdrhistogram v7.5.4
   Compiling monad-eth-types v0.1.0 (/home/runner/work/test/test/monad-bft/monad-eth-types)
   Compiling itertools v0.13.0
   Compiling http v1.4.0
   Compiling displaydoc v0.2.5
   Compiling bitflags v2.10.0
   Compiling monad-executor v0.1.0 (/home/runner/work/test/test/monad-bft/monad-executor)
   Compiling rand_core v0.9.3
   Compiling percent-encoding v2.3.2
   Compiling rand_chacha v0.9.0
   Compiling http-body v1.0.1
   Compiling httparse v1.10.1
   Compiling as-any v0.3.2
   Compiling winnow v0.7.14
   Compiling monad-validator v0.1.0 (/home/runner/work/test/test/monad-bft/monad-validator)
   Compiling rand v0.9.2
   Compiling toml_parser v1.0.6+spec-1.1.0
   Compiling tinystr v0.8.2
   Compiling monad-tfm v0.1.0 (/home/runner/work/test/test/monad-bft/monad-tfm)
   Compiling toml_datetime v0.7.5+spec-1.1.0
   Compiling serde_spanned v1.0.4
   Compiling writeable v0.6.2
   Compiling toml_writer v1.0.6+spec-1.1.0
   Compiling atomic-waker v1.1.2
   Compiling litemap v0.8.1
   Compiling try-lock v0.2.5
   Compiling tower-service v0.3.3
   Compiling want v0.3.1
   Compiling icu_locale_core v2.1.1
   Compiling h2 v0.4.13
   Compiling toml v0.9.10+spec-1.1.0
   Compiling monad-execution-state-read v0.1.0 (/home/runner/work/test/test/monad-bft/monad-execution-state-read)
warning: unused variable: `block_num`
  --> monad-execution-state-read/src/mock.rs:80:9
   |
80 |         block_num: SeqNum,
   |         ^^^^^^^^^ help: if this is intentional, prefix it with an underscore: `_block_num`
   |
   = note: `#[warn(unused_variables)]` (part of `#[warn(unused)]`) on by default

warning: unused variable: `requested_epoch`
  --> monad-execution-state-read/src/mock.rs:81:9
   |
81 |         requested_epoch: monad_types::Epoch,
   |         ^^^^^^^^^^^^^^^ help: if this is intentional, prefix it with an underscore: `_requested_epoch`

warning: `monad-execution-state-read` (lib) generated 2 warnings
   Compiling zerotrie v0.2.3
   Compiling monad-chain-config v0.1.0 (/home/runner/work/test/test/monad-bft/monad-chain-config)
   Compiling potential_utf v0.1.4
   Compiling icu_normalizer_data v2.1.1
   Compiling log v0.4.29
   Compiling icu_properties_data v2.1.2
   Compiling icu_collections v2.1.1
   Compiling monad-consensus-types v0.1.0 (/home/runner/work/test/test/monad-bft/monad-consensus-types)
   Compiling icu_provider v2.1.1
   Compiling hyper v1.8.1
   Compiling lru v0.16.3
   Compiling sync_wrapper v1.0.2
   Compiling pkg-config v0.3.32
   Compiling base64 v0.22.1
   Compiling crossbeam-epoch v0.9.20
   Compiling ipnet v2.11.0
   Compiling tower-layer v0.3.3
   Compiling tower v0.5.2
   Compiling hyper-util v0.1.19
   Compiling zstd-sys v2.0.16+zstd.1.5.7
   Compiling anyhow v1.0.100
   Compiling syn v1.0.109
   Compiling icu_properties v2.1.2
   Compiling icu_normalizer v2.1.1
   Compiling http-body-util v0.1.3
   Compiling memoffset v0.7.1
   Compiling secp256k1-sys v0.11.0
   Compiling monad-version v0.1.0 (/home/runner/work/test/test/monad-bft/monad-version)
   Compiling rayon-core v1.13.0
   Compiling portable-atomic v1.13.0
   Compiling monad-wal v0.1.0 (/home/runner/work/test/test/monad-bft/monad-wal)
   Compiling crossbeam-deque v0.8.6
   Compiling idna_adapter v1.2.1
   Compiling form_urlencoded v1.2.2
   Compiling raw-cpuid v11.6.0
   Compiling tokio-stream v0.1.18
   Compiling half v2.7.1
   Compiling pin-project-internal v1.1.10
   Compiling async-trait v0.1.89
   Compiling lz4-sys v1.11.1+lz4-1.10.0
   Compiling semver v1.0.27
   Compiling futures-timer v3.0.3
   Compiling utf8_iter v1.0.4
   Compiling hashbrown v0.14.5
   Compiling utf8parse v0.2.2
   Compiling regex-syntax v0.8.8
   Compiling alloc-no-stdlib v2.0.4
   Compiling io-uring v0.6.4
   Compiling bitflags v1.3.2
   Compiling zstd-safe v7.2.4
   Compiling regex-automata v0.4.13
   Compiling alloc-stdlib v0.2.2
   Compiling aho-corasick v1.1.4
   Compiling anstyle-parse v0.2.7
   Compiling dashmap v6.1.0
   Compiling idna v1.1.0
   Compiling rustc_version v0.4.1
   Compiling pin-project v1.1.10
   Compiling quanta v0.12.6
   Compiling prost-derive v0.14.3
   Compiling monad-wal-derive v0.1.0 (/home/runner/work/test/test/monad-bft/monad-wal-derive)
   Compiling hyper-timeout v0.5.2
   Compiling monad-consensus v0.1.0 (/home/runner/work/test/test/monad-bft/monad-consensus)
   Compiling monad-blocktree v0.1.0 (/home/runner/work/test/test/monad-bft/monad-blocktree)
   Compiling spin v0.9.8
   Compiling spinning_top v0.3.0
   Compiling opentelemetry v0.31.0
   Compiling nanorand v0.7.0
   Compiling aegis v0.5.0
   Compiling num_cpus v1.17.0
   Compiling rustix v1.1.3
   Compiling radium v0.7.0
   Compiling is_terminal_polyfill v1.70.2
   Compiling az v1.2.1
   Compiling ryu v1.0.22
   Compiling humantime v2.3.0
   Compiling anstyle v1.0.13
   Compiling anstyle-query v1.1.5
   Compiling nonzero_ext v0.3.0
   Compiling web-time v1.1.0
   Compiling iri-string v0.7.10
   Compiling colorchoice v1.0.4
   Compiling iana-time-zone v0.1.64
   Compiling toml_edit v0.23.10+spec-1.0.0
   Compiling chrono v0.4.42
   Compiling tower-http v0.6.8
   Compiling anstream v0.6.21
   Compiling governor v0.10.4
   Compiling monad-peer-score v0.1.0 (/home/runner/work/test/test/monad-bft/monad-peer-score)
   Compiling serde_urlencoded v0.7.1
   Compiling threadpool v1.8.1
   Compiling flume v0.11.1
   Compiling monad-blocksync v0.1.0 (/home/runner/work/test/test/monad-bft/monad-blocksync)
   Compiling tonic v0.14.5
   Compiling nix v0.26.4
   Compiling rayon v1.11.0
   Compiling prost v0.14.3
   Compiling secp256k1 v0.31.1
   Compiling rstest_macros v0.25.0
   Compiling url v2.5.8
   Compiling brotli-decompressor v5.0.0
   Compiling mio v0.8.11
   Compiling fxhash v0.2.1
   Compiling bincode v1.3.3
   Compiling monoio-macros v0.1.0 (https://github.com/category-labs/monoio.git?tag=0.2.4-category#de97820b)
   Compiling auto-const-array v0.2.2
   Compiling tikv-jemalloc-sys v0.6.1+5.3.0-1-ge13ca993e8ccb9ba9847cc330696e02839f328f7
   Compiling alloca v0.4.0
   Compiling socket2 v0.5.10
   Compiling plotters-backend v0.3.7
   Compiling tap v1.0.1
   Compiling ciborium-io v0.2.2
   Compiling clap_lex v0.7.6
   Compiling linux-raw-sys v0.11.0
   Compiling fixed v1.29.0
   Compiling rust_decimal v1.39.0
   Compiling heck v0.5.0
   Compiling softaes v0.1.3
   Compiling clap_derive v4.5.49
   Compiling clap_builder v4.5.54
   Compiling ciborium-ll v0.2.2
   Compiling wyz v0.5.1
   Compiling monoio v0.2.4 (https://github.com/category-labs/monoio.git?tag=0.2.4-category#de97820b)
   Compiling plotters-svg v0.3.7
   Compiling monad-executor-glue v0.1.0 (/home/runner/work/test/test/monad-bft/monad-executor-glue)
   Compiling brotli v8.0.2
   Compiling reqwest v0.12.28
   Compiling monad-secp v0.1.0 (/home/runner/work/test/test/monad-bft/monad-secp)
error[E0599]: no variant or associated item named `from_i32` found for enum `secp256k1::ecdsa::RecoveryId` in the current scope
   --> monad-secp/src/secp.rs:265:47
    |
265 |                 secp256k1::ecdsa::RecoveryId::from_i32(recid.to_i32() ^ 1).map_err(Error)?;
    |                                               ^^^^^^^^ variant or associated item not found in `secp256k1::ecdsa::RecoveryId`
    |
note: if you're trying to build a new `secp256k1::ecdsa::RecoveryId`, consider using `secp256k1::ecdsa::RecoveryId::from_u8_masked` which returns `secp256k1::ecdsa::RecoveryId`
   --> /home/runner/.cargo/registry/src/index.crates.io-1949cf8c6b5b557f/secp256k1-0.31.1/src/ecdsa/recovery.rs:31:5
    |
 31 |     pub const fn from_u8_masked(id: u8) -> RecoveryId {
    |     ^^^^^^^^^^^^^^^^^^^^^^^^^^^^^^^^^^^^^^^^^^^^^^^^^
help: there is an associated function `from` with a similar name
    |
265 -                 secp256k1::ecdsa::RecoveryId::from_i32(recid.to_i32() ^ 1).map_err(Error)?;
265 +                 secp256k1::ecdsa::RecoveryId::from(recid.to_i32() ^ 1).map_err(Error)?;
    |

error[E0599]: no method named `to_i32` found for enum `secp256k1::ecdsa::RecoveryId` in the current scope
   --> monad-secp/src/secp.rs:265:62
    |
265 |                 secp256k1::ecdsa::RecoveryId::from_i32(recid.to_i32() ^ 1).map_err(Error)?;
    |                                                              ^^^^^^ method not found in `secp256k1::ecdsa::RecoveryId`

For more information about this error, try `rustc --explain E0599`.
error: could not compile `monad-secp` (lib) due to 2 previous errors
warning: build failed, waiting for other jobs to finish...
Command exited with non-zero status 101
	Command being timed: "cargo test --manifest-path monad-bft/Cargo.toml --locked -p monad-raptorcast udp::tests_deterministic::research_malicious_relay_repeats_high_s_alias_across_honest_rounds -- --exact --nocapture --test-threads=1"
	User time (seconds): 545.92
	System time (seconds): 45.89
	Percent of CPU this job got: 376%
	Elapsed (wall clock) time (h:mm:ss or m:ss): 2:37.11
	Average shared text size (kbytes): 0
	Average unshared data size (kbytes): 0
	Average stack size (kbytes): 0
	Average total size (kbytes): 0
	Maximum resident set size (kbytes): 558696
	Average resident set size (kbytes): 0
	Major (requiring I/O) page faults: 4632
	Minor (reclaiming a frame) page faults: 7872155
	Voluntary context switches: 80666
	Involuntary context switches: 123576
	Swaps: 0
	File system inputs: 382840
	File system outputs: 5546440
	Socket messages sent: 0
	Socket messages received: 0
	Signals delivered: 0
	Page size (bytes): 4096
	Exit status: 101
