differential	Build discovered exact and page-mode targets	﻿2026-08-23T20:05:35.5805659Z ##[group]Run set -euo pipefail
differential	Build discovered exact and page-mode targets	2026-08-23T20:05:35.5806052Z ^[[36;1mset -euo pipefail^[[0m
differential	Build discovered exact and page-mode targets	2026-08-23T20:05:35.5806281Z ^[[36;1mdocker start monad-v0160-mip8 >/dev/null^[[0m
differential	Build discovered exact and page-mode targets	2026-08-23T20:05:35.5806558Z ^[[36;1mdocker exec monad-v0160-mip8 bash -lc '^[[0m
differential	Build discovered exact and page-mode targets	2026-08-23T20:05:35.5806799Z ^[[36;1m  set -euo pipefail^[[0m
differential	Build discovered exact and page-mode targets	2026-08-23T20:05:35.5807000Z ^[[36;1m  : > /out/meta/BUILT_TARGETS.tsv^[[0m
differential	Build discovered exact and page-mode targets	2026-08-23T20:05:35.5807383Z ^[[36;1m  while IFS=$'"'"'\t'"'"' read -r inventory target; do^[[0m
differential	Build discovered exact and page-mode targets	2026-08-23T20:05:35.5807694Z ^[[36;1m    [[ -n "$target" ]] || continue^[[0m
differential	Build discovered exact and page-mode targets	2026-08-23T20:05:35.5808060Z ^[[36;1m    if [[ "$inventory" == build-mip8-targets.txt ]]; then^[[0m
differential	Build discovered exact and page-mode targets	2026-08-23T20:05:35.5808351Z ^[[36;1m      src=/slot; build=/slot/build-mip8; mode=slot^[[0m
differential	Build discovered exact and page-mode targets	2026-08-23T20:05:35.5808689Z ^[[36;1m    else^[[0m
differential	Build discovered exact and page-mode targets	2026-08-23T20:05:35.5808923Z ^[[36;1m      [[ "$(cat /out/meta/PORT_STATUS.txt)" == PORTED ]] || continue^[[0m
differential	Build discovered exact and page-mode targets	2026-08-23T20:05:35.5809513Z ^[[36;1m      src=/page; build=/page/build-mip8; mode=page^[[0m
differential	Build discovered exact and page-mode targets	2026-08-23T20:05:35.5809827Z ^[[36;1m    fi^[[0m
differential	Build discovered exact and page-mode targets	2026-08-23T20:05:35.5810046Z ^[[36;1m    set +e^[[0m
differential	Build discovered exact and page-mode targets	2026-08-23T20:05:35.5810326Z ^[[36;1m    timeout 1200s cmake --build "$build" --target "$target" --parallel "$(nproc)" \^[[0m
differential	Build discovered exact and page-mode targets	2026-08-23T20:05:35.5810741Z ^[[36;1m      >"/out/logs/build-${mode}-$(echo "$target" | tr /: __).log" 2>&1^[[0m
differential	Build discovered exact and page-mode targets	2026-08-23T20:05:35.5811014Z ^[[36;1m    rc=$?^[[0m
differential	Build discovered exact and page-mode targets	2026-08-23T20:05:35.5811178Z ^[[36;1m    set -e^[[0m
differential	Build discovered exact and page-mode targets	2026-08-23T20:05:35.5811428Z ^[[36;1m    printf "%s\n" "$rc" >"/out/rc/build-${mode}-$(echo "$target" | tr /: __).rc"^[[0m
differential	Build discovered exact and page-mode targets	2026-08-23T20:05:35.5811740Z ^[[36;1m    if [[ "$rc" == 0 ]]; then^[[0m
differential	Build discovered exact and page-mode targets	2026-08-23T20:05:35.5812040Z ^[[36;1m      printf "%s\t%s\t%s\n" "$mode" "$target" "$build" >> /out/meta/BUILT_TARGETS.tsv^[[0m
differential	Build discovered exact and page-mode targets	2026-08-23T20:05:35.5812334Z ^[[36;1m    fi^[[0m
differential	Build discovered exact and page-mode targets	2026-08-23T20:05:35.5812517Z ^[[36;1m  done < /out/meta/DISCOVERED_TARGETS.tsv^[[0m
differential	Build discovered exact and page-mode targets	2026-08-23T20:05:35.5812735Z ^[[36;1m'^[[0m
differential	Build discovered exact and page-mode targets	2026-08-23T20:05:35.5845388Z shell: /usr/bin/bash --noprofile --norc -e -o pipefail {0}
differential	Build discovered exact and page-mode targets	2026-08-23T20:05:35.5845681Z env:
differential	Build discovered exact and page-mode targets	2026-08-23T20:05:35.5848034Z   GH_TOKEN: ***
differential	Build discovered exact and page-mode targets	2026-08-23T20:05:35.5848235Z ##[endgroup]
differential	Build discovered exact and page-mode targets	2026-08-23T20:05:36.7281368Z ##[error]Process completed with exit code 137.
