differential	Execute native-revision lanes	﻿2026-08-23T19:37:58.0910990Z ##[group]Run set -euo pipefail
differential	Execute native-revision lanes	2026-08-23T19:37:58.0911433Z ^[[36;1mset -euo pipefail^[[0m
differential	Execute native-revision lanes	2026-08-23T19:37:58.0911771Z ^[[36;1mcat > out/focus/stateheavy.json <<'JSON'^[[0m
differential	Execute native-revision lanes	2026-08-23T19:37:58.0912513Z ^[[36;1m{^[[0m
differential	Execute native-revision lanes	2026-08-23T19:37:58.0912762Z ^[[36;1m  "valid_address_prob": 0.70,^[[0m
differential	Execute native-revision lanes	2026-08-23T19:37:58.0913121Z ^[[36;1m  "random_constant_with_cleared_words_prob": 0.20,^[[0m
differential	Execute native-revision lanes	2026-08-23T19:37:58.0913510Z ^[[36;1m  "meaningful_constant_prob": 0.20,^[[0m
differential	Execute native-revision lanes	2026-08-23T19:37:58.0913853Z ^[[36;1m  "small_constant_prob": 0.20,^[[0m
differential	Execute native-revision lanes	2026-08-23T19:37:58.0914178Z ^[[36;1m  "push_weight": 0.16,^[[0m
differential	Execute native-revision lanes	2026-08-23T19:37:58.0914509Z ^[[36;1m  "dup_weight": 0.16,^[[0m
differential	Execute native-revision lanes	2026-08-23T19:37:58.0914799Z ^[[36;1m  "call_weight": 0.02,^[[0m
differential	Execute native-revision lanes	2026-08-23T19:37:58.0915120Z ^[[36;1m  "returndatacopy_weight": 0.02,^[[0m
differential	Execute native-revision lanes	2026-08-23T19:37:58.0915471Z ^[[36;1m  "create_weight": 0.02,^[[0m
differential	Execute native-revision lanes	2026-08-23T19:37:58.0915801Z ^[[36;1m  "uncommon_non_term_weight": 0.42,^[[0m
differential	Execute native-revision lanes	2026-08-23T19:37:58.0916133Z ^[[36;1m  "valid_jump_prob": 0.95^[[0m
differential	Execute native-revision lanes	2026-08-23T19:37:58.0916423Z ^[[36;1m}^[[0m
differential	Execute native-revision lanes	2026-08-23T19:37:58.0916673Z ^[[36;1mJSON^[[0m
differential	Execute native-revision lanes	2026-08-23T19:37:58.0916955Z ^[[36;1mcat > out/focus/callcreate.json <<'JSON'^[[0m
differential	Execute native-revision lanes	2026-08-23T19:37:58.0917298Z ^[[36;1m{^[[0m
differential	Execute native-revision lanes	2026-08-23T19:37:58.0917543Z ^[[36;1m  "valid_address_prob": 0.90,^[[0m
differential	Execute native-revision lanes	2026-08-23T19:37:58.0917890Z ^[[36;1m  "meaningful_constant_prob": 0.20,^[[0m
differential	Execute native-revision lanes	2026-08-23T19:37:58.0918230Z ^[[36;1m  "small_constant_prob": 0.20,^[[0m
differential	Execute native-revision lanes	2026-08-23T19:37:58.0918541Z ^[[36;1m  "push_weight": 0.18,^[[0m
differential	Execute native-revision lanes	2026-08-23T19:37:58.0918840Z ^[[36;1m  "dup_weight": 0.18,^[[0m
differential	Execute native-revision lanes	2026-08-23T19:37:58.0919133Z ^[[36;1m  "call_weight": 0.20,^[[0m
differential	Execute native-revision lanes	2026-08-23T19:37:58.0919436Z ^[[36;1m  "returndatacopy_weight": 0.10,^[[0m
differential	Execute native-revision lanes	2026-08-23T19:37:58.0919770Z ^[[36;1m  "create_weight": 0.10,^[[0m
differential	Execute native-revision lanes	2026-08-23T19:37:58.0920100Z ^[[36;1m  "uncommon_non_term_weight": 0.18,^[[0m
differential	Execute native-revision lanes	2026-08-23T19:37:58.0920669Z ^[[36;1m  "valid_jump_prob": 0.95^[[0m
differential	Execute native-revision lanes	2026-08-23T19:37:58.0920963Z ^[[36;1m}^[[0m
differential	Execute native-revision lanes	2026-08-23T19:37:58.0921179Z ^[[36;1mJSON^[[0m
differential	Execute native-revision lanes	2026-08-23T19:37:58.0921405Z ^[[36;1m^[[0m
differential	Execute native-revision lanes	2026-08-23T19:37:58.0921701Z ^[[36;1mdocker start monad-v0160-native-diff >/dev/null^[[0m
differential	Execute native-revision lanes	2026-08-23T19:37:58.0922540Z ^[[36;1mdocker exec monad-v0160-native-diff bash -lc '^[[0m
differential	Execute native-revision lanes	2026-08-23T19:37:58.0922955Z ^[[36;1m  set -euo pipefail^[[0m
differential	Execute native-revision lanes	2026-08-23T19:37:58.0923247Z ^[[36;1m  run_lane() {^[[0m
differential	Execute native-revision lanes	2026-08-23T19:37:58.0923603Z ^[[36;1m    name="$1"; binary="$2"; seed="$3"; focus="$4"; nohook="$5"^[[0m
differential	Execute native-revision lanes	2026-08-23T19:37:58.0924429Z ^[[36;1m    args=(--implementation compiler --revision OSAKA --seed "$seed" --iterations-per-run 100 --messages 4 --runs 100000000 --print-stats)^[[0m
differential	Execute native-revision lanes	2026-08-23T19:37:58.0925243Z ^[[36;1m    if [[ -n "$focus" ]]; then args+=(--focus "$focus"); fi^[[0m
differential	Execute native-revision lanes	2026-08-23T19:37:58.0925625Z ^[[36;1m    set +e^[[0m
differential	Execute native-revision lanes	2026-08-23T19:37:58.0925889Z ^[[36;1m    if [[ "$nohook" == 1 ]]; then^[[0m
differential	Execute native-revision lanes	2026-08-23T19:37:58.0926462Z ^[[36;1m      MONAD_COMPILER_FUZZING=1 MONAD_FUZZ_NO_HOOK=1 timeout --signal=TERM --kill-after=20s 720s \^[[0m
differential	Execute native-revision lanes	2026-08-23T19:37:58.0927167Z ^[[36;1m        stdbuf -oL -eL "$binary" "${args[@]}" >"/out/logs/${name}.log" 2>&1^[[0m
differential	Execute native-revision lanes	2026-08-23T19:37:58.0927611Z ^[[36;1m    else^[[0m
differential	Execute native-revision lanes	2026-08-23T19:37:58.0928013Z ^[[36;1m      MONAD_COMPILER_FUZZING=1 timeout --signal=TERM --kill-after=20s 720s \^[[0m
differential	Execute native-revision lanes	2026-08-23T19:37:58.0928611Z ^[[36;1m        stdbuf -oL -eL "$binary" "${args[@]}" >"/out/logs/${name}.log" 2>&1^[[0m
differential	Execute native-revision lanes	2026-08-23T19:37:58.0929038Z ^[[36;1m    fi^[[0m
differential	Execute native-revision lanes	2026-08-23T19:37:58.0929274Z ^[[36;1m    rc=$?^[[0m
differential	Execute native-revision lanes	2026-08-23T19:37:58.0929518Z ^[[36;1m    set -e^[[0m
differential	Execute native-revision lanes	2026-08-23T19:37:58.0929814Z ^[[36;1m    printf "%s\n" "$rc" >"/out/rc/${name}.rc"^[[0m
differential	Execute native-revision lanes	2026-08-23T19:37:58.0930169Z ^[[36;1m  }^[[0m
differential	Execute native-revision lanes	2026-08-23T19:37:58.0930410Z ^[[36;1m  export -f run_lane^[[0m
differential	Execute native-revision lanes	2026-08-23T19:37:58.0930694Z ^[[36;1m^[[0m
differential	Execute native-revision lanes	2026-08-23T19:37:58.0930933Z ^[[36;1m  for rev in nine ten; do^[[0m
differential	Execute native-revision lanes	2026-08-23T19:37:58.0931314Z ^[[36;1m    B="/out/bin/monad-${rev}-differential-fuzzer"^[[0m
differential	Execute native-revision lanes	2026-08-23T19:37:58.0931787Z ^[[36;1m    base=$([[ "$rev" == nine ]] && echo 7100000 || echo 8100000)^[[0m
differential	Execute native-revision lanes	2026-08-23T19:37:58.0932429Z ^[[36;1m    run_lane "${rev}_nohook_generic" "$B" "$((base + 3))" "" 1 &^[[0m
differential	Execute native-revision lanes	2026-08-23T19:37:58.0933258Z ^[[36;1m    run_lane "${rev}_nohook_stateheavy" "$B" "$((base + 31))" /out/focus/stateheavy.json 1 &^[[0m
differential	Execute native-revision lanes	2026-08-23T19:37:58.0933877Z ^[[36;1m    run_lane "${rev}_hook_generic" "$B" "$((base + 67))" "" 0 &^[[0m
differential	Execute native-revision lanes	2026-08-23T19:37:58.0934480Z ^[[36;1m    run_lane "${rev}_hook_callcreate" "$B" "$((base + 103))" /out/focus/callcreate.json 0 &^[[0m
differential	Execute native-revision lanes	2026-08-23T19:37:58.0934979Z ^[[36;1m    wait^[[0m
differential	Execute native-revision lanes	2026-08-23T19:37:58.0935217Z ^[[36;1m  done^[[0m
differential	Execute native-revision lanes	2026-08-23T19:37:58.0935445Z ^[[36;1m'^[[0m
differential	Execute native-revision lanes	2026-08-23T19:37:58.0981174Z shell: /usr/bin/bash --noprofile --norc -e -o pipefail {0}
differential	Execute native-revision lanes	2026-08-23T19:37:58.0981611Z ##[endgroup]
differential	Execute native-revision lanes	2026-08-23T19:38:05.3862048Z bash: line 3:    47 Aborted                    (core dumped) MONAD_COMPILER_FUZZING=1 MONAD_FUZZ_NO_HOOK=1 timeout --signal=TERM --kill-after=20s 720s stdbuf -oL -eL "$binary" "${args[@]}" > "/out/logs/${name}.log" 2>&1
differential	Execute native-revision lanes	2026-08-23T19:39:02.0928074Z bash: line 3:    49 Aborted                    (core dumped) MONAD_COMPILER_FUZZING=1 timeout --signal=TERM --kill-after=20s 720s stdbuf -oL -eL "$binary" "${args[@]}" > "/out/logs/${name}.log" 2>&1
differential	Execute native-revision lanes	2026-08-23T19:45:33.5951526Z ##[error]Process completed with exit code 137.
