sanitizer	Build exact differential fuzzer with ASan and UBSan	﻿2026-08-23T19:56:33.9284944Z ##[group]Run set -euo pipefail
sanitizer	Build exact differential fuzzer with ASan and UBSan	2026-08-23T19:56:33.9285934Z ^[[36;1mset -euo pipefail^[[0m
sanitizer	Build exact differential fuzzer with ASan and UBSan	2026-08-23T19:56:33.9286586Z ^[[36;1mmkdir -p out/bin out/logs out/rc out/meta out/focus^[[0m
sanitizer	Build exact differential fuzzer with ASan and UBSan	2026-08-23T19:56:33.9286820Z ^[[36;1mdocker run --name monad-v0160-sanitizer \^[[0m
sanitizer	Build exact differential fuzzer with ASan and UBSan	2026-08-23T19:56:33.9287015Z ^[[36;1m  -v "$PWD/monad-execution:/src" \^[[0m
sanitizer	Build exact differential fuzzer with ASan and UBSan	2026-08-23T19:56:33.9287202Z ^[[36;1m  -v "$PWD/out:/out" \^[[0m
sanitizer	Build exact differential fuzzer with ASan and UBSan	2026-08-23T19:56:33.9287357Z ^[[36;1m  monad-v0160-base bash -lc '^[[0m
sanitizer	Build exact differential fuzzer with ASan and UBSan	2026-08-23T19:56:33.9287525Z ^[[36;1m    set -euo pipefail^[[0m
sanitizer	Build exact differential fuzzer with ASan and UBSan	2026-08-23T19:56:33.9287659Z ^[[36;1m    cd /src^[[0m
sanitizer	Build exact differential fuzzer with ASan and UBSan	2026-08-23T19:56:33.9287794Z ^[[36;1m    rm -rf build-sanitize^[[0m
sanitizer	Build exact differential fuzzer with ASan and UBSan	2026-08-23T19:56:33.9288081Z ^[[36;1m    SAN="-O1 -g -fno-omit-frame-pointer -fsanitize=address,undefined -fno-sanitize-recover=all"^[[0m
sanitizer	Build exact differential fuzzer with ASan and UBSan	2026-08-23T19:56:33.9288430Z ^[[36;1m    CC=clang-19 CXX=clang++-19 cmake -S . -B build-sanitize -GNinja \^[[0m
sanitizer	Build exact differential fuzzer with ASan and UBSan	2026-08-23T19:56:33.9288667Z ^[[36;1m      -DCMAKE_BUILD_TYPE=RelWithDebInfo \^[[0m
sanitizer	Build exact differential fuzzer with ASan and UBSan	2026-08-23T19:56:33.9288913Z ^[[36;1m      -DCMAKE_TOOLCHAIN_FILE=category/core/toolchains/gcc-avx2.cmake \^[[0m
sanitizer	Build exact differential fuzzer with ASan and UBSan	2026-08-23T19:56:33.9289375Z ^[[36;1m      -DMONAD_COMPILER_TESTING=On \^[[0m
sanitizer	Build exact differential fuzzer with ASan and UBSan	2026-08-23T19:56:33.9289569Z ^[[36;1m      -DCMAKE_C_FLAGS="$SAN" \^[[0m
sanitizer	Build exact differential fuzzer with ASan and UBSan	2026-08-23T19:56:33.9289736Z ^[[36;1m      -DCMAKE_CXX_FLAGS="$SAN" \^[[0m
sanitizer	Build exact differential fuzzer with ASan and UBSan	2026-08-23T19:56:33.9289950Z ^[[36;1m      -DCMAKE_EXE_LINKER_FLAGS="-fsanitize=address,undefined" \^[[0m
sanitizer	Build exact differential fuzzer with ASan and UBSan	2026-08-23T19:56:33.9290215Z ^[[36;1m      -DCMAKE_SHARED_LINKER_FLAGS="-fsanitize=address,undefined"^[[0m
sanitizer	Build exact differential fuzzer with ASan and UBSan	2026-08-23T19:56:33.9290531Z ^[[36;1m    cmake --build build-sanitize -t monad-compiler-fuzzer --parallel "$(nproc)"^[[0m
sanitizer	Build exact differential fuzzer with ASan and UBSan	2026-08-23T19:56:33.9290843Z ^[[36;1m    cp build-sanitize/test/vm/fuzzer/monad-compiler-fuzzer /out/bin/^[[0m
sanitizer	Build exact differential fuzzer with ASan and UBSan	2026-08-23T19:56:33.9291141Z ^[[36;1m    sha256sum /out/bin/monad-compiler-fuzzer > /out/meta/BINARY_SHA256.txt^[[0m
sanitizer	Build exact differential fuzzer with ASan and UBSan	2026-08-23T19:56:33.9291412Z ^[[36;1m    clang-19 --version > /out/meta/CLANG_VERSION.txt^[[0m
sanitizer	Build exact differential fuzzer with ASan and UBSan	2026-08-23T19:56:33.9291635Z ^[[36;1m    clang++-19 --version > /out/meta/CLANGXX_VERSION.txt^[[0m
sanitizer	Build exact differential fuzzer with ASan and UBSan	2026-08-23T19:56:33.9291867Z ^[[36;1m    cmake --version > /out/meta/CMAKE_VERSION.txt^[[0m
sanitizer	Build exact differential fuzzer with ASan and UBSan	2026-08-23T19:56:33.9292138Z ^[[36;1m    ninja --version > /out/meta/NINJA_VERSION.txt^[[0m
sanitizer	Build exact differential fuzzer with ASan and UBSan	2026-08-23T19:56:33.9292423Z ^[[36;1m    ldd /out/bin/monad-compiler-fuzzer > /out/meta/BINARY_LDD.txt^[[0m
sanitizer	Build exact differential fuzzer with ASan and UBSan	2026-08-23T19:56:33.9292685Z ^[[36;1m  '^[[0m
sanitizer	Build exact differential fuzzer with ASan and UBSan	2026-08-23T19:56:33.9323761Z shell: /usr/bin/bash --noprofile --norc -e -o pipefail {0}
sanitizer	Build exact differential fuzzer with ASan and UBSan	2026-08-23T19:56:33.9323941Z ##[endgroup]
sanitizer	Build exact differential fuzzer with ASan and UBSan	2026-08-23T19:56:34.2671345Z -- The C compiler identification is Clang 19.1.7
sanitizer	Build exact differential fuzzer with ASan and UBSan	2026-08-23T19:56:34.4556084Z -- The CXX compiler identification is Clang 19.1.7
sanitizer	Build exact differential fuzzer with ASan and UBSan	2026-08-23T19:56:34.4602827Z -- Detecting C compiler ABI info
sanitizer	Build exact differential fuzzer with ASan and UBSan	2026-08-23T19:56:34.5865691Z -- Detecting C compiler ABI info - done
sanitizer	Build exact differential fuzzer with ASan and UBSan	2026-08-23T19:56:34.6093778Z -- Check for working C compiler: /usr/bin/clang-19 - skipped
sanitizer	Build exact differential fuzzer with ASan and UBSan	2026-08-23T19:56:34.6095034Z -- Detecting C compile features
sanitizer	Build exact differential fuzzer with ASan and UBSan	2026-08-23T19:56:34.6098401Z -- Detecting C compile features - done
sanitizer	Build exact differential fuzzer with ASan and UBSan	2026-08-23T19:56:34.6208394Z -- Detecting CXX compiler ABI info
sanitizer	Build exact differential fuzzer with ASan and UBSan	2026-08-23T19:56:34.7714318Z -- Detecting CXX compiler ABI info - done
sanitizer	Build exact differential fuzzer with ASan and UBSan	2026-08-23T19:56:34.7957006Z -- Check for working CXX compiler: /usr/bin/clang++-19 - skipped
sanitizer	Build exact differential fuzzer with ASan and UBSan	2026-08-23T19:56:34.7958719Z -- Detecting CXX compile features
sanitizer	Build exact differential fuzzer with ASan and UBSan	2026-08-23T19:56:34.7967234Z -- Detecting CXX compile features - done
sanitizer	Build exact differential fuzzer with ASan and UBSan	2026-08-23T19:56:34.9305471Z -- Found GTest: /usr/lib/x86_64-linux-gnu/cmake/GTest/GTestConfig.cmake (found version "1.17.0")
sanitizer	Build exact differential fuzzer with ASan and UBSan	2026-08-23T19:56:34.9335607Z -- Found PkgConfig: /usr/bin/pkg-config (found version "2.5.1")
sanitizer	Build exact differential fuzzer with ASan and UBSan	2026-08-23T19:56:34.9338717Z -- Checking for module 'gmock'
sanitizer	Build exact differential fuzzer with ASan and UBSan	2026-08-23T19:56:34.9414402Z --   Found gmock, version 1.17.0
sanitizer	Build exact differential fuzzer with ASan and UBSan	2026-08-23T19:56:34.9714767Z -- Checking for modules 'libbrotlienc;libbrotlidec'
sanitizer	Build exact differential fuzzer with ASan and UBSan	2026-08-23T19:56:34.9802408Z --   Found libbrotlienc, version 1.2.0
sanitizer	Build exact differential fuzzer with ASan and UBSan	2026-08-23T19:56:34.9861611Z --   Found libbrotlidec, version 1.2.0
sanitizer	Build exact differential fuzzer with ASan and UBSan	2026-08-23T19:56:35.0067947Z -- Checking for module 'libcrypto++'
sanitizer	Build exact differential fuzzer with ASan and UBSan	2026-08-23T19:56:35.0141519Z --   Found libcrypto++, version 8.9
sanitizer	Build exact differential fuzzer with ASan and UBSan	2026-08-23T19:56:35.0333269Z -- Checking for module 'libzstd'
sanitizer	Build exact differential fuzzer with ASan and UBSan	2026-08-23T19:56:35.0406032Z --   Found libzstd, version 1.5.7
sanitizer	Build exact differential fuzzer with ASan and UBSan	2026-08-23T19:56:35.0630188Z -- Performing Test __CxxFlag__fno_threadsafe_statics
sanitizer	Build exact differential fuzzer with ASan and UBSan	2026-08-23T19:56:35.2035724Z -- Performing Test __CxxFlag__fno_threadsafe_statics - Success
sanitizer	Build exact differential fuzzer with ASan and UBSan	2026-08-23T19:56:35.2038644Z -- Performing Test __CxxFlag__fno_semantic_interposition
sanitizer	Build exact differential fuzzer with ASan and UBSan	2026-08-23T19:56:35.3445751Z -- Performing Test __CxxFlag__fno_semantic_interposition - Success
sanitizer	Build exact differential fuzzer with ASan and UBSan	2026-08-23T19:56:35.3449901Z -- Performing Test __CxxFlag__fmerge_all_constants
sanitizer	Build exact differential fuzzer with ASan and UBSan	2026-08-23T19:56:35.4842809Z -- Performing Test __CxxFlag__fmerge_all_constants - Success
sanitizer	Build exact differential fuzzer with ASan and UBSan	2026-08-23T19:56:35.4846432Z -- Performing Test __CxxFlag__fno_enforce_eh_specs
sanitizer	Build exact differential fuzzer with ASan and UBSan	2026-08-23T19:56:35.5145610Z -- Performing Test __CxxFlag__fno_enforce_eh_specs - Failed
sanitizer	Build exact differential fuzzer with ASan and UBSan	2026-08-23T19:56:35.5147141Z -- Performing Test ASMJIT_LIBC_HAS_LIBPTHREAD
sanitizer	Build exact differential fuzzer with ASan and UBSan	2026-08-23T19:56:35.5147591Z -- Dependency: adding libc (Linux, BSD, or other UNIX/POSIX environment)
sanitizer	Build exact differential fuzzer with ASan and UBSan	2026-08-23T19:56:35.6609354Z -- Dependency: libpthread provided by libc (not linking to libpthread)
sanitizer	Build exact differential fuzzer with ASan and UBSan	2026-08-23T19:56:35.6609891Z -- Performing Test ASMJIT_LIBC_HAS_LIBPTHREAD - Success
sanitizer	Build exact differential fuzzer with ASan and UBSan	2026-08-23T19:56:35.6610163Z -- Performing Test ASMJIT_LIBC_HAS_LIBRT
sanitizer	Build exact differential fuzzer with ASan and UBSan	2026-08-23T19:56:35.8070363Z -- Dependency: shm_open provided by libc (not linking to librt)
sanitizer	Build exact differential fuzzer with ASan and UBSan	2026-08-23T19:56:35.8070901Z -- Performing Test ASMJIT_LIBC_HAS_LIBRT - Success
sanitizer	Build exact differential fuzzer with ASan and UBSan	2026-08-23T19:56:35.8083265Z ** AsmJit Summary **
sanitizer	Build exact differential fuzzer with ASan and UBSan	2026-08-23T19:56:35.8083507Z    ASMJIT_DIR=/src/third_party/asmjit
sanitizer	Build exact differential fuzzer with ASan and UBSan	2026-08-23T19:56:35.8083676Z    ASMJIT_TEST=FALSE
sanitizer	Build exact differential fuzzer with ASan and UBSan	2026-08-23T19:56:35.8083806Z    ASMJIT_TARGET_TYPE=STATIC
sanitizer	Build exact differential fuzzer with ASan and UBSan	2026-08-23T19:56:35.8083943Z    ASMJIT_DEPS=c
sanitizer	Build exact differential fuzzer with ASan and UBSan	2026-08-23T19:56:35.8084067Z    ASMJIT_LIBS=asmjit;c
sanitizer	Build exact differential fuzzer with ASan and UBSan	2026-08-23T19:56:35.8084241Z    ASMJIT_CFLAGS=-DASMJIT_STATIC
sanitizer	Build exact differential fuzzer with ASan and UBSan	2026-08-23T19:56:35.8084627Z    ASMJIT_PRIVATE_CFLAGS=-Wall;-Wextra;-Wconversion;-fno-math-errno;-fno-threadsafe-statics;-fno-semantic-interposition;-DASMJIT_STATIC
sanitizer	Build exact differential fuzzer with ASan and UBSan	2026-08-23T19:56:35.8084979Z    ASMJIT_PRIVATE_CFLAGS_DBG=
sanitizer	Build exact differential fuzzer with ASan and UBSan	2026-08-23T19:56:35.8085146Z    ASMJIT_PRIVATE_CFLAGS_REL=-O2;-fmerge-all-constants
sanitizer	Build exact differential fuzzer with ASan and UBSan	2026-08-23T19:56:35.8108846Z CMake Deprecation Warning at third_party/BLAKE3/c/CMakeLists.txt:1 (cmake_minimum_required):
sanitizer	Build exact differential fuzzer with ASan and UBSan	2026-08-23T19:56:35.8109341Z   Compatibility with CMake < 3.10 will be removed from a future version of
sanitizer	Build exact differential fuzzer with ASan and UBSan	2026-08-23T19:56:35.8109547Z   CMake.
sanitizer	Build exact differential fuzzer with ASan and UBSan	2026-08-23T19:56:35.8109615Z 
sanitizer	Build exact differential fuzzer with ASan and UBSan	2026-08-23T19:56:35.8109733Z   Update the VERSION argument <min> value.  Or, use the <min>...<max> syntax
sanitizer	Build exact differential fuzzer with ASan and UBSan	2026-08-23T19:56:35.8110023Z   to tell CMake that the project requires at least <min> but has been updated
sanitizer	Build exact differential fuzzer with ASan and UBSan	2026-08-23T19:56:35.8110275Z   to work with policies introduced by <max> or earlier.
sanitizer	Build exact differential fuzzer with ASan and UBSan	2026-08-23T19:56:35.8110407Z 
sanitizer	Build exact differential fuzzer with ASan and UBSan	2026-08-23T19:56:35.8110410Z 
sanitizer	Build exact differential fuzzer with ASan and UBSan	2026-08-23T19:56:35.8687899Z -- The ASM compiler identification is Clang with GNU-like command-line
sanitizer	Build exact differential fuzzer with ASan and UBSan	2026-08-23T19:56:35.8709328Z -- Found assembler: /usr/bin/clang-19
sanitizer	Build exact differential fuzzer with ASan and UBSan	2026-08-23T19:56:35.8740031Z -- BLAKE3 SIMD configuration: x86_64
sanitizer	Build exact differential fuzzer with ASan and UBSan	2026-08-23T19:56:35.8752861Z -- 
sanitizer	Build exact differential fuzzer with ASan and UBSan	2026-08-23T19:56:35.8753137Z  * AMD64 assembly, The library uses hand written amd64 SIMD assembly.
sanitizer	Build exact differential fuzzer with ASan and UBSan	2026-08-23T19:56:35.8753456Z 
sanitizer	Build exact differential fuzzer with ASan and UBSan	2026-08-23T19:56:35.8787823Z CMake Deprecation Warning at third_party/concurrentqueue/CMakeLists.txt:1 (cmake_minimum_required):
sanitizer	Build exact differential fuzzer with ASan and UBSan	2026-08-23T19:56:35.8788386Z   Compatibility with CMake < 3.10 will be removed from a future version of
sanitizer	Build exact differential fuzzer with ASan and UBSan	2026-08-23T19:56:35.8795513Z   CMake.
sanitizer	Build exact differential fuzzer with ASan and UBSan	2026-08-23T19:56:35.8795617Z 
sanitizer	Build exact differential fuzzer with ASan and UBSan	2026-08-23T19:56:35.8795763Z   Update the VERSION argument <min> value.  Or, use the <min>...<max> syntax
sanitizer	Build exact differential fuzzer with ASan and UBSan	2026-08-23T19:56:35.8796051Z   to tell CMake that the project requires at least <min> but has been updated
sanitizer	Build exact differential fuzzer with ASan and UBSan	2026-08-23T19:56:35.8796302Z   to work with policies introduced by <max> or earlier.
sanitizer	Build exact differential fuzzer with ASan and UBSan	2026-08-23T19:56:35.8796440Z 
sanitizer	Build exact differential fuzzer with ASan and UBSan	2026-08-23T19:56:35.8796443Z 
sanitizer	Build exact differential fuzzer with ASan and UBSan	2026-08-23T19:56:35.9006427Z CMake Deprecation Warning at third_party/immer/CMakeLists.txt:2 (cmake_minimum_required):
sanitizer	Build exact differential fuzzer with ASan and UBSan	2026-08-23T19:56:35.9006952Z   Compatibility with CMake < 3.10 will be removed from a future version of
sanitizer	Build exact differential fuzzer with ASan and UBSan	2026-08-23T19:56:35.9007182Z   CMake.
sanitizer	Build exact differential fuzzer with ASan and UBSan	2026-08-23T19:56:35.9007246Z 
sanitizer	Build exact differential fuzzer with ASan and UBSan	2026-08-23T19:56:35.9007550Z   Update the VERSION argument <min> value.  Or, use the <min>...<max> syntax
sanitizer	Build exact differential fuzzer with ASan and UBSan	2026-08-23T19:56:35.9007822Z   to tell CMake that the project requires at least <min> but has been updated
sanitizer	Build exact differential fuzzer with ASan and UBSan	2026-08-23T19:56:35.9008071Z   to work with policies introduced by <max> or earlier.
sanitizer	Build exact differential fuzzer with ASan and UBSan	2026-08-23T19:56:35.9008216Z 
sanitizer	Build exact differential fuzzer with ASan and UBSan	2026-08-23T19:56:35.9008218Z 
sanitizer	Build exact differential fuzzer with ASan and UBSan	2026-08-23T19:56:35.9028112Z -- Found Threads: TRUE
sanitizer	Build exact differential fuzzer with ASan and UBSan	2026-08-23T19:56:35.9112926Z -- Found GC library: BOEHM_GC_LIBRARIES-NOTFOUND
sanitizer	Build exact differential fuzzer with ASan and UBSan	2026-08-23T19:56:35.9118481Z CMake Warning (dev) at /usr/share/cmake-4.2/Modules/FindPackageHandleStandardArgs.cmake:493 (message):
sanitizer	Build exact differential fuzzer with ASan and UBSan	2026-08-23T19:56:35.9119400Z -- Could NOT find Boehm_GC (missing: BOEHM_GC_LIBRARIES BOEHM_GC_INCLUDE_DIR) 
sanitizer	Build exact differential fuzzer with ASan and UBSan	2026-08-23T19:56:35.9120023Z   The package name passed to find_package_handle_standard_args() (Boehm_GC)
sanitizer	Build exact differential fuzzer with ASan and UBSan	2026-08-23T19:56:35.9120759Z   does not match the name of the calling package (BoehmGC).  This can lead to
sanitizer	Build exact differential fuzzer with ASan and UBSan	2026-08-23T19:56:35.9121202Z   problems in calling code that expects find_package() result variables
sanitizer	Build exact differential fuzzer with ASan and UBSan	2026-08-23T19:56:35.9121574Z   (e.g., `_FOUND`) to follow a certain pattern.
sanitizer	Build exact differential fuzzer with ASan and UBSan	2026-08-23T19:56:35.9121777Z Call Stack (most recent call first):
sanitizer	Build exact differential fuzzer with ASan and UBSan	2026-08-23T19:56:35.9122038Z   third_party/immer/cmake/FindBoehmGC.cmake:105 (FIND_PACKAGE_HANDLE_STANDARD_ARGS)
sanitizer	Build exact differential fuzzer with ASan and UBSan	2026-08-23T19:56:35.9122327Z   third_party/immer/CMakeLists.txt:73 (find_package)
sanitizer	Build exact differential fuzzer with ASan and UBSan	2026-08-23T19:56:35.9122586Z This warning is for project developers.  Use -Wno-dev to suppress it.
sanitizer	Build exact differential fuzzer with ASan and UBSan	2026-08-23T19:56:35.9122759Z 
sanitizer	Build exact differential fuzzer with ASan and UBSan	2026-08-23T19:56:35.9122883Z CMake Warning (dev) at third_party/immer/CMakeLists.txt:74 (find_package):
sanitizer	Build exact differential fuzzer with ASan and UBSan	2026-08-23T19:56:35.9123174Z   Policy CMP0167 is not set: The FindBoost module is removed.  Run "cmake
sanitizer	Build exact differential fuzzer with ASan and UBSan	2026-08-23T19:56:35.9123483Z   --help-policy CMP0167" for policy details.  Use the cmake_policy command to
sanitizer	Build exact differential fuzzer with ASan and UBSan	2026-08-23T19:56:35.9123740Z   set the policy and suppress this warning.
sanitizer	Build exact differential fuzzer with ASan and UBSan	2026-08-23T19:56:35.9123863Z 
sanitizer	Build exact differential fuzzer with ASan and UBSan	2026-08-23T19:56:35.9123979Z This warning is for project developers.  Use -Wno-dev to suppress it.
sanitizer	Build exact differential fuzzer with ASan and UBSan	2026-08-23T19:56:35.9124147Z 
sanitizer	Build exact differential fuzzer with ASan and UBSan	2026-08-23T19:56:35.9143510Z -- Found Boost: /usr/lib/x86_64-linux-gnu/cmake/Boost-1.83.0/BoostConfig.cmake (found suitable version "1.83.0", minimum required is "1.56")
sanitizer	Build exact differential fuzzer with ASan and UBSan	2026-08-23T19:56:35.9150292Z -- Could not find ccache
sanitizer	Build exact differential fuzzer with ASan and UBSan	2026-08-23T19:56:35.9288589Z -- [cable ] Cable 0.5.0 initialized
sanitizer	Build exact differential fuzzer with ASan and UBSan	2026-08-23T19:56:35.9305233Z -- x86_64 micro-architecture level: 2
sanitizer	Build exact differential fuzzer with ASan and UBSan	2026-08-23T19:56:35.9444887Z -- Found Git: /usr/bin/git (found version "2.53.0")
sanitizer	Build exact differential fuzzer with ASan and UBSan	2026-08-23T19:56:35.9537352Z CMake Deprecation Warning at third_party/nanobench/CMakeLists.txt:1 (cmake_minimum_required):
sanitizer	Build exact differential fuzzer with ASan and UBSan	2026-08-23T19:56:35.9537919Z   Compatibility with CMake < 3.10 will be removed from a future version of
sanitizer	Build exact differential fuzzer with ASan and UBSan	2026-08-23T19:56:35.9538265Z   CMake.
sanitizer	Build exact differential fuzzer with ASan and UBSan	2026-08-23T19:56:35.9538369Z 
sanitizer	Build exact differential fuzzer with ASan and UBSan	2026-08-23T19:56:35.9538555Z   Update the VERSION argument <min> value.  Or, use the <min>...<max> syntax
sanitizer	Build exact differential fuzzer with ASan and UBSan	2026-08-23T19:56:35.9539161Z   to tell CMake that the project requires at least <min> but has been updated
sanitizer	Build exact differential fuzzer with ASan and UBSan	2026-08-23T19:56:35.9539540Z   to work with policies introduced by <max> or earlier.
sanitizer	Build exact differential fuzzer with ASan and UBSan	2026-08-23T19:56:35.9539782Z 
sanitizer	Build exact differential fuzzer with ASan and UBSan	2026-08-23T19:56:35.9539786Z 
sanitizer	Build exact differential fuzzer with ASan and UBSan	2026-08-23T19:56:35.9581879Z -- Using the multi-header code from /src/third_party/nlohmann_json/include/
sanitizer	Build exact differential fuzzer with ASan and UBSan	2026-08-23T19:56:35.9608201Z -- QUILL_NO_EXCEPTIONS: OFF
sanitizer	Build exact differential fuzzer with ASan and UBSan	2026-08-23T19:56:35.9608490Z -- QUILL_NO_THREAD_NAME_SUPPORT: OFF
sanitizer	Build exact differential fuzzer with ASan and UBSan	2026-08-23T19:56:35.9608920Z -- QUILL_USE_SEQUENTIAL_THREAD_ID: OFF
sanitizer	Build exact differential fuzzer with ASan and UBSan	2026-08-23T19:56:35.9609239Z -- QUILL_X86ARCH: OFF
sanitizer	Build exact differential fuzzer with ASan and UBSan	2026-08-23T19:56:35.9609382Z -- QUILL_DISABLE_NON_PREFIXED_MACROS: OFF
sanitizer	Build exact differential fuzzer with ASan and UBSan	2026-08-23T19:56:35.9609543Z -- QUILL_DISABLE_FUNCTION_NAME: OFF
sanitizer	Build exact differential fuzzer with ASan and UBSan	2026-08-23T19:56:35.9609702Z -- QUILL_DETAILED_FUNCTION_NAME: OFF
sanitizer	Build exact differential fuzzer with ASan and UBSan	2026-08-23T19:56:35.9609869Z -- QUILL_DISABLE_FILE_INFO: OFF
sanitizer	Build exact differential fuzzer with ASan and UBSan	2026-08-23T19:56:35.9610160Z -- QUILL_ENABLE_ASSERTIONS: OFF
sanitizer	Build exact differential fuzzer with ASan and UBSan	2026-08-23T19:56:35.9610353Z -- QUILL_ENABLE_INSTALL: OFF
sanitizer	Build exact differential fuzzer with ASan and UBSan	2026-08-23T19:56:35.9610534Z -- QUILL_BUILD_MODULE: OFF
sanitizer	Build exact differential fuzzer with ASan and UBSan	2026-08-23T19:56:35.9623991Z -- GMP: /usr/lib/x86_64-linux-gnu/libgmp.so, /usr/include/x86_64-linux-gnu
sanitizer	Build exact differential fuzzer with ASan and UBSan	2026-08-23T19:56:35.9629438Z CMake Deprecation Warning at third_party/silkpre/third_party/libff/CMakeLists.txt:1 (cmake_minimum_required):
sanitizer	Build exact differential fuzzer with ASan and UBSan	2026-08-23T19:56:35.9630467Z   Compatibility with CMake < 3.10 will be removed from a future version of
sanitizer	Build exact differential fuzzer with ASan and UBSan	2026-08-23T19:56:35.9631340Z   CMake.
sanitizer	Build exact differential fuzzer with ASan and UBSan	2026-08-23T19:56:35.9631430Z 
sanitizer	Build exact differential fuzzer with ASan and UBSan	2026-08-23T19:56:35.9631585Z   Update the VERSION argument <min> value.  Or, use the <min>...<max> syntax
sanitizer	Build exact differential fuzzer with ASan and UBSan	2026-08-23T19:56:35.9631966Z   to tell CMake that the project requires at least <min> but has been updated
sanitizer	Build exact differential fuzzer with ASan and UBSan	2026-08-23T19:56:35.9632211Z   to work with policies introduced by <max> or earlier.
sanitizer	Build exact differential fuzzer with ASan and UBSan	2026-08-23T19:56:35.9632337Z 
sanitizer	Build exact differential fuzzer with ASan and UBSan	2026-08-23T19:56:35.9632340Z 
sanitizer	Build exact differential fuzzer with ASan and UBSan	2026-08-23T19:56:35.9632453Z -- GMP: /usr/lib/x86_64-linux-gnu/libgmp.so, /usr/include/x86_64-linux-gnu
sanitizer	Build exact differential fuzzer with ASan and UBSan	2026-08-23T19:56:35.9698064Z fatal: detected dubious ownership in repository at '/src'
sanitizer	Build exact differential fuzzer with ASan and UBSan	2026-08-23T19:56:35.9698400Z To add an exception for this directory, call:
sanitizer	Build exact differential fuzzer with ASan and UBSan	2026-08-23T19:56:35.9698572Z 
sanitizer	Build exact differential fuzzer with ASan and UBSan	2026-08-23T19:56:35.9698678Z 	git config --global --add safe.directory /src
sanitizer	Build exact differential fuzzer with ASan and UBSan	2026-08-23T19:56:35.9726062Z -- Checking for module 'libcap'
sanitizer	Build exact differential fuzzer with ASan and UBSan	2026-08-23T19:56:35.9813321Z --   Found libcap, version 2.75
sanitizer	Build exact differential fuzzer with ASan and UBSan	2026-08-23T19:56:36.0110477Z -- Performing Test BOOST_FIBER_LINKS_WITHOUT_ADDITIONAL_MACROS
sanitizer	Build exact differential fuzzer with ASan and UBSan	2026-08-23T19:56:36.4090179Z -- Performing Test BOOST_FIBER_LINKS_WITHOUT_ADDITIONAL_MACROS - Success
sanitizer	Build exact differential fuzzer with ASan and UBSan	2026-08-23T19:56:36.4209950Z -- Checking for module 'libarchive'
sanitizer	Build exact differential fuzzer with ASan and UBSan	2026-08-23T19:56:36.4305033Z --   Found libarchive, version 3.8.5
sanitizer	Build exact differential fuzzer with ASan and UBSan	2026-08-23T19:56:36.5151761Z -- Configuring done (2.4s)
sanitizer	Build exact differential fuzzer with ASan and UBSan	2026-08-23T19:56:37.0145386Z -- Generating done (0.5s)
sanitizer	Build exact differential fuzzer with ASan and UBSan	2026-08-23T19:56:37.0151764Z -- Build files have been written to: /src/build-sanitize
sanitizer	Build exact differential fuzzer with ASan and UBSan	2026-08-23T19:56:37.0705525Z [0/2] Re-checking globbed directories...
sanitizer	Build exact differential fuzzer with ASan and UBSan	2026-08-23T19:56:37.1245949Z [1/382] Scanning /src/third_party/evmone/lib/evmone_precompiles/blake2b.cpp for CXX dependencies
sanitizer	Build exact differential fuzzer with ASan and UBSan	2026-08-23T19:56:37.1402760Z [2/382] Scanning /src/third_party/evmone/lib/evmone_precompiles/pairing/bn254/pairing.cpp for CXX dependencies
sanitizer	Build exact differential fuzzer with ASan and UBSan	2026-08-23T19:56:37.1411103Z [3/382] Scanning /src/third_party/evmone/lib/evmone_precompiles/bn254.cpp for CXX dependencies
sanitizer	Build exact differential fuzzer with ASan and UBSan	2026-08-23T19:56:37.1508814Z [4/382] Scanning /src/third_party/evmone/lib/evmone_precompiles/bls.cpp for CXX dependencies
sanitizer	Build exact differential fuzzer with ASan and UBSan	2026-08-23T19:56:37.1767223Z [5/382] Scanning /src/third_party/evmone/lib/evmone_precompiles/modexp.cpp for CXX dependencies
sanitizer	Build exact differential fuzzer with ASan and UBSan	2026-08-23T19:56:37.1803254Z [6/382] Scanning /src/third_party/evmone/lib/evmone_precompiles/ripemd160.cpp for CXX dependencies
sanitizer	Build exact differential fuzzer with ASan and UBSan	2026-08-23T19:56:37.2013284Z [7/382] Scanning /src/third_party/evmone/lib/evmone_precompiles/secp256r1.cpp for CXX dependencies
sanitizer	Build exact differential fuzzer with ASan and UBSan	2026-08-23T19:56:37.2036354Z [8/382] Scanning /src/third_party/evmone/lib/evmone_precompiles/secp256k1.cpp for CXX dependencies
sanitizer	Build exact differential fuzzer with ASan and UBSan	2026-08-23T19:56:37.2297199Z [9/382] Scanning /src/third_party/evmone/lib/evmone_precompiles/kzg.cpp for CXX dependencies
sanitizer	Build exact differential fuzzer with ASan and UBSan	2026-08-23T19:56:37.2329181Z [10/382] Scanning /src/third_party/evmone/lib/evmone_precompiles/sha256.cpp for CXX dependencies
sanitizer	Build exact differential fuzzer with ASan and UBSan	2026-08-23T19:56:37.2433014Z [11/382] Generating CXX dyndep file third_party/evmone/lib/evmone_precompiles/CMakeFiles/evmone_precompiles.dir/CXX.dd
sanitizer	Build exact differential fuzzer with ASan and UBSan	2026-08-23T19:56:37.2884862Z [12/382] Building ASM object CMakeFiles/blst.dir/third_party/blst/build/assembly.S.o
sanitizer	Build exact differential fuzzer with ASan and UBSan	2026-08-23T19:56:37.3142971Z [13/382] Scanning /src/third_party/evmone/lib/evmone/advanced_analysis.cpp for CXX dependencies
sanitizer	Build exact differential fuzzer with ASan and UBSan	2026-08-23T19:56:37.3590003Z [14/382] Scanning /src/third_party/evmone/lib/evmone/advanced_execution.cpp for CXX dependencies
sanitizer	Build exact differential fuzzer with ASan and UBSan	2026-08-23T19:56:37.3837069Z [15/382] Scanning /src/third_party/evmone/lib/evmone/advanced_instructions.cpp for CXX dependencies
sanitizer	Build exact differential fuzzer with ASan and UBSan	2026-08-23T19:56:37.4286840Z [16/382] Scanning /src/third_party/evmone/lib/evmone/baseline_analysis.cpp for CXX dependencies
sanitizer	Build exact differential fuzzer with ASan and UBSan	2026-08-23T19:56:37.4570139Z [17/382] Scanning /src/third_party/evmone/lib/evmone/baseline_execution.cpp for CXX dependencies
sanitizer	Build exact differential fuzzer with ASan and UBSan	2026-08-23T19:56:37.4673856Z [18/382] Scanning /src/third_party/evmone/lib/evmone/baseline_instruction_table.cpp for CXX dependencies
sanitizer	Build exact differential fuzzer with ASan and UBSan	2026-08-23T19:56:37.4929611Z [19/382] Scanning /src/third_party/evmone/lib/evmone/instruction_stats.cpp for CXX dependencies
sanitizer	Build exact differential fuzzer with ASan and UBSan	2026-08-23T19:56:37.5204862Z [20/382] Scanning /src/third_party/evmone/lib/evmone/delegation.cpp for CXX dependencies
sanitizer	Build exact differential fuzzer with ASan and UBSan	2026-08-23T19:56:37.5605078Z [21/382] Scanning /src/third_party/evmone/lib/evmone/instructions_calls.cpp for CXX dependencies
sanitizer	Build exact differential fuzzer with ASan and UBSan	2026-08-23T19:56:37.5905897Z [22/382] Scanning /src/third_party/evmone/lib/evmone/instructions_storage.cpp for CXX dependencies
sanitizer	Build exact differential fuzzer with ASan and UBSan	2026-08-23T19:56:37.6103017Z [23/382] Building C object third_party/ethash/lib/keccak/CMakeFiles/keccak.dir/keccak.c.o
sanitizer	Build exact differential fuzzer with ASan and UBSan	2026-08-23T19:56:37.6297309Z [24/382] Scanning /src/third_party/evmone/lib/evmone/tracing.cpp for CXX dependencies
sanitizer	Build exact differential fuzzer with ASan and UBSan	2026-08-23T19:56:37.6400219Z [25/382] Scanning /src/third_party/evmone/lib/evmone/cpu_check.cpp for CXX dependencies
sanitizer	Build exact differential fuzzer with ASan and UBSan	2026-08-23T19:56:37.6568686Z [26/382] Scanning /src/third_party/evmone/lib/evmone/vm.cpp for CXX dependencies
sanitizer	Build exact differential fuzzer with ASan and UBSan	2026-08-23T19:56:38.7379398Z [27/382] Building CXX object third_party/silkpre/third_party/libff/libff/CMakeFiles/ff.dir/algebra/curves/alt_bn128/alt_bn128_g2.cpp.o
sanitizer	Build exact differential fuzzer with ASan and UBSan	2026-08-23T19:56:38.8049867Z [28/382] Building CXX object third_party/silkpre/third_party/libff/libff/CMakeFiles/ff.dir/algebra/curves/alt_bn128/alt_bn128_g1.cpp.o
sanitizer	Build exact differential fuzzer with ASan and UBSan	2026-08-23T19:56:39.7429932Z [29/382] Building CXX object third_party/silkpre/third_party/libff/libff/CMakeFiles/ff.dir/algebra/curves/alt_bn128/alt_bn128_init.cpp.o
sanitizer	Build exact differential fuzzer with ASan and UBSan	2026-08-23T19:56:40.2126164Z [30/382] Building CXX object third_party/silkpre/third_party/libff/libff/CMakeFiles/ff.dir/algebra/curves/alt_bn128/alt_bn128_pp.cpp.o
sanitizer	Build exact differential fuzzer with ASan and UBSan	2026-08-23T19:56:40.2147827Z [31/382] Building C object third_party/silkpre/CMakeFiles/secp256k1.dir/third_party/secp256k1/src/secp256k1.c.o
sanitizer	Build exact differential fuzzer with ASan and UBSan	2026-08-23T19:56:40.3963891Z [32/382] Building CXX object third_party/silkpre/third_party/libff/libff/CMakeFiles/ff.dir/algebra/curves/alt_bn128/alt_bn128_pairing.cpp.o
sanitizer	Build exact differential fuzzer with ASan and UBSan	2026-08-23T19:56:41.3038612Z [33/382] Building CXX object third_party/silkpre/third_party/libff/libff/CMakeFiles/ff.dir/algebra/curves/edwards/edwards_init.cpp.o
sanitizer	Build exact differential fuzzer with ASan and UBSan	2026-08-23T19:56:41.3249459Z [34/382] Building C object CMakeFiles/blst.dir/third_party/blst/src/server.c.o
sanitizer	Build exact differential fuzzer with ASan and UBSan	2026-08-23T19:56:41.4098484Z [35/382] Building CXX object third_party/silkpre/third_party/libff/libff/CMakeFiles/ff.dir/algebra/curves/edwards/edwards_g2.cpp.o
sanitizer	Build exact differential fuzzer with ASan and UBSan	2026-08-23T19:56:41.4182126Z [36/382] Building CXX object third_party/silkpre/third_party/libff/libff/CMakeFiles/ff.dir/algebra/curves/edwards/edwards_g1.cpp.o
sanitizer	Build exact differential fuzzer with ASan and UBSan	2026-08-23T19:56:41.8092232Z [37/382] Building CXX object third_party/silkpre/third_party/libff/libff/CMakeFiles/ff.dir/algebra/curves/edwards/edwards_pp.cpp.o
sanitizer	Build exact differential fuzzer with ASan and UBSan	2026-08-23T19:56:42.6164342Z [38/382] Building CXX object third_party/silkpre/third_party/libff/libff/CMakeFiles/ff.dir/algebra/curves/mnt/mnt4/mnt4_g2.cpp.o
sanitizer	Build exact differential fuzzer with ASan and UBSan	2026-08-23T19:56:42.6450864Z [39/382] Building CXX object third_party/silkpre/third_party/libff/libff/CMakeFiles/ff.dir/algebra/curves/mnt/mnt4/mnt4_g1.cpp.o
sanitizer	Build exact differential fuzzer with ASan and UBSan	2026-08-23T19:56:42.6795499Z [40/382] Building CXX object third_party/silkpre/third_party/libff/libff/CMakeFiles/ff.dir/algebra/curves/mnt/mnt4/mnt4_init.cpp.o
sanitizer	Build exact differential fuzzer with ASan and UBSan	2026-08-23T19:56:43.1276820Z [41/382] Building CXX object third_party/silkpre/third_party/libff/libff/CMakeFiles/ff.dir/algebra/curves/mnt/mnt46_common.cpp.o
sanitizer	Build exact differential fuzzer with ASan and UBSan	2026-08-23T19:56:43.2009217Z [42/382] Building CXX object third_party/silkpre/third_party/libff/libff/CMakeFiles/ff.dir/algebra/curves/edwards/edwards_pairing.cpp.o
sanitizer	Build exact differential fuzzer with ASan and UBSan	2026-08-23T19:56:43.2258787Z [43/382] Building CXX object third_party/silkpre/third_party/libff/libff/CMakeFiles/ff.dir/algebra/curves/mnt/mnt4/mnt4_pp.cpp.o
sanitizer	Build exact differential fuzzer with ASan and UBSan	2026-08-23T19:56:44.1647822Z [44/382] Building CXX object third_party/silkpre/third_party/libff/libff/CMakeFiles/ff.dir/algebra/curves/mnt/mnt6/mnt6_init.cpp.o
sanitizer	Build exact differential fuzzer with ASan and UBSan	2026-08-23T19:56:44.3613299Z [45/382] Building CXX object third_party/silkpre/third_party/libff/libff/CMakeFiles/ff.dir/algebra/curves/mnt/mnt6/mnt6_g1.cpp.o
sanitizer	Build exact differential fuzzer with ASan and UBSan	2026-08-23T19:56:44.4731069Z [46/382] Building CXX object third_party/silkpre/third_party/libff/libff/CMakeFiles/ff.dir/algebra/curves/mnt/mnt4/mnt4_pairing.cpp.o
sanitizer	Build exact differential fuzzer with ASan and UBSan	2026-08-23T19:56:44.5376172Z [47/382] Building CXX object third_party/silkpre/third_party/libff/libff/CMakeFiles/ff.dir/algebra/curves/mnt/mnt6/mnt6_g2.cpp.o
sanitizer	Build exact differential fuzzer with ASan and UBSan	2026-08-23T19:56:44.9669707Z [48/382] Building CXX object third_party/silkpre/third_party/libff/libff/CMakeFiles/ff.dir/algebra/curves/mnt/mnt6/mnt6_pp.cpp.o
sanitizer	Build exact differential fuzzer with ASan and UBSan	2026-08-23T19:56:44.9761331Z [49/382] Building CXX object third_party/silkpre/third_party/libff/libff/CMakeFiles/ff.dir/common/double.cpp.o
sanitizer	Build exact differential fuzzer with ASan and UBSan	2026-08-23T19:56:45.0128532Z [50/382] Linking C static library libblst.a
sanitizer	Build exact differential fuzzer with ASan and UBSan	2026-08-23T19:56:45.4110732Z [51/382] Building CXX object third_party/asmjit/CMakeFiles/asmjit.dir/src/asmjit/core/archtraits.cpp.o
sanitizer	Build exact differential fuzzer with ASan and UBSan	2026-08-23T19:56:45.5798810Z [52/382] Building CXX object third_party/silkpre/third_party/libff/libff/CMakeFiles/ff.dir/common/utils.cpp.o
sanitizer	Build exact differential fuzzer with ASan and UBSan	2026-08-23T19:56:45.8335028Z [53/382] Building CXX object third_party/silkpre/third_party/libff/libff/CMakeFiles/ff.dir/common/profiling.cpp.o
sanitizer	Build exact differential fuzzer with ASan and UBSan	2026-08-23T19:56:46.1471173Z [54/382] Building CXX object third_party/asmjit/CMakeFiles/asmjit.dir/src/asmjit/core/assembler.cpp.o
sanitizer	Build exact differential fuzzer with ASan and UBSan	2026-08-23T19:56:46.3513856Z [55/382] Building CXX object third_party/silkpre/third_party/libff/libff/CMakeFiles/ff.dir/algebra/curves/mnt/mnt6/mnt6_pairing.cpp.o
sanitizer	Build exact differential fuzzer with ASan and UBSan	2026-08-23T19:56:46.4870762Z [56/382] Building CXX object third_party/asmjit/CMakeFiles/asmjit.dir/src/asmjit/core/codewriter.cpp.o
sanitizer	Build exact differential fuzzer with ASan and UBSan	2026-08-23T19:56:46.7727620Z [57/382] Building CXX object third_party/asmjit/CMakeFiles/asmjit.dir/src/asmjit/core/constpool.cpp.o
sanitizer	Build exact differential fuzzer with ASan and UBSan	2026-08-23T19:56:46.8659568Z [58/382] Building CXX object third_party/asmjit/CMakeFiles/asmjit.dir/src/asmjit/core/codeholder.cpp.o
sanitizer	Build exact differential fuzzer with ASan and UBSan	2026-08-23T19:56:46.8709361Z [59/382] Building CXX object third_party/asmjit/CMakeFiles/asmjit.dir/src/asmjit/core/builder.cpp.o
sanitizer	Build exact differential fuzzer with ASan and UBSan	2026-08-23T19:56:47.1867166Z [60/382] Building CXX object third_party/asmjit/CMakeFiles/asmjit.dir/src/asmjit/core/cpuinfo.cpp.o
sanitizer	Build exact differential fuzzer with ASan and UBSan	2026-08-23T19:56:47.3747772Z [61/382] Building CXX object third_party/asmjit/CMakeFiles/asmjit.dir/src/asmjit/core/emithelper.cpp.o
sanitizer	Build exact differential fuzzer with ASan and UBSan	2026-08-23T19:56:47.3850759Z [62/382] Building CXX object third_party/asmjit/CMakeFiles/asmjit.dir/src/asmjit/core/emitter.cpp.o
sanitizer	Build exact differential fuzzer with ASan and UBSan	2026-08-23T19:56:47.4370382Z [63/382] Building CXX object third_party/asmjit/CMakeFiles/asmjit.dir/src/asmjit/core/compiler.cpp.o
sanitizer	Build exact differential fuzzer with ASan and UBSan	2026-08-23T19:56:47.4703678Z [64/382] Building CXX object third_party/asmjit/CMakeFiles/asmjit.dir/src/asmjit/core/errorhandler.cpp.o
sanitizer	Build exact differential fuzzer with ASan and UBSan	2026-08-23T19:56:47.5204920Z [65/382] Building CXX object third_party/asmjit/CMakeFiles/asmjit.dir/src/asmjit/core/environment.cpp.o
sanitizer	Build exact differential fuzzer with ASan and UBSan	2026-08-23T19:56:47.6185250Z [66/382] Building CXX object third_party/asmjit/CMakeFiles/asmjit.dir/src/asmjit/core/emitterutils.cpp.o
sanitizer	Build exact differential fuzzer with ASan and UBSan	2026-08-23T19:56:47.7316295Z [67/382] Building CXX object third_party/asmjit/CMakeFiles/asmjit.dir/src/asmjit/core/globals.cpp.o
sanitizer	Build exact differential fuzzer with ASan and UBSan	2026-08-23T19:56:47.8527935Z [68/382] Building CXX object third_party/asmjit/CMakeFiles/asmjit.dir/src/asmjit/core/func.cpp.o
sanitizer	Build exact differential fuzzer with ASan and UBSan	2026-08-23T19:56:47.9361323Z [69/382] Building CXX object third_party/asmjit/CMakeFiles/asmjit.dir/src/asmjit/core/inst.cpp.o
sanitizer	Build exact differential fuzzer with ASan and UBSan	2026-08-23T19:56:47.9909747Z [70/382] Building CXX object third_party/asmjit/CMakeFiles/asmjit.dir/src/asmjit/core/funcargscontext.cpp.o
sanitizer	Build exact differential fuzzer with ASan and UBSan	2026-08-23T19:56:48.0712499Z [71/382] Building CXX object third_party/asmjit/CMakeFiles/asmjit.dir/src/asmjit/core/formatter.cpp.o
sanitizer	Build exact differential fuzzer with ASan and UBSan	2026-08-23T19:56:48.0988269Z [72/382] Building CXX object third_party/asmjit/CMakeFiles/asmjit.dir/src/asmjit/core/instdb.cpp.o
sanitizer	Build exact differential fuzzer with ASan and UBSan	2026-08-23T19:56:48.2286665Z [73/382] Building CXX object third_party/asmjit/CMakeFiles/asmjit.dir/src/asmjit/core/operand.cpp.o
sanitizer	Build exact differential fuzzer with ASan and UBSan	2026-08-23T19:56:48.2751273Z [74/382] Building CXX object third_party/asmjit/CMakeFiles/asmjit.dir/src/asmjit/core/jitruntime.cpp.o
sanitizer	Build exact differential fuzzer with ASan and UBSan	2026-08-23T19:56:48.3193533Z [75/382] Building CXX object third_party/asmjit/CMakeFiles/asmjit.dir/src/asmjit/core/logger.cpp.o
sanitizer	Build exact differential fuzzer with ASan and UBSan	2026-08-23T19:56:48.3637968Z [76/382] Building CXX object third_party/asmjit/CMakeFiles/asmjit.dir/src/asmjit/core/osutils.cpp.o
sanitizer	Build exact differential fuzzer with ASan and UBSan	2026-08-23T19:56:48.7923125Z [77/382] Building CXX object third_party/asmjit/CMakeFiles/asmjit.dir/src/asmjit/core/rastack.cpp.o
sanitizer	Build exact differential fuzzer with ASan and UBSan	2026-08-23T19:56:48.8220742Z [78/382] Building CXX object third_party/asmjit/CMakeFiles/asmjit.dir/src/asmjit/core/jitallocator.cpp.o
sanitizer	Build exact differential fuzzer with ASan and UBSan	2026-08-23T19:56:48.9280084Z [79/382] Building CXX object third_party/asmjit/CMakeFiles/asmjit.dir/src/asmjit/core/support.cpp.o
sanitizer	Build exact differential fuzzer with ASan and UBSan	2026-08-23T19:56:49.0595383Z [80/382] Building CXX object third_party/asmjit/CMakeFiles/asmjit.dir/src/asmjit/core/string.cpp.o
sanitizer	Build exact differential fuzzer with ASan and UBSan	2026-08-23T19:56:49.1299863Z [81/382] Building CXX object third_party/asmjit/CMakeFiles/asmjit.dir/src/asmjit/core/target.cpp.o
sanitizer	Build exact differential fuzzer with ASan and UBSan	2026-08-23T19:56:49.2778635Z [82/382] Building CXX object third_party/asmjit/CMakeFiles/asmjit.dir/src/asmjit/core/type.cpp.o
sanitizer	Build exact differential fuzzer with ASan and UBSan	2026-08-23T19:56:49.4333673Z [83/382] Building CXX object third_party/asmjit/CMakeFiles/asmjit.dir/src/asmjit/core/virtmem.cpp.o
sanitizer	Build exact differential fuzzer with ASan and UBSan	2026-08-23T19:56:49.5189420Z [84/382] Building CXX object third_party/asmjit/CMakeFiles/asmjit.dir/src/asmjit/core/zone.cpp.o
sanitizer	Build exact differential fuzzer with ASan and UBSan	2026-08-23T19:56:49.6034180Z [85/382] Building CXX object third_party/asmjit/CMakeFiles/asmjit.dir/src/asmjit/core/zonehash.cpp.o
sanitizer	Build exact differential fuzzer with ASan and UBSan	2026-08-23T19:56:49.6310886Z [86/382] Building CXX object third_party/asmjit/CMakeFiles/asmjit.dir/src/asmjit/core/zonelist.cpp.o
sanitizer	Build exact differential fuzzer with ASan and UBSan	2026-08-23T19:56:49.7491241Z [87/382] Building CXX object third_party/asmjit/CMakeFiles/asmjit.dir/src/asmjit/core/zonetree.cpp.o
sanitizer	Build exact differential fuzzer with ASan and UBSan	2026-08-23T19:56:49.7604067Z [88/382] Building CXX object third_party/asmjit/CMakeFiles/asmjit.dir/src/asmjit/core/zonestack.cpp.o
sanitizer	Build exact differential fuzzer with ASan and UBSan	2026-08-23T19:56:49.9540853Z [89/382] Building CXX object third_party/asmjit/CMakeFiles/asmjit.dir/src/asmjit/core/ralocal.cpp.o
sanitizer	Build exact differential fuzzer with ASan and UBSan	2026-08-23T19:56:49.9827997Z [90/382] Building CXX object third_party/asmjit/CMakeFiles/asmjit.dir/src/asmjit/core/zonevector.cpp.o
sanitizer	Build exact differential fuzzer with ASan and UBSan	2026-08-23T19:56:50.2200682Z [91/382] Building CXX object third_party/asmjit/CMakeFiles/asmjit.dir/src/asmjit/arm/armformatter.cpp.o
sanitizer	Build exact differential fuzzer with ASan and UBSan	2026-08-23T19:56:50.3795908Z [92/382] Building CXX object third_party/asmjit/CMakeFiles/asmjit.dir/src/asmjit/arm/a64builder.cpp.o
sanitizer	Build exact differential fuzzer with ASan and UBSan	2026-08-23T19:56:50.6918273Z [93/382] Building CXX object third_party/asmjit/CMakeFiles/asmjit.dir/src/asmjit/arm/a64compiler.cpp.o
sanitizer	Build exact differential fuzzer with ASan and UBSan	2026-08-23T19:56:51.0499665Z [94/382] Building CXX object third_party/asmjit/CMakeFiles/asmjit.dir/src/asmjit/arm/a64formatter.cpp.o
sanitizer	Build exact differential fuzzer with ASan and UBSan	2026-08-23T19:56:51.0794080Z [95/382] Building CXX object third_party/asmjit/CMakeFiles/asmjit.dir/src/asmjit/arm/a64emithelper.cpp.o
sanitizer	Build exact differential fuzzer with ASan and UBSan	2026-08-23T19:56:51.4107861Z [96/382] Building CXX object third_party/asmjit/CMakeFiles/asmjit.dir/src/asmjit/arm/a64func.cpp.o
sanitizer	Build exact differential fuzzer with ASan and UBSan	2026-08-23T19:56:51.4555717Z [97/382] Building CXX object third_party/asmjit/CMakeFiles/asmjit.dir/src/asmjit/arm/a64instapi.cpp.o
sanitizer	Build exact differential fuzzer with ASan and UBSan	2026-08-23T19:56:51.6861674Z [98/382] Building CXX object third_party/asmjit/CMakeFiles/asmjit.dir/src/asmjit/arm/a64operand.cpp.o
sanitizer	Build exact differential fuzzer with ASan and UBSan	2026-08-23T19:56:51.7613653Z [99/382] Building CXX object third_party/asmjit/CMakeFiles/asmjit.dir/src/asmjit/arm/a64instdb.cpp.o
sanitizer	Build exact differential fuzzer with ASan and UBSan	2026-08-23T19:56:51.8005040Z [100/382] Building CXX object third_party/asmjit/CMakeFiles/asmjit.dir/src/asmjit/core/rapass.cpp.o
sanitizer	Build exact differential fuzzer with ASan and UBSan	2026-08-23T19:56:52.2959432Z [101/382] Building CXX object third_party/asmjit/CMakeFiles/asmjit.dir/src/asmjit/x86/x86builder.cpp.o
sanitizer	Build exact differential fuzzer with ASan and UBSan	2026-08-23T19:56:52.9108040Z [102/382] Building CXX object third_party/asmjit/CMakeFiles/asmjit.dir/src/asmjit/x86/x86compiler.cpp.o
sanitizer	Build exact differential fuzzer with ASan and UBSan	2026-08-23T19:56:53.6997449Z [103/382] Building CXX object third_party/asmjit/CMakeFiles/asmjit.dir/src/asmjit/x86/x86emithelper.cpp.o
sanitizer	Build exact differential fuzzer with ASan and UBSan	2026-08-23T19:56:53.7516916Z [104/382] Building CXX object third_party/asmjit/CMakeFiles/asmjit.dir/src/asmjit/arm/a64rapass.cpp.o
sanitizer	Build exact differential fuzzer with ASan and UBSan	2026-08-23T19:56:53.7798560Z [105/382] Building CXX object third_party/asmjit/CMakeFiles/asmjit.dir/src/asmjit/arm/a64assembler.cpp.o
sanitizer	Build exact differential fuzzer with ASan and UBSan	2026-08-23T19:56:54.2704485Z [106/382] Building CXX object third_party/asmjit/CMakeFiles/asmjit.dir/src/asmjit/x86/x86formatter.cpp.o
sanitizer	Build exact differential fuzzer with ASan and UBSan	2026-08-23T19:56:54.3205320Z [107/382] Building CXX object third_party/asmjit/CMakeFiles/asmjit.dir/src/asmjit/x86/x86func.cpp.o
sanitizer	Build exact differential fuzzer with ASan and UBSan	2026-08-23T19:56:54.5705988Z [108/382] Building CXX object third_party/asmjit/CMakeFiles/asmjit.dir/src/asmjit/x86/x86operand.cpp.o
sanitizer	Build exact differential fuzzer with ASan and UBSan	2026-08-23T19:56:54.6843533Z [109/382] Building CXX object third_party/asmjit/CMakeFiles/asmjit.dir/src/asmjit/x86/x86instdb.cpp.o
sanitizer	Build exact differential fuzzer with ASan and UBSan	2026-08-23T19:56:55.3351729Z [110/382] Building C object third_party/BLAKE3/c/CMakeFiles/blake3.dir/blake3.c.o
sanitizer	Build exact differential fuzzer with ASan and UBSan	2026-08-23T19:56:55.5678166Z [111/382] Building C object third_party/BLAKE3/c/CMakeFiles/blake3.dir/blake3_dispatch.c.o
sanitizer	Build exact differential fuzzer with ASan and UBSan	2026-08-23T19:56:55.5778956Z [112/382] Building CXX object third_party/asmjit/CMakeFiles/asmjit.dir/src/asmjit/x86/x86instapi.cpp.o
sanitizer	Build exact differential fuzzer with ASan and UBSan	2026-08-23T19:56:55.6452461Z [113/382] Building ASM object third_party/BLAKE3/c/CMakeFiles/blake3.dir/blake3_avx2_x86-64_unix.S.o
sanitizer	Build exact differential fuzzer with ASan and UBSan	2026-08-23T19:56:55.7224765Z [114/382] Building ASM object third_party/BLAKE3/c/CMakeFiles/blake3.dir/blake3_avx512_x86-64_unix.S.o
sanitizer	Build exact differential fuzzer with ASan and UBSan	2026-08-23T19:56:55.7913620Z [115/382] Building ASM object third_party/BLAKE3/c/CMakeFiles/blake3.dir/blake3_sse2_x86-64_unix.S.o
sanitizer	Build exact differential fuzzer with ASan and UBSan	2026-08-23T19:56:55.8597432Z [116/382] Building ASM object third_party/BLAKE3/c/CMakeFiles/blake3.dir/blake3_sse41_x86-64_unix.S.o
sanitizer	Build exact differential fuzzer with ASan and UBSan	2026-08-23T19:56:56.3663377Z [117/382] Building C object third_party/BLAKE3/c/CMakeFiles/blake3.dir/blake3_portable.c.o
sanitizer	Build exact differential fuzzer with ASan and UBSan	2026-08-23T19:56:56.5799706Z [118/382] Building CXX object third_party/c-kzg-4844-builder/CMakeFiles/c-kzg-4844.dir/trusted_setup.cpp.o
sanitizer	Build exact differential fuzzer with ASan and UBSan	2026-08-23T19:56:56.6171176Z [119/382] Linking C static library third_party/ethash/lib/keccak/libkeccak.a
sanitizer	Build exact differential fuzzer with ASan and UBSan	2026-08-23T19:56:56.9786938Z [120/382] Building C object third_party/c-kzg-4844-builder/CMakeFiles/c-kzg-4844.dir/__/c-kzg-4844/src/ckzg.c.o
sanitizer	Build exact differential fuzzer with ASan and UBSan	2026-08-23T19:56:57.4749505Z [121/382] Building CXX object third_party/asmjit/CMakeFiles/asmjit.dir/src/asmjit/x86/x86rapass.cpp.o
sanitizer	Build exact differential fuzzer with ASan and UBSan	2026-08-23T19:56:57.5820821Z [122/382] Building CXX object third_party/fiber/CMakeFiles/boost_fiber.dir/src/algo/algorithm.cpp.o
sanitizer	Build exact differential fuzzer with ASan and UBSan	2026-08-23T19:56:57.9104268Z [123/382] Building CXX object third_party/asmjit/CMakeFiles/asmjit.dir/src/asmjit/x86/x86assembler.cpp.o
sanitizer	Build exact differential fuzzer with ASan and UBSan	2026-08-23T19:56:58.0993143Z [124/382] Building CXX object third_party/fiber/CMakeFiles/boost_fiber.dir/src/algo/round_robin.cpp.o
sanitizer	Build exact differential fuzzer with ASan and UBSan	2026-08-23T19:56:58.7310959Z [125/382] Building CXX object third_party/fiber/CMakeFiles/boost_fiber.dir/src/algo/shared_work.cpp.o
sanitizer	Build exact differential fuzzer with ASan and UBSan	2026-08-23T19:56:59.0192166Z [126/382] Building CXX object third_party/fiber/CMakeFiles/boost_fiber.dir/src/algo/work_stealing.cpp.o
sanitizer	Build exact differential fuzzer with ASan and UBSan	2026-08-23T19:56:59.0811402Z [127/382] Building CXX object third_party/fiber/CMakeFiles/boost_fiber.dir/src/barrier.cpp.o
sanitizer	Build exact differential fuzzer with ASan and UBSan	2026-08-23T19:56:59.1567605Z [128/382] Building CXX object third_party/fiber/CMakeFiles/boost_fiber.dir/src/condition_variable.cpp.o
sanitizer	Build exact differential fuzzer with ASan and UBSan	2026-08-23T19:56:59.5700372Z [129/382] Building CXX object third_party/fiber/CMakeFiles/boost_fiber.dir/src/future.cpp.o
sanitizer	Build exact differential fuzzer with ASan and UBSan	2026-08-23T19:57:00.0720454Z [130/382] Building CXX object third_party/fiber/CMakeFiles/boost_fiber.dir/src/fiber.cpp.o
sanitizer	Build exact differential fuzzer with ASan and UBSan	2026-08-23T19:57:00.2636723Z [131/382] Building CXX object third_party/fiber/CMakeFiles/boost_fiber.dir/src/mutex.cpp.o
sanitizer	Build exact differential fuzzer with ASan and UBSan	2026-08-23T19:57:00.5439677Z [132/382] Building CXX object third_party/fiber/CMakeFiles/boost_fiber.dir/src/properties.cpp.o
sanitizer	Build exact differential fuzzer with ASan and UBSan	2026-08-23T19:57:00.6549706Z [133/382] Building CXX object third_party/fiber/CMakeFiles/boost_fiber.dir/src/context.cpp.o
sanitizer	Build exact differential fuzzer with ASan and UBSan	2026-08-23T19:57:01.1891259Z [134/382] Building CXX object third_party/fiber/CMakeFiles/boost_fiber.dir/src/recursive_mutex.cpp.o
sanitizer	Build exact differential fuzzer with ASan and UBSan	2026-08-23T19:57:01.3864143Z [135/382] Building CXX object third_party/fiber/CMakeFiles/boost_fiber.dir/src/recursive_timed_mutex.cpp.o
sanitizer	Build exact differential fuzzer with ASan and UBSan	2026-08-23T19:57:01.5411372Z [136/382] Building CXX object third_party/evmone/lib/evmone_precompiles/CMakeFiles/evmone_precompiles.dir/blake2b.cpp.o
sanitizer	Build exact differential fuzzer with ASan and UBSan	2026-08-23T19:57:01.7799519Z [137/382] Building CXX object third_party/fiber/CMakeFiles/boost_fiber.dir/src/timed_mutex.cpp.o
sanitizer	Build exact differential fuzzer with ASan and UBSan	2026-08-23T19:57:02.2860200Z [138/382] Building CXX object third_party/fiber/CMakeFiles/boost_fiber.dir/src/scheduler.cpp.o
sanitizer	Build exact differential fuzzer with ASan and UBSan	2026-08-23T19:57:02.3139998Z [139/382] Building C object third_party/evmone/lib/evmone_precompiles/CMakeFiles/evmone_precompiles.dir/keccak.c.o
sanitizer	Build exact differential fuzzer with ASan and UBSan	2026-08-23T19:57:02.3634258Z [140/382] Building CXX object third_party/fiber/CMakeFiles/boost_fiber.dir/src/waker.cpp.o
sanitizer	Build exact differential fuzzer with ASan and UBSan	2026-08-23T19:57:02.7786359Z [141/382] Building CXX object third_party/evmone/lib/evmone_precompiles/CMakeFiles/evmone_precompiles.dir/bn254.cpp.o
sanitizer	Build exact differential fuzzer with ASan and UBSan	2026-08-23T19:57:03.0082137Z [142/382] Building CXX object third_party/evmone/lib/evmone_precompiles/CMakeFiles/evmone_precompiles.dir/bls.cpp.o
sanitizer	Build exact differential fuzzer with ASan and UBSan	2026-08-23T19:57:04.7812675Z [143/382] Building CXX object third_party/evmone/lib/evmone_precompiles/CMakeFiles/evmone_precompiles.dir/secp256k1.cpp.o
sanitizer	Build exact differential fuzzer with ASan and UBSan	2026-08-23T19:57:05.4618986Z [144/382] Building CXX object third_party/evmone/lib/evmone_precompiles/CMakeFiles/evmone_precompiles.dir/ripemd160.cpp.o
sanitizer	Build exact differential fuzzer with ASan and UBSan	2026-08-23T19:57:05.9329702Z [145/382] Building CXX object third_party/evmone/lib/evmone_precompiles/CMakeFiles/evmone_precompiles.dir/sha256.cpp.o
sanitizer	Build exact differential fuzzer with ASan and UBSan	2026-08-23T19:57:06.1779658Z [146/382] Building CXX object third_party/evmone/lib/evmone_precompiles/CMakeFiles/evmone_precompiles.dir/secp256r1.cpp.o
sanitizer	Build exact differential fuzzer with ASan and UBSan	2026-08-23T19:57:06.1887229Z [147/382] Generating CXX dyndep file third_party/evmone/lib/evmone/CMakeFiles/evmone.dir/CXX.dd
sanitizer	Build exact differential fuzzer with ASan and UBSan	2026-08-23T19:57:06.2232888Z [148/382] Linking C static library third_party/silkpre/libsecp256k1.a
sanitizer	Build exact differential fuzzer with ASan and UBSan	2026-08-23T19:57:06.2347910Z [149/382] Building CXX object third_party/evmone/lib/evmone_precompiles/CMakeFiles/evmone_precompiles.dir/modexp.cpp.o
sanitizer	Build exact differential fuzzer with ASan and UBSan	2026-08-23T19:57:06.2630086Z [150/382] Linking CXX static library third_party/silkpre/third_party/libff/libff/libff.a
sanitizer	Build exact differential fuzzer with ASan and UBSan	2026-08-23T19:57:06.3110204Z [151/382] Building C object third_party/silkpre/lib/CMakeFiles/silkpre.dir/silkpre/ecdsa.c.o
sanitizer	Build exact differential fuzzer with ASan and UBSan	2026-08-23T19:57:06.4282699Z [152/382] Building C object third_party/silkpre/lib/CMakeFiles/silkpre.dir/silkpre/blake2b.c.o
sanitizer	Build exact differential fuzzer with ASan and UBSan	2026-08-23T19:57:06.5995381Z [153/382] Building CXX object third_party/evmone/lib/evmone_precompiles/CMakeFiles/evmone_precompiles.dir/kzg.cpp.o
sanitizer	Build exact differential fuzzer with ASan and UBSan	2026-08-23T19:57:06.6927281Z [154/382] Building C object third_party/silkpre/lib/CMakeFiles/silkpre.dir/silkpre/rmd160.c.o
sanitizer	Build exact differential fuzzer with ASan and UBSan	2026-08-23T19:57:07.0854113Z [155/382] Building C object third_party/silkpre/lib/CMakeFiles/silkpre.dir/silkpre/sha256.c.o
sanitizer	Build exact differential fuzzer with ASan and UBSan	2026-08-23T19:57:07.0933809Z [156/382] Building CXX object third_party/silkpre/lib/CMakeFiles/silkpre.dir/silkpre/secp256k1n.cpp.o
sanitizer	Build exact differential fuzzer with ASan and UBSan	2026-08-23T19:57:07.3493764Z [157/382] Building C object third_party/silkpre_vendor/CMakeFiles/monad_crypto.dir/src/silkpre_vendor/rmd160.c.o
sanitizer	Build exact differential fuzzer with ASan and UBSan	2026-08-23T19:57:07.4761274Z [158/382] Building C object third_party/silkpre_vendor/CMakeFiles/monad_crypto.dir/src/silkpre_vendor/sha256.c.o
sanitizer	Build exact differential fuzzer with ASan and UBSan	2026-08-23T19:57:07.5215525Z [159/382] Linking CXX static library third_party/asmjit/libasmjit.a
sanitizer	Build exact differential fuzzer with ASan and UBSan	2026-08-23T19:57:07.5450856Z [160/382] Building C object third_party/silkpre_vendor/CMakeFiles/monad_crypto.dir/src/silkpre_vendor/blake2b.c.o
sanitizer	Build exact differential fuzzer with ASan and UBSan	2026-08-23T19:57:07.5575997Z [161/382] Linking C static library third_party/BLAKE3/c/libblake3.a
sanitizer	Build exact differential fuzzer with ASan and UBSan	2026-08-23T19:57:07.5799320Z [162/382] Linking CXX static library third_party/c-kzg-4844-builder/libc-kzg-4844.a
sanitizer	Build exact differential fuzzer with ASan and UBSan	2026-08-23T19:57:07.5947304Z [163/382] Linking CXX static library third_party/fiber/libboost_fiber.a
sanitizer	Build exact differential fuzzer with ASan and UBSan	2026-08-23T19:57:08.2211027Z [164/382] Building CXX object third_party/evmone/lib/evmone_precompiles/CMakeFiles/evmone_precompiles.dir/pairing/bn254/pairing.cpp.o
sanitizer	Build exact differential fuzzer with ASan and UBSan	2026-08-23T19:57:08.2615509Z [165/382] Linking CXX static library third_party/evmone/lib/evmone_precompiles/libevmone_precompiles.a
sanitizer	Build exact differential fuzzer with ASan and UBSan	2026-08-23T19:57:08.4026908Z [166/382] Building CXX object third_party/silkpre/lib/CMakeFiles/silkpre.dir/silkpre/precompile.cpp.o
sanitizer	Build exact differential fuzzer with ASan and UBSan	2026-08-23T19:57:08.7776562Z [167/382] Building CXX object third_party/evmone/lib/evmone/CMakeFiles/evmone.dir/advanced_execution.cpp.o
sanitizer	Build exact differential fuzzer with ASan and UBSan	2026-08-23T19:57:08.7899891Z [168/382] Building CXX object third_party/evmone/lib/evmone/CMakeFiles/evmone.dir/advanced_analysis.cpp.o
sanitizer	Build exact differential fuzzer with ASan and UBSan	2026-08-23T19:57:09.1505088Z [169/382] Building CXX object third_party/evmone/lib/evmone/CMakeFiles/evmone.dir/baseline_instruction_table.cpp.o
sanitizer	Build exact differential fuzzer with ASan and UBSan	2026-08-23T19:57:09.3496155Z [170/382] Building CXX object third_party/evmone/lib/evmone/CMakeFiles/evmone.dir/baseline_analysis.cpp.o
sanitizer	Build exact differential fuzzer with ASan and UBSan	2026-08-23T19:57:09.3782454Z [171/382] Building CXX object third_party/evmone/lib/evmone/CMakeFiles/evmone.dir/instruction_stats.cpp.o
sanitizer	Build exact differential fuzzer with ASan and UBSan	2026-08-23T19:57:09.8183844Z [172/382] Building CXX object third_party/evmone/lib/evmone/CMakeFiles/evmone.dir/delegation.cpp.o
sanitizer	Build exact differential fuzzer with ASan and UBSan	2026-08-23T19:57:10.8383958Z [173/382] Building CXX object third_party/evmone/lib/evmone/CMakeFiles/evmone.dir/instructions_storage.cpp.o
sanitizer	Build exact differential fuzzer with ASan and UBSan	2026-08-23T19:57:10.9828051Z [174/382] Building CXX object third_party/evmone/lib/evmone/CMakeFiles/evmone.dir/instructions_calls.cpp.o
sanitizer	Build exact differential fuzzer with ASan and UBSan	2026-08-23T19:57:12.2431489Z [175/382] Building CXX object third_party/evmone/lib/evmone/CMakeFiles/evmone.dir/vm.cpp.o
sanitizer	Build exact differential fuzzer with ASan and UBSan	2026-08-23T19:57:12.2955872Z [176/382] Building CXX object third_party/evmone/lib/evmone/CMakeFiles/evmone.dir/cpu_check.cpp.o
sanitizer	Build exact differential fuzzer with ASan and UBSan	2026-08-23T19:57:12.3340613Z [177/382] Linking CXX static library third_party/silkpre/lib/libsilkpre.a
sanitizer	Build exact differential fuzzer with ASan and UBSan	2026-08-23T19:57:12.3721945Z [178/382] Linking C static library third_party/silkpre_vendor/libmonad_crypto.a
sanitizer	Build exact differential fuzzer with ASan and UBSan	2026-08-23T19:57:12.7446793Z [179/382] Building CXX object third_party/evmone/lib/evmone/CMakeFiles/evmone.dir/advanced_instructions.cpp.o
sanitizer	Build exact differential fuzzer with ASan and UBSan	2026-08-23T19:57:13.4696212Z [180/382] Building CXX object third_party/evmone/lib/evmone/CMakeFiles/evmone.dir/tracing.cpp.o
sanitizer	Build exact differential fuzzer with ASan and UBSan	2026-08-23T19:57:14.9485681Z [181/382] Building CXX object category/async/CMakeFiles/monad_async.dir/util.cpp.o
sanitizer	Build exact differential fuzzer with ASan and UBSan	2026-08-23T19:57:14.9976787Z [182/382] Building C object category/core/CMakeFiles/monad_core.dir/assert.c.o
sanitizer	Build exact differential fuzzer with ASan and UBSan	2026-08-23T19:57:15.9876318Z [183/382] Building CXX object category/core/CMakeFiles/monad_core.dir/backtrace.cpp.o
sanitizer	Build exact differential fuzzer with ASan and UBSan	2026-08-23T19:57:16.7453262Z [184/382] Building CXX object category/async/CMakeFiles/monad_async.dir/io.cpp.o
sanitizer	Build exact differential fuzzer with ASan and UBSan	2026-08-23T19:57:16.7964519Z [185/382] Building C object category/core/CMakeFiles/monad_core.dir/cleanup.c.o
sanitizer	Build exact differential fuzzer with ASan and UBSan	2026-08-23T19:57:16.8503134Z [186/382] Building C object category/core/CMakeFiles/monad_core.dir/format_err.c.o
sanitizer	Build exact differential fuzzer with ASan and UBSan	2026-08-23T19:57:17.3110209Z [187/382] Building CXX object category/async/CMakeFiles/monad_async.dir/storage_pool.cpp.o
sanitizer	Build exact differential fuzzer with ASan and UBSan	2026-08-23T19:57:17.3540159Z [188/382] Building C object category/core/CMakeFiles/monad_core.dir/keccak.c.o
sanitizer	Build exact differential fuzzer with ASan and UBSan	2026-08-23T19:57:17.4276261Z [189/382] Building CXX object category/core/CMakeFiles/monad_core.dir/checked_math.cpp.o
sanitizer	Build exact differential fuzzer with ASan and UBSan	2026-08-23T19:57:17.4282774Z FAILED: [code=1] category/core/CMakeFiles/monad_core.dir/checked_math.cpp.o 
sanitizer	Build exact differential fuzzer with ASan and UBSan	2026-08-23T19:57:17.4291405Z /usr/bin/clang++-19 -DBOOST_CONTEXT_DYN_LINK -DBOOST_CONTEXT_NO_LIB -DBOOST_FIBER_NO_LIB -DBOOST_FIBER_STATIC_LINK -DBOOST_STACKTRACE_BACKTRACE_DYN_LINK -DBOOST_STACKTRACE_BACKTRACE_NO_LIB -DBOOST_STACKTRACE_LINK=1 -DBOOST_STACKTRACE_USE_BACKTRACE=1 -DJSON_HAS_RANGES=0 -DMONAD_COMPILER_TESTING=1 -DMONAD_CORE_FORCE_DEBUG_ASSERT=1 -D_GNU_SOURCE -I/src/third_party/openssl -I/src -I/src/third_party/ankerl -I/src/third_party/komihash -I/src/third_party/BLAKE3/c -I/src/third_party/ethash/include -I/src/third_party/evmc/include -I/src/third_party/unordered_dense/include -isystem /src/third_party/quill/include -isystem /src/third_party/fiber/include -O1 -g -fno-omit-frame-pointer -fsanitize=address,undefined -fno-sanitize-recover=all -O2 -g -DNDEBUG -std=gnu++23 -Wall -Wextra -Wconversion -Werror -Wno-gnu-zero-variadic-macro-arguments -MD -MT category/core/CMakeFiles/monad_core.dir/checked_math.cpp.o -MF category/core/CMakeFiles/monad_core.dir/checked_math.cpp.o.d -o category/core/CMakeFiles/monad_core.dir/checked_math.cpp.o -c /src/category/core/checked_math.cpp
sanitizer	Build exact differential fuzzer with ASan and UBSan	2026-08-23T19:57:17.4300871Z In file included from /src/category/core/checked_math.cpp:16:
sanitizer	Build exact differential fuzzer with ASan and UBSan	2026-08-23T19:57:17.4301588Z In file included from /src/category/core/checked_math.hpp:20:
sanitizer	Build exact differential fuzzer with ASan and UBSan	2026-08-23T19:57:17.4302678Z In file included from /src/category/core/runtime/uint256.hpp:22:
sanitizer	Build exact differential fuzzer with ASan and UBSan	2026-08-23T19:57:17.4303304Z /src/category/core/runtime/uint256/intrinsics.hpp:26:6: error: "Target architecture must support AVX2"
sanitizer	Build exact differential fuzzer with ASan and UBSan	2026-08-23T19:57:17.4303923Z    26 |     #error "Target architecture must support AVX2"
sanitizer	Build exact differential fuzzer with ASan and UBSan	2026-08-23T19:57:17.4304335Z       |      ^
sanitizer	Build exact differential fuzzer with ASan and UBSan	2026-08-23T19:57:17.4304881Z /src/category/core/runtime/uint256/intrinsics.hpp:30:6: error: "Target architecture must support BMI2 (for MULX)"
sanitizer	Build exact differential fuzzer with ASan and UBSan	2026-08-23T19:57:17.4305544Z    30 |     #error "Target architecture must support BMI2 (for MULX)"
sanitizer	Build exact differential fuzzer with ASan and UBSan	2026-08-23T19:57:17.4305971Z       |      ^
sanitizer	Build exact differential fuzzer with ASan and UBSan	2026-08-23T19:57:17.4306261Z 2 errors generated.
sanitizer	Build exact differential fuzzer with ASan and UBSan	2026-08-23T19:57:17.4981029Z [190/382] Building CXX object category/core/CMakeFiles/monad_core.dir/hex.cpp.o
sanitizer	Build exact differential fuzzer with ASan and UBSan	2026-08-23T19:57:20.5520381Z [191/382] Building CXX object third_party/evmone/lib/evmone/CMakeFiles/evmone.dir/baseline_execution.cpp.o
sanitizer	Build exact differential fuzzer with ASan and UBSan	2026-08-23T19:57:28.7025149Z [192/382] Building CXX object category/core/CMakeFiles/monad_core.dir/log.cpp.o
sanitizer	Build exact differential fuzzer with ASan and UBSan	2026-08-23T19:57:28.7025729Z ninja: build stopped: subcommand failed.
sanitizer	Build exact differential fuzzer with ASan and UBSan	2026-08-23T19:57:29.1261266Z ##[error]Process completed with exit code 1.
