warning: unused variable: `block_num`
  --> monad-execution-state-read/src/mock.rs:80:9
   |
80 |         block_num: SeqNum,
   |         ^^^^^^^^^ help: if this is intentional, prefix it with an underscore: `_block_num`
   |
   = note: `#[warn(unused_variables)]` (part of `#[warn(unused)]`) on by default

warning: unused variable: `requested_epoch`
  --> monad-execution-state-read/src/mock.rs:81:9
   |
81 |         requested_epoch: monad_types::Epoch,
   |         ^^^^^^^^^^^^^^^ help: if this is intentional, prefix it with an underscore: `_requested_epoch`

warning: `monad-execution-state-read` (lib) generated 2 warnings
   Compiling tempfile v3.24.0
   Compiling criterion-plot v0.8.1
   Compiling eyre v0.6.12
   Compiling opentelemetry-proto v0.31.0
   Compiling opentelemetry-http v0.31.0
   Compiling monad-secp v0.1.0 (/home/runner/work/test/test/monad-bft/monad-secp)
error[E0599]: no variant or associated item named `from_i32` found for enum `secp256k1::ecdsa::RecoveryId` in the current scope
   --> monad-secp/src/secp.rs:265:47
    |
265 |                 secp256k1::ecdsa::RecoveryId::from_i32(recid.to_i32() ^ 1).map_err(Error)?;
    |                                               ^^^^^^^^ variant or associated item not found in `secp256k1::ecdsa::RecoveryId`
    |
note: if you're trying to build a new `secp256k1::ecdsa::RecoveryId`, consider using `secp256k1::ecdsa::RecoveryId::from_u8_masked` which returns `secp256k1::ecdsa::RecoveryId`
   --> /home/runner/.cargo/registry/src/index.crates.io-1949cf8c6b5b557f/secp256k1-0.31.1/src/ecdsa/recovery.rs:31:5
    |
 31 |     pub const fn from_u8_masked(id: u8) -> RecoveryId {
    |     ^^^^^^^^^^^^^^^^^^^^^^^^^^^^^^^^^^^^^^^^^^^^^^^^^
help: there is an associated function `from` with a similar name
    |
265 -                 secp256k1::ecdsa::RecoveryId::from_i32(recid.to_i32() ^ 1).map_err(Error)?;
265 +                 secp256k1::ecdsa::RecoveryId::from(recid.to_i32() ^ 1).map_err(Error)?;
    |

error[E0599]: no method named `to_i32` found for enum `secp256k1::ecdsa::RecoveryId` in the current scope
   --> monad-secp/src/secp.rs:265:62
    |
265 |                 secp256k1::ecdsa::RecoveryId::from_i32(recid.to_i32() ^ 1).map_err(Error)?;
    |                                                              ^^^^^^ method not found in `secp256k1::ecdsa::RecoveryId`

For more information about this error, try `rustc --explain E0599`.
error: could not compile `monad-secp` (lib) due to 2 previous errors
warning: build failed, waiting for other jobs to finish...
Command exited with non-zero status 101
	Command being timed: "cargo test --manifest-path monad-bft/Cargo.toml --locked -p monad-raptorcast --lib -- --test-threads=1"
	User time (seconds): 9.77
	System time (seconds): 0.64
	Percent of CPU this job got: 342%
	Elapsed (wall clock) time (h:mm:ss or m:ss): 0:03.04
	Average shared text size (kbytes): 0
	Average unshared data size (kbytes): 0
	Average stack size (kbytes): 0
	Average total size (kbytes): 0
	Maximum resident set size (kbytes): 413664
	Average resident set size (kbytes): 0
	Major (requiring I/O) page faults: 18
	Minor (reclaiming a frame) page faults: 146697
	Voluntary context switches: 1084
	Involuntary context switches: 1631
	Swaps: 0
	File system inputs: 0
	File system outputs: 71624
	Socket messages sent: 0
	Socket messages received: 0
	Signals delivered: 0
	Page size (bytes): 4096
	Exit status: 101
