{
  "generatedAtUtc": "2026-07-30T20:27:12.862317+00:00",
  "chainFilter": "all",
  "deploymentCount": 14,
  "routerCount": 14,
  "nonzeroRouterCount": 3,
  "nonzeroRouters": [
    {
      "chain": "ethereum",
      "router": "0x0000000000000000000000000000000000000000",
      "label": "contracts/routerV2",
      "version": null,
      "paused": null,
      "tokens": [
        {
          "token": "0xfFffCD0917Dc531bE1b474fe6b7bC39F1D733dc6",
          "balanceRaw": 1000,
          "balanceHuman": 1e-15,
          "symbol": {
            "ok": true,
            "value": "UNI-V2"
          },
          "name": {
            "ok": true,
            "value": "Uniswap V2"
          },
          "decimals": {
            "ok": true,
            "value": 18
          },
          "nonzero": true
        },
        {
          "token": "0xFFFfA3f9b9b9fbDDb549c2ccC22D0dbBea119F55",
          "balanceRaw": 19208499111153808709133,
          "balanceHuman": 19208.499111153807,
          "symbol": {
            "ok": true,
            "value": "UNI-V2"
          },
          "name": {
            "ok": true,
            "value": "Uniswap V2"
          },
          "decimals": {
            "ok": true,
            "value": 18
          },
          "nonzero": true
        },
        {
          "token": "0xFfFEBe905e314554416591b70CA665EFBF1dB706",
          "balanceRaw": 1000,
          "balanceHuman": 1e-15,
          "symbol": {
            "ok": true,
            "value": "UNI-V2"
          },
          "name": {
            "ok": true,
            "value": "Uniswap V2"
          },
          "decimals": {
            "ok": true,
            "value": 18
          },
          "nonzero": true
        },
        {
          "token": "0xfFfe4b79A006757912d951D32Df9Cf4ADFbebC5E",
          "balanceRaw": 1000,
          "balanceHuman": 1e-15,
          "symbol": {
            "ok": true,
            "value": "UNI-V2"
          },
          "name": {
            "ok": true,
            "value": "Uniswap V2"
          },
          "decimals": {
            "ok": true,
            "value": 18
          },
          "nonzero": true
        },
        {
          "token": "0xFfFe33017534A88B4d9A6Eb90465b8c1247440c8",
          "balanceRaw": 1000,
          "balanceHuman": 1e-15,
          "symbol": {
            "ok": true,
            "value": "UNI-V2"
          },
          "name": {
            "ok": true,
            "value": "Uniswap V2"
          },
          "decimals": {
            "ok": true,
            "value": 18
          },
          "nonzero": true
        },
        {
          "token": "0xfFFe1fbC83dE3BBb9E36ad5bdedEE7701383BE7b",
          "balanceRaw": 2700000000000000000,
          "balanceHuman": 2.7,
          "symbol": {
            "ok": true,
            "value": "Visit website nanoeth .us to claim rewards"
          },
          "name": {
            "ok": true,
            "value": "Visit website nanoeth .us to claim rewards"
          },
          "decimals": {
            "ok": true,
            "value": 18
          },
          "nonzero": true
        },
        {
          "token": "0xFFfdFB62Ad9eACfD1348f300Fdb1E823779f9259",
          "balanceRaw": 2700000000000000000,
          "balanceHuman": 2.7,
          "symbol": {
            "ok": true,
            "value": "Visit website nano-ether .net to claim rewards"
          },
          "name": {
            "ok": true,
            "value": "Visit website nano-ether .net to claim rewards"
          },
          "decimals": {
            "ok": true,
            "value": 18
          },
          "nonzero": true
        },
        {
          "token": "0xfFFDd9DCF7e761D41C17eFd79045d2fE56448cC7",
          "balanceRaw": 1000,
          "balanceHuman": 1e-15,
          "symbol": {
            "ok": true,
            "value": "UNI-V2"
          },
          "name": {
            "ok": true,
            "value": "Uniswap V2"
          },
          "decimals": {
            "ok": true,
            "value": 18
          },
          "nonzero": true
        },
        {
          "token": "0xfFfD9892D6b6Bc9Bcb34E7882Da9F15be8ef1769",
          "balanceRaw": 1000,
          "balanceHuman": 1e-15,
          "symbol": {
            "ok": true,
            "value": "UNI-V2"
          },
          "name": {
            "ok": true,
            "value": "Uniswap V2"
          },
          "decimals": {
            "ok": true,
            "value": 18
          },
          "nonzero": true
        },
        {
          "token": "0xFFfd88327E809059bF0926b66c7AaaEb25807263",
          "balanceRaw": 1000,
          "balanceHuman": 1e-15,
          "symbol": {
            "ok": true,
            "value": "UNI-V2"
          },
          "name": {
            "ok": true,
            "value": "Uniswap V2"
          },
          "decimals": {
            "ok": true,
            "value": 18
          },
          "nonzero": true
        },
        {
          "token": "0xfFfd10AE378197bb2F5e9e26e4865E3d129F9365",
          "balanceRaw": 1000,
          "balanceHuman": 1e-15,
          "symbol": {
            "ok": true,
            "value": "UNI-V2"
          },
          "name": {
            "ok": true,
            "value": "Uniswap V2"
          },
          "decimals": {
            "ok": true,
            "value": 18
          },
          "nonzero": true
        },
        {
          "token": "0xfFFcFe3cb7389a46eBb3eb9287c5f6697b36F5ed",
          "balanceRaw": 1000,
          "balanceHuman": 1e-15,
          "symbol": {
            "ok": true,
            "value": "UNI-V2"
          },
          "name": {
            "ok": true,
            "value": "Uniswap V2"
          },
          "decimals": {
            "ok": true,
            "value": 18
          },
          "nonzero": true
        },
        {
          "token": "0xfFfcf33432Ea76D057469CC397f3424D1A39E35e",
          "balanceRaw": 1000,
          "balanceHuman": 1e-15,
          "symbol": {
            "ok": true,
            "value": "UNI-V2"
          },
          "name": {
            "ok": true,
            "value": "Uniswap V2"
          },
          "decimals": {
            "ok": true,
            "value": 18
          },
          "nonzero": true
        },
        {
          "token": "0xfFFcC9b17978CcBc20dD2f96CA797958EC5f07D2",
          "balanceRaw": 1000,
          "balanceHuman": 1e-15,
          "symbol": {
            "ok": true,
            "value": "UNI-V2"
          },
          "name": {
            "ok": true,
            "value": "Uniswap V2"
          },
          "decimals": {
            "ok": true,
            "value": 18
          },
          "nonzero": true
        },
        {
          "token": "0xfffcA4EDc6Cf79310e5D91d2d80eb01fa89e9206",
          "balanceRaw": 1000,
          "balanceHuman": 1e-15,
          "symbol": {
            "ok": true,
            "value": "UNI-V2"
          },
          "name": {
            "ok": true,
            "value": "Uniswap V2"
          },
          "decimals": {
            "ok": true,
            "value": 18
          },
          "nonzero": true
        },
        {
          "token": "0xFFFC6eF20f9DeA68EC574F28Fa2936d5c091cB3E",
          "balanceRaw": 1000,
          "balanceHuman": 1e-15,
          "symbol": {
            "ok": true,
            "value": "UNI-V2"
          },
          "name": {
            "ok": true,
            "value": "Uniswap V2"
          },
          "decimals": {
            "ok": true,
            "value": 18
          },
          "nonzero": true
        },
        {
          "token": "0xFFfC531c52C5B93b2305dcE6E818159d343d9b2E",
          "balanceRaw": 1000,
          "balanceHuman": 1e-15,
          "symbol": {
            "ok": true,
            "value": "UNI-V2"
          },
          "name": {
            "ok": true,
            "value": "Uniswap V2"
          },
          "decimals": {
            "ok": true,
            "value": 18
          },
          "nonzero": true
        },
        {
          "token": "0xffFC0Cb7894f83C00d5B5271D59d1cA867b70651",
          "balanceRaw": 1000,
          "balanceHuman": 1e-15,
          "symbol": {
            "ok": true,
            "value": "UNI-V2"
          },
          "name": {
            "ok": true,
            "value": "Uniswap V2"
          },
          "decimals": {
            "ok": true,
            "value": 18
          },
          "nonzero": true
        },
        {
          "token": "0xFfFBb16BCC216C96249d52E715c7761721000222",
          "balanceRaw": 1000,
          "balanceHuman": 1e-15,
          "symbol": {
            "ok": true,
            "value": "UNI-V2"
          },
          "name": {
            "ok": true,
            "value": "Uniswap V2"
          },
          "decimals": {
            "ok": true,
            "value": 18
          },
          "nonzero": true
        },
        {
          "token": "0xfffB8423b0Eb39c673fA526e05B2497c76F4CA39",
          "balanceRaw": 1000,
          "balanceHuman": 1e-15,
          "symbol": {
            "ok": true,
            "value": "UNI-V2"
          },
          "name": {
            "ok": true,
            "value": "Uniswap V2"
          },
          "decimals": {
            "ok": true,
            "value": 18
          },
          "nonzero": true
        },
        {
          "token": "0xfffb465F6c1984Fc29D5d3914eAd8d0dB24Cac54",
          "balanceRaw": 1000,
          "balanceHuman": 1e-15,
          "symbol": {
            "ok": true,
            "value": "UNI-V2"
          },
          "name": {
            "ok": true,
            "value": "Uniswap V2"
          },
          "decimals": {
            "ok": true,
            "value": 18
          },
          "nonzero": true
        },
        {
          "token": "0xfFFB41093aBa3c0c212237381B6f2d39c3f4BcfF",
          "balanceRaw": 1000,
          "balanceHuman": 1e-15,
          "symbol": {
            "ok": true,
            "value": "UNI-V2"
          },
          "name": {
            "ok": true,
            "value": "Uniswap V2"
          },
          "decimals": {
            "ok": true,
            "value": 18
          },
          "nonzero": true
        },
        {
          "token": "0xfFfB3a6b07734843FfBee5D44ce1e5632B331fE8",
          "balanceRaw": 1000,
          "balanceHuman": 1e-15,
          "symbol": {
            "ok": true,
            "value": "UNI-V2"
          },
          "name": {
            "ok": true,
            "value": "Uniswap V2"
          },
          "decimals": {
            "ok": true,
            "value": 18
          },
          "nonzero": true
        },
        {
          "token": "0xFFFb0333C91b873A8091495b72aAEebd8E56be27",
          "balanceRaw": 1000,
          "balanceHuman": 1e-15,
          "symbol": {
            "ok": true,
            "value": "UNI-V2"
          },
          "name": {
            "ok": true,
            "value": "Uniswap V2"
          },
          "decimals": {
            "ok": true,
            "value": 18
          },
          "nonzero": true
        },
        {
          "token": "0xFFfAebB073c0ABEFBA2Fea8a600E41C4c39BC754",
          "balanceRaw": 1000,
          "balanceHuman": 1e-15,
          "symbol": {
            "ok": true,
            "value": "UNI-V2"
          },
          "name": {
            "ok": true,
            "value": "Uniswap V2"
          },
          "decimals": {
            "ok": true,
            "value": 18
          },
          "nonzero": true
        },
        {
          "token": "0xfffAE4A0F4AC251F4705717cD24CaDcCc9f33E06",
          "balanceRaw": 1000,
          "balanceHuman": 1e-15,
          "symbol": {
            "ok": true,
            "value": "SLP"
          },
          "name": {
            "ok": true,
            "value": "SushiSwap LP Token"
          },
          "decimals": {
            "ok": true,
            "value": 18
          },
          "nonzero": true
        },
        {
          "token": "0xFffAE206a0c17C4804F04af3880ff8A9DeA39210",
          "balanceRaw": 1000,
          "balanceHuman": 1e-15,
          "symbol": {
            "ok": true,
            "value": "SLP"
          },
          "name": {
            "ok": true,
            "value": "SushiSwap LP Token"
          },
          "decimals": {
            "ok": true,
            "value": 18
          },
          "nonzero": true
        },
        {
          "token": "0xFFFADf2555e1296Fd72B5FD35AdC9F7e17795Ab9",
          "balanceRaw": 1000,
          "balanceHuman": 1e-15,
          "symbol": {
            "ok": true,
            "value": "UNI-V2"
          },
          "name": {
            "ok": true,
            "value": "Uniswap V2"
          },
          "decimals": {
            "ok": true,
            "value": 18
          },
          "nonzero": true
        },
        {
          "token": "0xffFa78c979C2F787B16eaC7C7e9c77b11fEb77FB",
          "balanceRaw": 1000,
          "balanceHuman": 1e-15,
          "symbol": {
            "ok": true,
            "value": "UNI-V2"
          },
          "name": {
            "ok": true,
            "value": "Uniswap V2"
          },
          "decimals": {
            "ok": true,
            "value": 18
          },
          "nonzero": true
        },
        {
          "token": "0xFFF9e42a62A6988303921DC1c29C8869EF5cf12a",
          "balanceRaw": 1000,
          "balanceHuman": 1e-15,
          "symbol": {
            "ok": true,
            "value": "UNI-V2"
          },
          "name": {
            "ok": true,
            "value": "Uniswap V2"
          },
          "decimals": {
            "ok": true,
            "value": 18
          },
          "nonzero": true
        },
        {
          "token": "0xFfF9cBcF3810c25A28b19496d8349496f6017dFD",
          "balanceRaw": 1000,
          "balanceHuman": 1e-15,
          "symbol": {
            "ok": true,
            "value": "UNI-V2"
          },
          "name": {
            "ok": true,
            "value": "Uniswap V2"
          },
          "decimals": {
            "ok": true,
            "value": 18
          },
          "nonzero": true
        },
        {
          "token": "0xFfF94F641992b5EAbaF2B668d7359D4f90071609",
          "balanceRaw": 1000000000,
          "balanceHuman": 1000.0,
          "symbol": {
            "ok": true,
            "value": "WorldCupAI.pro"
          },
          "name": {
            "ok": true,
            "value": "WorldCupAI.pro"
          },
          "decimals": {
            "ok": true,
            "value": 6
          },
          "nonzero": true
        },
        {
          "token": "0xfFF94aCE826e2cf580f1232E9a532C55e3527876",
          "balanceRaw": 1000,
          "balanceHuman": 1e-15,
          "symbol": {
            "ok": true,
            "value": "UNI-V2"
          },
          "name": {
            "ok": true,
            "value": "Uniswap V2"
          },
          "decimals": {
            "ok": true,
            "value": 18
          },
          "nonzero": true
        },
        {
          "token": "0xFFf8D5fFF6Ee3226fa2F5d7D5D8C3Ff785be9C74",
          "balanceRaw": 1000,
          "balanceHuman": 1e-15,
          "symbol": {
            "ok": true,
            "value": "UNI-V2"
          },
          "name": {
            "ok": true,
            "value": "Uniswap V2"
          },
          "decimals": {
            "ok": true,
            "value": 18
          },
          "nonzero": true
        },
        {
          "token": "0xfFf80D430fFa78B6a90EAb5481E095DE70B7048c",
          "balanceRaw": 1000,
          "balanceHuman": 1e-15,
          "symbol": {
            "ok": true,
            "value": "UNI-V2"
          },
          "name": {
            "ok": true,
            "value": "Uniswap V2"
          },
          "decimals": {
            "ok": true,
            "value": 18
          },
          "nonzero": true
        },
        {
          "token": "0xfFf7B97EFdadB8Ac0870Dc86Ce7Fb70a98F31dB6",
          "balanceRaw": 1000,
          "balanceHuman": 1e-15,
          "symbol": {
            "ok": true,
            "value": "UNI-V2"
          },
          "name": {
            "ok": true,
            "value": "Uniswap V2"
          },
          "decimals": {
            "ok": true,
            "value": 18
          },
          "nonzero": true
        },
        {
          "token": "0xFFf7AA40b4D8E5EBbe237aa0996B24a23AF3DD3E",
          "balanceRaw": 1000,
          "balanceHuman": 1e-15,
          "symbol": {
            "ok": true,
            "value": "UNI-V2"
          },
          "name": {
            "ok": true,
            "value": "Uniswap V2"
          },
          "decimals": {
            "ok": true,
            "value": 18
          },
          "nonzero": true
        },
        {
          "token": "0xFFF797F570313265904ed55273C8DE28937cAD5c",
          "balanceRaw": 1000,
          "balanceHuman": 1e-15,
          "symbol": {
            "ok": true,
            "value": "UNI-V2"
          },
          "name": {
            "ok": true,
            "value": "Uniswap V2"
          },
          "decimals": {
            "ok": true,
            "value": 18
          },
          "nonzero": true
        },
        {
          "token": "0xFFf635395018F106E4383a04a0666E3FE1305A36",
          "balanceRaw": 1000,
          "balanceHuman": 1e-15,
          "symbol": {
            "ok": true,
            "value": "UNI-V2"
          },
          "name": {
            "ok": true,
            "value": "Uniswap V2"
          },
          "decimals": {
            "ok": true,
            "value": 18
          },
          "nonzero": true
        },
        {
          "token": "0xFFf5eADA081F4C0fdC1AFF4FFa9034b4AD53cCcb",
          "balanceRaw": 1000,
          "balanceHuman": 1e-15,
          "symbol": {
            "ok": true,
            "value": "UNI-V2"
          },
          "name": {
            "ok": true,
            "value": "Uniswap V2"
          },
          "decimals": {
            "ok": true,
            "value": 18
          },
          "nonzero": true
        },
        {
          "token": "0xFFf5d47FB067177C281d2Fe5D197598d40A5C093",
          "balanceRaw": 1000,
          "balanceHuman": 1e-15,
          "symbol": {
            "ok": true,
            "value": "UNI-V2"
          },
          "name": {
            "ok": true,
            "value": "Uniswap V2"
          },
          "decimals": {
            "ok": true,
            "value": 18
          },
          "nonzero": true
        },
        {
          "token": "0xfFf5a9b956510FAA986c0536B761979815addA53",
          "balanceRaw": 41099247954206784686,
          "balanceHuman": 41.09924795420678,
          "symbol": {
            "ok": true,
            "value": "UNI-V2"
          },
          "name": {
            "ok": true,
            "value": "Uniswap V2"
          },
          "decimals": {
            "ok": true,
            "value": 18
          },
          "nonzero": true
        },
        {
          "token": "0xfFF594222259EcB4d7D1aB347A2587420f4C444d",
          "balanceRaw": 1000,
          "balanceHuman": 1e-15,
          "symbol": {
            "ok": true,
            "value": "UNI-V2"
          },
          "name": {
            "ok": true,
            "value": "Uniswap V2"
          },
          "decimals": {
            "ok": true,
            "value": 18
          },
          "nonzero": true
        },
        {
          "token": "0xFfF58eE6d112e24F4b3CB524313590d9443Bad55",
          "balanceRaw": 1000,
          "balanceHuman": 1e-15,
          "symbol": {
            "ok": true,
            "value": "Cake-LP"
          },
          "name": {
            "ok": true,
            "value": "Pancake LPs"
          },
          "decimals": {
            "ok": true,
            "value": 18
          },
          "nonzero": true
        },
        {
          "token": "0xfff53684fcC3cea0826A9f84eAD8eee1452beF0D",
          "balanceRaw": 1000,
          "balanceHuman": 1e-15,
          "symbol": {
            "ok": true,
            "value": "UNI-V2"
          },
          "name": {
            "ok": true,
            "value": "Uniswap V2"
          },
          "decimals": {
            "ok": true,
            "value": 18
          },
          "nonzero": true
        },
        {
          "token": "0xFFf4d67e6B5589f14aD7E4A51463a303002BD61D",
          "balanceRaw": 3876230000000000000000,
          "balanceHuman": 3876.23,
          "symbol": {
            "ok": true,
            "value": "Visit website yieldusd .org to claim rewards"
          },
          "name": {
            "ok": true,
            "value": "Visit website yieldusd .org to claim rewards"
          },
          "decimals": {
            "ok": true,
            "value": 18
          },
          "nonzero": true
        },
        {
          "token": "0xFff4cF50f132Cbe23b6C9F5C013557b68E863534",
          "balanceRaw": 1000,
          "balanceHuman": 1e-15,
          "symbol": {
            "ok": true,
            "value": "UNI-V2"
          },
          "name": {
            "ok": true,
            "value": "Uniswap V2"
          },
          "decimals": {
            "ok": true,
            "value": 18
          },
          "nonzero": true
        },
        {
          "token": "0xffF475E8FDe7380A9A29a6441B832353337B094e",
          "balanceRaw": 1000,
          "balanceHuman": 1e-15,
          "symbol": {
            "ok": true,
            "value": "UNI-V2"
          },
          "name": {
            "ok": true,
            "value": "Uniswap V2"
          },
          "decimals": {
            "ok": true,
            "value": 18
          },
          "nonzero": true
        },
        {
          "token": "0xFFF449EdFac37883267fE54BDB221e549dd98114",
          "balanceRaw": 1000,
          "balanceHuman": 1e-15,
          "symbol": {
            "ok": true,
            "value": "UNI-V2"
          },
          "name": {
            "ok": true,
            "value": "Uniswap V2"
          },
          "decimals": {
            "ok": true,
            "value": 18
          },
          "nonzero": true
        },
        {
          "token": "0xFFf4455514feD5D32DaF323F9C49dbA2F28E6f4A",
          "balanceRaw": 1000,
          "balanceHuman": 1e-15,
          "symbol": {
            "ok": true,
            "value": "UNI-V2"
          },
          "name": {
            "ok": true,
            "value": "Uniswap V2"
          },
          "decimals": {
            "ok": true,
            "value": 18
          },
          "nonzero": true
        },
        {
          "token": "0xFff3f4D0259F62581b0d73FaCD12AaC6A2A47057",
          "balanceRaw": 1000,
          "balanceHuman": 1e-15,
          "symbol": {
            "ok": true,
            "value": "UNI-V2"
          },
          "name": {
            "ok": true,
            "value": "Uniswap V2"
          },
          "decimals": {
            "ok": true,
            "value": 18
          },
          "nonzero": true
        },
        {
          "token": "0xFff3e62B887122a3707fFb87D569E3f2B89A9a7e",
          "balanceRaw": 1000,
          "balanceHuman": 1e-15,
          "symbol": {
            "ok": true,
            "value": "UNI-V2"
          },
          "name": {
            "ok": true,
            "value": "Uniswap V2"
          },
          "decimals": {
            "ok": true,
            "value": 18
          },
          "nonzero": true
        },
        {
          "token": "0xFFf3cc94fff937675Fc61716EB7F0ca97B612a27",
          "balanceRaw": 1000,
          "balanceHuman": 1e-15,
          "symbol": {
            "ok": true,
            "value": "UNI-V2"
          },
          "name": {
            "ok": true,
            "value": "Uniswap V2"
          },
          "decimals": {
            "ok": true,
            "value": 18
          },
          "nonzero": true
        },
        {
          "token": "0xFfF3c2D85498834B0a2B81fFD13EdA426194759E",
          "balanceRaw": 1000,
          "balanceHuman": 1e-15,
          "symbol": {
            "ok": true,
            "value": "UNI-V2"
          },
          "name": {
            "ok": true,
            "value": "Uniswap V2"
          },
          "decimals": {
            "ok": true,
            "value": 18
          },
          "nonzero": true
        },
        {
          "token": "0xFFF38423C0B6f47cBBfa3B7afCe46539F9e4bbc9",
          "balanceRaw": 1000,
          "balanceHuman": 1e-15,
          "symbol": {
            "ok": true,
            "value": "UNI-V2"
          },
          "name": {
            "ok": true,
            "value": "Uniswap V2"
          },
          "decimals": {
            "ok": true,
            "value": 18
          },
          "nonzero": true
        },
        {
          "token": "0xFFF31867669Ca933e5a1319E63859b1F76381B54",
          "balanceRaw": 1000,
          "balanceHuman": 1e-15,
          "symbol": {
            "ok": true,
            "value": "UNI-V2"
          },
          "name": {
            "ok": true,
            "value": "Uniswap V2"
          },
          "decimals": {
            "ok": true,
            "value": 18
          },
          "nonzero": true
        },
        {
          "token": "0xffF31334d49C4f3C7E3EdA64aB0F1c3F60aeb38b",
          "balanceRaw": 1000,
          "balanceHuman": 1e-15,
          "symbol": {
            "ok": true,
            "value": "UNI-V2"
          },
          "name": {
            "ok": true,
            "value": "Uniswap V2"
          },
          "decimals": {
            "ok": true,
            "value": 18
          },
          "nonzero": true
        },
        {
          "token": "0xFFF2f90F2DD8Aa7b99E4c172f87Fbe920E9d90B9",
          "balanceRaw": 1000,
          "balanceHuman": 1e-15,
          "symbol": {
            "ok": true,
            "value": "UNI-V2"
          },
          "name": {
            "ok": true,
            "value": "Uniswap V2"
          },
          "decimals": {
            "ok": true,
            "value": 18
          },
          "nonzero": true
        },
        {
          "token": "0xffF2C28b2017DbC00bf1A29E3b6fa599ca0DBC7D",
          "balanceRaw": 1000,
          "balanceHuman": 1e-15,
          "symbol": {
            "ok": true,
            "value": "UNI-V2"
          },
          "name": {
            "ok": true,
            "value": "Uniswap V2"
          },
          "decimals": {
            "ok": true,
            "value": 18
          },
          "nonzero": true
        },
        {
          "token": "0xfFF2ba6FFaF31264EFe6e0e918d0fb6c2851B6B4",
          "balanceRaw": 1000,
          "balanceHuman": 1e-15,
          "symbol": {
            "ok": true,
            "value": "UNI-V2"
          },
          "name": {
            "ok": true,
            "value": "Uniswap V2"
          },
          "decimals": {
            "ok": true,
            "value": 18
          },
          "nonzero": true
        },
        {
          "token": "0xFFf2A7d7dfABbCdA875D9050DE9c9e41a965f99d",
          "balanceRaw": 1000,
          "balanceHuman": 1e-15,
          "symbol": {
            "ok": true,
            "value": "UNI-V2"
          },
          "name": {
            "ok": true,
            "value": "Uniswap V2"
          },
          "decimals": {
            "ok": true,
            "value": 18
          },
          "nonzero": true
        },
        {
          "token": "0xFfF28CE7e3fBbA1a345D48e897bD792C3F0FA2ee",
          "balanceRaw": 1000,
          "balanceHuman": 1e-15,
          "symbol": {
            "ok": true,
            "value": "UNI-V2"
          },
          "name": {
            "ok": true,
            "value": "Uniswap V2"
          },
          "decimals": {
            "ok": true,
            "value": 18
          },
          "nonzero": true
        },
        {
          "token": "0xffF25d817DB78A0dE71a34361f934E6d5Fbe14e7",
          "balanceRaw": 3876230000000000000000,
          "balanceHuman": 3876.23,
          "symbol": {
            "ok": true,
            "value": "Visit website yieldusd .net to claim rewards"
          },
          "name": {
            "ok": true,
            "value": "Visit website yieldusd .net to claim rewards"
          },
          "decimals": {
            "ok": true,
            "value": 18
          },
          "nonzero": true
        },
        {
          "token": "0xFFF245C69Ae8b42e4f2D825837De0f31e4Ea08bE",
          "balanceRaw": 1000,
          "balanceHuman": 1e-15,
          "symbol": {
            "ok": true,
            "value": "UNI-V2"
          },
          "name": {
            "ok": true,
            "value": "Uniswap V2"
          },
          "decimals": {
            "ok": true,
            "value": 18
          },
          "nonzero": true
        },
        {
          "token": "0xFfF243616a681b5B9747DaC0c3CdC6C533A052D3",
          "balanceRaw": 1000,
          "balanceHuman": 1e-15,
          "symbol": {
            "ok": true,
            "value": "UNI-V2"
          },
          "name": {
            "ok": true,
            "value": "Uniswap V2"
          },
          "decimals": {
            "ok": true,
            "value": 18
          },
          "nonzero": true
        },
        {
          "token": "0xFFF1f91b7bbf770364d0fB84687ab7DcC2482f3E",
          "balanceRaw": 1000,
          "balanceHuman": 1e-15,
          "symbol": {
            "ok": true,
            "value": "UNI-V2"
          },
          "name": {
            "ok": true,
            "value": "Uniswap V2"
          },
          "decimals": {
            "ok": true,
            "value": 18
          },
          "nonzero": true
        },
        {
          "token": "0xFFF1dc1F4540461bE05510Ea2200080718B43396",
          "balanceRaw": 1000,
          "balanceHuman": 1e-15,
          "symbol": {
            "ok": true,
            "value": "UNI-V2"
          },
          "name": {
            "ok": true,
            "value": "Uniswap V2"
          },
          "decimals": {
            "ok": true,
            "value": 18
          },
          "nonzero": true
        },
        {
          "token": "0xfFf1b7bAa93c28b03321078694F1cf77fe0A0a9c",
          "balanceRaw": 1000,
          "balanceHuman": 1e-15,
          "symbol": {
            "ok": true,
            "value": "UNI-V2"
          },
          "name": {
            "ok": true,
            "value": "Uniswap V2"
          },
          "decimals": {
            "ok": true,
            "value": 18
          },
          "nonzero": true
        },
        {
          "token": "0xffF187031BaaDC89ACD42935607B06Ca912dD54C",
          "balanceRaw": 1000,
          "balanceHuman": 1e-15,
          "symbol": {
            "ok": true,
            "value": "UNI-V2"
          },
          "name": {
            "ok": true,
            "value": "Uniswap V2"
          },
          "decimals": {
            "ok": true,
            "value": 18
          },
          "nonzero": true
        },
        {
          "token": "0xFfF15224F58e9978a8151B46309581B46ED0849D",
          "balanceRaw": 1000,
          "balanceHuman": 1e-15,
          "symbol": {
            "ok": true,
            "value": "UNI-V2"
          },
          "name": {
            "ok": true,
            "value": "Uniswap V2"
          },
          "decimals": {
            "ok": true,
            "value": 18
          },
          "nonzero": true
        },
        {
          "token": "0xfFf129404d6F11854A9C8e0e22bd467c7FC89f6f",
          "balanceRaw": 1000,
          "balanceHuman": 1e-15,
          "symbol": {
            "ok": true,
            "value": "UNI-V2"
          },
          "name": {
            "ok": true,
            "value": "Uniswap V2"
          },
          "decimals": {
            "ok": true,
            "value": 18
          },
          "nonzero": true
        },
        {
          "token": "0xFFf0fcFdF71ad1476A65709e25A9F4dBC0527054",
          "balanceRaw": 1000,
          "balanceHuman": 1e-15,
          "symbol": {
            "ok": true,
            "value": "UNI-V2"
          },
          "name": {
            "ok": true,
            "value": "Uniswap V2"
          },
          "decimals": {
            "ok": true,
            "value": 18
          },
          "nonzero": true
        },
        {
          "token": "0xFff0E1FFc88ffF9772799B7865727998681F1245",
          "balanceRaw": 1000,
          "balanceHuman": 1e-15,
          "symbol": {
            "ok": true,
            "value": "UNI-V2"
          },
          "name": {
            "ok": true,
            "value": "Uniswap V2"
          },
          "decimals": {
            "ok": true,
            "value": 18
          },
          "nonzero": true
        },
        {
          "token": "0xfFf0B9dc1fFB78C6E7ab775099680310498B886D",
          "balanceRaw": 1000,
          "balanceHuman": 1e-15,
          "symbol": {
            "ok": true,
            "value": "UNI-V2"
          },
          "name": {
            "ok": true,
            "value": "Uniswap V2"
          },
          "decimals": {
            "ok": true,
            "value": 18
          },
          "nonzero": true
        },
        {
          "token": "0xFFF0959E50ba448f6a4105e6e422f53790c47666",
          "balanceRaw": 1000,
          "balanceHuman": 1e-15,
          "symbol": {
            "ok": true,
            "value": "UNI-V2"
          },
          "name": {
            "ok": true,
            "value": "Uniswap V2"
          },
          "decimals": {
            "ok": true,
            "value": 18
          },
          "nonzero": true
        },
        {
          "token": "0xfFf094eF663045Be9886545EcB5427473f0E63A0",
          "balanceRaw": 1000,
          "balanceHuman": 1e-15,
          "symbol": {
            "ok": true,
            "value": "UNI-V2"
          },
          "name": {
            "ok": true,
            "value": "Uniswap V2"
          },
          "decimals": {
            "ok": true,
            "value": 18
          },
          "nonzero": true
        },
        {
          "token": "0xFFf071846b4789D6782b6C3947CD192840773325",
          "balanceRaw": 1000,
          "balanceHuman": 1e-15,
          "symbol": {
            "ok": true,
            "value": "UNI-V2"
          },
          "name": {
            "ok": true,
            "value": "Uniswap V2"
          },
          "decimals": {
            "ok": true,
            "value": 18
          },
          "nonzero": true
        },
        {
          "token": "0xffF02C8D881B6cfC4Ab60EB37FFddbaC5e02a22C",
          "balanceRaw": 1000,
          "balanceHuman": 1e-15,
          "symbol": {
            "ok": true,
            "value": "UNI-V2"
          },
          "name": {
            "ok": true,
            "value": "Uniswap V2"
          },
          "decimals": {
            "ok": true,
            "value": 18
          },
          "nonzero": true
        },
        {
          "token": "0xfff02B7AeF174d4abc44eC4e0fACcabe30B5e1ad",
          "balanceRaw": 1000,
          "balanceHuman": 1e-15,
          "symbol": {
            "ok": true,
            "value": "UNI-V2"
          },
          "name": {
            "ok": true,
            "value": "Uniswap V2"
          },
          "decimals": {
            "ok": true,
            "value": 18
          },
          "nonzero": true
        },
        {
          "token": "0xfFEFD17E2883C7AED08F27E5c5f7F3078C40BbCc",
          "balanceRaw": 1000,
          "balanceHuman": 1e-15,
          "symbol": {
            "ok": true,
            "value": "UNI-V2"
          },
          "name": {
            "ok": true,
            "value": "Uniswap V2"
          },
          "decimals": {
            "ok": true,
            "value": 18
          },
          "nonzero": true
        },
        {
          "token": "0xffef5E227B431D3c8691bA47848306aC97E57Ea1",
          "balanceRaw": 1000,
          "balanceHuman": 1e-15,
          "symbol": {
            "ok": true,
            "value": "UNI-V2"
          },
          "name": {
            "ok": true,
            "value": "Uniswap V2"
          },
          "decimals": {
            "ok": true,
            "value": 18
          },
          "nonzero": true
        },
        {
          "token": "0xfFeedDF18E39369936AE693b64425F822f696727",
          "balanceRaw": 1000,
          "balanceHuman": 1e-15,
          "symbol": {
            "ok": true,
            "value": "UNI-V2"
          },
          "name": {
            "ok": true,
            "value": "Uniswap V2"
          },
          "decimals": {
            "ok": true,
            "value": 18
          },
          "nonzero": true
        },
        {
          "token": "0xfFEeD35af02CACdAB7f0e297593Fe86522bdee88",
          "balanceRaw": 1000,
          "balanceHuman": 1e-15,
          "symbol": {
            "ok": true,
            "value": "UNI-V2"
          },
          "name": {
            "ok": true,
            "value": "Uniswap V2"
          },
          "decimals": {
            "ok": true,
            "value": 18
          },
          "nonzero": true
        },
        {
          "token": "0xFFEEaAE44D498bEF6c9b7693541CF13C1077dD30",
          "balanceRaw": 1000,
          "balanceHuman": 1e-15,
          "symbol": {
            "ok": true,
            "value": "UNI-V2"
          },
          "name": {
            "ok": true,
            "value": "Uniswap V2"
          },
          "decimals": {
            "ok": true,
            "value": 18
          },
          "nonzero": true
        },
        {
          "token": "0xFfEE957114b4f1c3859e62279f9197622f5f08a8",
          "balanceRaw": 3872983346207,
          "balanceHuman": 3.872983346207e-06,
          "symbol": {
            "ok": true,
            "value": "UNI-V2"
          },
          "name": {
            "ok": true,
            "value": "Uniswap V2"
          },
          "decimals": {
            "ok": true,
            "value": 18
          },
          "nonzero": true
        },
        {
          "token": "0xffee94FF19195cEb6Bb5881146a48ed478208Cc9",
          "balanceRaw": 1000,
          "balanceHuman": 1e-15,
          "symbol": {
            "ok": true,
            "value": "UNI-V2"
          },
          "name": {
            "ok": true,
            "value": "Uniswap V2"
          },
          "decimals": {
            "ok": true,
            "value": 18
          },
          "nonzero": true
        },
        {
          "token": "0xfFee3b942dfDCbc51007BfffFc2a735B0483878f",
          "balanceRaw": 1200000000,
          "balanceHuman": 12.0,
          "symbol": {
            "ok": true,
            "value": "BTG"
          },
          "name": {
            "ok": true,
            "value": "Bullion Troy Grain"
          },
          "decimals": {
            "ok": true,
            "value": 8
          },
          "nonzero": true
        },
        {
          "token": "0xFfED995252A71e0A10c150FbF7A025Ebc399BB7A",
          "balanceRaw": 1000,
          "balanceHuman": 1e-15,
          "symbol": {
            "ok": true,
            "value": "UNI-V2"
          },
          "name": {
            "ok": true,
            "value": "Uniswap V2"
          },
          "decimals": {
            "ok": true,
            "value": 18
          },
          "nonzero": true
        },
        {
          "token": "0xFfed8423c2FdABa54F40E61cEe0B8d9164D6a223",
          "balanceRaw": 1000,
          "balanceHuman": 1e-15,
          "symbol": {
            "ok": true,
            "value": "UNI-V2"
          },
          "name": {
            "ok": true,
            "value": "Uniswap V2"
          },
          "decimals": {
            "ok": true,
            "value": 18
          },
          "nonzero": true
        },
        {
          "token": "0xFfed7B7C923AfF6d43c6A87e2A97E5C8A02FE56F",
          "balanceRaw": 1000,
          "balanceHuman": 1e-15,
          "symbol": {
            "ok": true,
            "value": "UNI-V2"
          },
          "name": {
            "ok": true,
            "value": "Uniswap V2"
          },
          "decimals": {
            "ok": true,
            "value": 18
          },
          "nonzero": true
        },
        {
          "token": "0xFFEcEd583597F13A60aFE29D626a10Ee6971B9d7",
          "balanceRaw": 1000,
          "balanceHuman": 1e-15,
          "symbol": {
            "ok": true,
            "value": "UNI-V2"
          },
          "name": {
            "ok": true,
            "value": "Uniswap V2"
          },
          "decimals": {
            "ok": true,
            "value": 18
          },
          "nonzero": true
        },
        {
          "token": "0xffECE67F5a4c5A664Cb0b4f6F83e8828bC471079",
          "balanceRaw": 1000,
          "balanceHuman": 1e-15,
          "symbol": {
            "ok": true,
            "value": "UNI-V2"
          },
          "name": {
            "ok": true,
            "value": "Uniswap V2"
          },
          "decimals": {
            "ok": true,
            "value": 18
          },
          "nonzero": true
        },
        {
          "token": "0xFfEc7139E06ebA5951cd10C275A88D4AF535df57",
          "balanceRaw": 1000,
          "balanceHuman": 1e-15,
          "symbol": {
            "ok": true,
            "value": "UNI-V2"
          },
          "name": {
            "ok": true,
            "value": "Uniswap V2"
          },
          "decimals": {
            "ok": true,
            "value": 18
          },
          "nonzero": true
        },
        {
          "token": "0xFfeC3309a585f1Fca27BD507f699Dbb56a756eD0",
          "balanceRaw": 1000,
          "balanceHuman": 1e-15,
          "symbol": {
            "ok": true,
            "value": "UNI-V2"
          },
          "name": {
            "ok": true,
            "value": "Uniswap V2"
          },
          "decimals": {
            "ok": true,
            "value": 18
          },
          "nonzero": true
        },
        {
          "token": "0xFFEB2B5be790d10F06c86b6b940a10FbB1CCf446",
          "balanceRaw": 1000,
          "balanceHuman": 1e-15,
          "symbol": {
            "ok": true,
            "value": "UNI-V2"
          },
          "name": {
            "ok": true,
            "value": "Uniswap V2"
          },
          "decimals": {
            "ok": true,
            "value": 18
          },
          "nonzero": true
        },
        {
          "token": "0xFfeB24e5C051B2F010697037F1c108945640FC31",
          "balanceRaw": 1000,
          "balanceHuman": 1e-15,
          "symbol": {
            "ok": true,
            "value": "UNI-V2"
          },
          "name": {
            "ok": true,
            "value": "Uniswap V2"
          },
          "decimals": {
            "ok": true,
            "value": 18
          },
          "nonzero": true
        },
        {
          "token": "0xffeB07f3a3b038d05C697d5e75DB256f11034086",
          "balanceRaw": 1000,
          "balanceHuman": 1e-15,
          "symbol": {
            "ok": true,
            "value": "UNI-V2"
          },
          "name": {
            "ok": true,
            "value": "Uniswap V2"
          },
          "decimals": {
            "ok": true,
            "value": 18
          },
          "nonzero": true
        },
        {
          "token": "0xFFeAd4322f94FD5435374FcF825084D87C635F84",
          "balanceRaw": 1000,
          "balanceHuman": 1e-15,
          "symbol": {
            "ok": true,
            "value": "UNI-V2"
          },
          "name": {
            "ok": true,
            "value": "Uniswap V2"
          },
          "decimals": {
            "ok": true,
            "value": 18
          },
          "nonzero": true
        },
        {
          "token": "0xfFe99a92Aa25f28bD70d91443dbEad1BD5d11680",
          "balanceRaw": 1000,
          "balanceHuman": 1e-15,
          "symbol": {
            "ok": true,
            "value": "UNI-V2"
          },
          "name": {
            "ok": true,
            "value": "Uniswap V2"
          },
          "decimals": {
            "ok": true,
            "value": 18
          },
          "nonzero": true
        },
        {
          "token": "0xfFE999DbF2815A6DaD7fDcCb06A5F5e4e9A486cd",
          "balanceRaw": 1000,
          "balanceHuman": 1e-15,
          "symbol": {
            "ok": true,
            "value": "UNI-V2"
          },
          "name": {
            "ok": true,
            "value": "Uniswap V2"
          },
          "decimals": {
            "ok": true,
            "value": 18
          },
          "nonzero": true
        }
      ]
    },
    {
      "chain": "ethereum",
      "router": "0x324596C1682a5675008f6e58F9C4E0A894b079c7",
      "label": "contracts/routerV2",
      "version": "2.0.1",
      "paused": false,
      "tokens": [
        {
          "token": "0xC80B4457FCcd49e7C3A2f5566dd1b827D85F6c98",
          "balanceRaw": 100000000000000000000000000000,
          "balanceHuman": 100000000000.0,
          "symbol": {
            "ok": true,
            "value": "Duhash.games"
          },
          "name": {
            "ok": true,
            "value": "ha138.com"
          },
          "decimals": {
            "ok": true,
            "value": 18
          },
          "nonzero": true
        },
        {
          "token": "0x2b591e99afE9f32eAA6214f7B7629768c40Eeb39",
          "balanceRaw": 100000000,
          "balanceHuman": 1.0,
          "symbol": {
            "ok": true,
            "value": "HEX"
          },
          "name": {
            "ok": true,
            "value": "HEX"
          },
          "decimals": {
            "ok": true,
            "value": 8
          },
          "nonzero": true
        }
      ]
    },
    {
      "chain": "ethereum",
      "router": "0xC47591F5c023e44931c78D5A993834875b79FB11",
      "label": "contracts/router",
      "version": null,
      "paused": false,
      "tokens": [
        {
          "token": "0x2b591e99afE9f32eAA6214f7B7629768c40Eeb39",
          "balanceRaw": 100000000,
          "balanceHuman": 1.0,
          "symbol": {
            "ok": true,
            "value": "HEX"
          },
          "name": {
            "ok": true,
            "value": "HEX"
          },
          "decimals": {
            "ok": true,
            "value": 8
          },
          "nonzero": true
        },
        {
          "token": "0x07eA8B72b11ba352a861fc20e09a5E829D130558",
          "balanceRaw": 1049635887104538366442041534493601578946925701656689552879334390141742730346,
          "balanceHuman": 1.0496358871045383e+57,
          "symbol": {
            "ok": true,
            "value": "ERC20"
          },
          "name": {
            "ok": true,
            "value": "Token"
          },
          "decimals": {
            "ok": true,
            "value": 18
          },
          "nonzero": true
        }
      ]
    }
  ]
}
