differential	Execute multi-lane campaigns	﻿2026-08-23T19:32:49.1118378Z ##[group]Run set -euo pipefail
differential	Execute multi-lane campaigns	2026-08-23T19:32:49.1118779Z ^[[36;1mset -euo pipefail^[[0m
differential	Execute multi-lane campaigns	2026-08-23T19:32:49.1119065Z ^[[36;1mcat > out/focus/pow2.json <<'JSON'^[[0m
differential	Execute multi-lane campaigns	2026-08-23T19:32:49.1119339Z ^[[36;1m{^[[0m
differential	Execute multi-lane campaigns	2026-08-23T19:32:49.1119558Z ^[[36;1m  "power_of_two_constant_prob": 0.25,^[[0m
differential	Execute multi-lane campaigns	2026-08-23T19:32:49.1119867Z ^[[36;1m  "power_of_32_constant_prob": 0.25,^[[0m
differential	Execute multi-lane campaigns	2026-08-23T19:32:49.1120180Z ^[[36;1m  "negated_power_of_32_constant_prob": 0.15,^[[0m
differential	Execute multi-lane campaigns	2026-08-23T19:32:49.1120510Z ^[[36;1m  "negated_power_of_two_constant_prob": 0.15,^[[0m
differential	Execute multi-lane campaigns	2026-08-23T19:32:49.1120810Z ^[[36;1m  "valid_jump_prob": 1.0^[[0m
differential	Execute multi-lane campaigns	2026-08-23T19:32:49.1121043Z ^[[36;1m}^[[0m
differential	Execute multi-lane campaigns	2026-08-23T19:32:49.1121221Z ^[[36;1mJSON^[[0m
differential	Execute multi-lane campaigns	2026-08-23T19:32:49.1121433Z ^[[36;1mcat > out/focus/dynjump.json <<'JSON'^[[0m
differential	Execute multi-lane campaigns	2026-08-23T19:32:49.1121697Z ^[[36;1m{^[[0m
differential	Execute multi-lane campaigns	2026-08-23T19:32:49.1121890Z ^[[36;1m  "valid_jumpdest_prob": 0.50,^[[0m
differential	Execute multi-lane campaigns	2026-08-23T19:32:49.1122169Z ^[[36;1m  "meaningful_constant_prob": 0.20,^[[0m
differential	Execute multi-lane campaigns	2026-08-23T19:32:49.1122444Z ^[[36;1m  "small_constant_prob": 0.20,^[[0m
differential	Execute multi-lane campaigns	2026-08-23T19:32:49.1122732Z ^[[36;1m  "valid_jump_prob": 0.0,^[[0m
differential	Execute multi-lane campaigns	2026-08-23T19:32:49.1123147Z ^[[36;1m  "block_dist_p1": 0.03,^[[0m
differential	Execute multi-lane campaigns	2026-08-23T19:32:49.1123381Z ^[[36;1m  "block_dist_p2": 0.03,^[[0m
differential	Execute multi-lane campaigns	2026-08-23T19:32:49.1123612Z ^[[36;1m  "block_dist_p3": 0.03^[[0m
differential	Execute multi-lane campaigns	2026-08-23T19:32:49.1123832Z ^[[36;1m}^[[0m
differential	Execute multi-lane campaigns	2026-08-23T19:32:49.1124296Z ^[[36;1mJSON^[[0m
differential	Execute multi-lane campaigns	2026-08-23T19:32:49.1124526Z ^[[36;1mcat > out/focus/callheavy.json <<'JSON'^[[0m
differential	Execute multi-lane campaigns	2026-08-23T19:32:49.1124814Z ^[[36;1m{^[[0m
differential	Execute multi-lane campaigns	2026-08-23T19:32:49.1125006Z ^[[36;1m  "valid_address_prob": 0.80,^[[0m
differential	Execute multi-lane campaigns	2026-08-23T19:32:49.1125281Z ^[[36;1m  "meaningful_constant_prob": 0.20,^[[0m
differential	Execute multi-lane campaigns	2026-08-23T19:32:49.1125563Z ^[[36;1m  "small_constant_prob": 0.20,^[[0m
differential	Execute multi-lane campaigns	2026-08-23T19:32:49.1125825Z ^[[36;1m  "push_weight": 0.20,^[[0m
differential	Execute multi-lane campaigns	2026-08-23T19:32:49.1126066Z ^[[36;1m  "dup_weight": 0.20,^[[0m
differential	Execute multi-lane campaigns	2026-08-23T19:32:49.1126299Z ^[[36;1m  "call_weight": 0.20,^[[0m
differential	Execute multi-lane campaigns	2026-08-23T19:32:49.1126546Z ^[[36;1m  "returndatacopy_weight": 0.10,^[[0m
differential	Execute multi-lane campaigns	2026-08-23T19:32:49.1126817Z ^[[36;1m  "create_weight": 0.10,^[[0m
differential	Execute multi-lane campaigns	2026-08-23T19:32:49.1127084Z ^[[36;1m  "uncommon_non_term_weight": 0.15,^[[0m
differential	Execute multi-lane campaigns	2026-08-23T19:32:49.1127367Z ^[[36;1m  "valid_jump_prob": 0.90^[[0m
differential	Execute multi-lane campaigns	2026-08-23T19:32:49.1127599Z ^[[36;1m}^[[0m
differential	Execute multi-lane campaigns	2026-08-23T19:32:49.1127771Z ^[[36;1mJSON^[[0m
differential	Execute multi-lane campaigns	2026-08-23T19:32:49.1127993Z ^[[36;1mcat > out/focus/stateheavy.json <<'JSON'^[[0m
differential	Execute multi-lane campaigns	2026-08-23T19:32:49.1128268Z ^[[36;1m{^[[0m
differential	Execute multi-lane campaigns	2026-08-23T19:32:49.1128458Z ^[[36;1m  "valid_address_prob": 0.65,^[[0m
differential	Execute multi-lane campaigns	2026-08-23T19:32:49.1128764Z ^[[36;1m  "random_constant_with_cleared_words_prob": 0.20,^[[0m
differential	Execute multi-lane campaigns	2026-08-23T19:32:49.1129090Z ^[[36;1m  "meaningful_constant_prob": 0.20,^[[0m
differential	Execute multi-lane campaigns	2026-08-23T19:32:49.1129365Z ^[[36;1m  "small_constant_prob": 0.20,^[[0m
differential	Execute multi-lane campaigns	2026-08-23T19:32:49.1129628Z ^[[36;1m  "push_weight": 0.16,^[[0m
differential	Execute multi-lane campaigns	2026-08-23T19:32:49.1129863Z ^[[36;1m  "dup_weight": 0.16,^[[0m
differential	Execute multi-lane campaigns	2026-08-23T19:32:49.1130093Z ^[[36;1m  "call_weight": 0.02,^[[0m
differential	Execute multi-lane campaigns	2026-08-23T19:32:49.1130339Z ^[[36;1m  "returndatacopy_weight": 0.02,^[[0m
differential	Execute multi-lane campaigns	2026-08-23T19:32:49.1130607Z ^[[36;1m  "create_weight": 0.02,^[[0m
differential	Execute multi-lane campaigns	2026-08-23T19:32:49.1130863Z ^[[36;1m  "uncommon_non_term_weight": 0.40,^[[0m
differential	Execute multi-lane campaigns	2026-08-23T19:32:49.1131137Z ^[[36;1m  "valid_jump_prob": 0.95^[[0m
differential	Execute multi-lane campaigns	2026-08-23T19:32:49.1131372Z ^[[36;1m}^[[0m
differential	Execute multi-lane campaigns	2026-08-23T19:32:49.1131541Z ^[[36;1mJSON^[[0m
differential	Execute multi-lane campaigns	2026-08-23T19:32:49.1131718Z ^[[36;1m^[[0m
differential	Execute multi-lane campaigns	2026-08-23T19:32:49.1131946Z ^[[36;1mdocker start monad-v0160-campaign >/dev/null^[[0m
differential	Execute multi-lane campaigns	2026-08-23T19:32:49.1132306Z ^[[36;1mdocker exec monad-v0160-campaign bash -lc '^[[0m
differential	Execute multi-lane campaigns	2026-08-23T19:32:49.1132611Z ^[[36;1m  set -euo pipefail^[[0m
differential	Execute multi-lane campaigns	2026-08-23T19:32:49.1132864Z ^[[36;1m  F=/out/monad-compiler-fuzzer^[[0m
differential	Execute multi-lane campaigns	2026-08-23T19:32:49.1133122Z ^[[36;1m  run_lane() {^[[0m
differential	Execute multi-lane campaigns	2026-08-23T19:32:49.1133371Z ^[[36;1m    name="$1"; impl="$2"; seed="$3"; focus="$4"^[[0m
differential	Execute multi-lane campaigns	2026-08-23T19:32:49.1134219Z ^[[36;1m    args=(--implementation "$impl" --revision OSAKA --seed "$seed" --iterations-per-run 100 --messages 4 --runs 100000000 --print-stats)^[[0m
differential	Execute multi-lane campaigns	2026-08-23T19:32:49.1134878Z ^[[36;1m    if [[ -n "$focus" ]]; then args+=(--focus "$focus"); fi^[[0m
differential	Execute multi-lane campaigns	2026-08-23T19:32:49.1135196Z ^[[36;1m    set +e^[[0m
differential	Execute multi-lane campaigns	2026-08-23T19:32:49.1135523Z ^[[36;1m    MONAD_COMPILER_FUZZING=1 timeout --signal=TERM --kill-after=20s 900s \^[[0m
differential	Execute multi-lane campaigns	2026-08-23T19:32:49.1136205Z ^[[36;1m      stdbuf -oL -eL "$F" "${args[@]}" >"/out/logs/${name}.log" 2>&1^[[0m
differential	Execute multi-lane campaigns	2026-08-23T19:32:49.1136545Z ^[[36;1m    rc=$?^[[0m
differential	Execute multi-lane campaigns	2026-08-23T19:32:49.1136740Z ^[[36;1m    set -e^[[0m
differential	Execute multi-lane campaigns	2026-08-23T19:32:49.1136976Z ^[[36;1m    printf "%s\n" "$rc" >"/out/rc/${name}.rc"^[[0m
differential	Execute multi-lane campaigns	2026-08-23T19:32:49.1137255Z ^[[36;1m  }^[[0m
differential	Execute multi-lane campaigns	2026-08-23T19:32:49.1137446Z ^[[36;1m  export -f run_lane^[[0m
differential	Execute multi-lane campaigns	2026-08-23T19:32:49.1137674Z ^[[36;1m  export F^[[0m
differential	Execute multi-lane campaigns	2026-08-23T19:32:49.1137864Z ^[[36;1m^[[0m
differential	Execute multi-lane campaigns	2026-08-23T19:32:49.1138105Z ^[[36;1m  run_lane compiler_generic_a compiler 1000003 "" &^[[0m
differential	Execute multi-lane campaigns	2026-08-23T19:32:49.1138468Z ^[[36;1m  run_lane compiler_generic_b compiler 1000033 "" &^[[0m
differential	Execute multi-lane campaigns	2026-08-23T19:32:49.1138850Z ^[[36;1m  run_lane interpreter_generic_a interpreter 2000003 "" &^[[0m
differential	Execute multi-lane campaigns	2026-08-23T19:32:49.1139243Z ^[[36;1m  run_lane interpreter_generic_b interpreter 2000033 "" &^[[0m
differential	Execute multi-lane campaigns	2026-08-23T19:32:49.1139555Z ^[[36;1m  wait^[[0m
differential	Execute multi-lane campaigns	2026-08-23T19:32:49.1139742Z ^[[36;1m^[[0m
differential	Execute multi-lane campaigns	2026-08-23T19:32:49.1140017Z ^[[36;1m  run_lane compiler_pow2 compiler 3000017 /out/focus/pow2.json &^[[0m
differential	Execute multi-lane campaigns	2026-08-23T19:32:49.1140606Z ^[[36;1m  run_lane compiler_dynjump compiler 4000037 /out/focus/dynjump.json &^[[0m
differential	Execute multi-lane campaigns	2026-08-23T19:32:49.1141106Z ^[[36;1m  run_lane compiler_callheavy compiler 5000087 /out/focus/callheavy.json &^[[0m
differential	Execute multi-lane campaigns	2026-08-23T19:32:49.1141630Z ^[[36;1m  run_lane compiler_stateheavy compiler 6000119 /out/focus/stateheavy.json &^[[0m
differential	Execute multi-lane campaigns	2026-08-23T19:32:49.1142025Z ^[[36;1m  wait^[[0m
differential	Execute multi-lane campaigns	2026-08-23T19:32:49.1142206Z ^[[36;1m'^[[0m
differential	Execute multi-lane campaigns	2026-08-23T19:32:49.1178283Z shell: /usr/bin/bash --noprofile --norc -e -o pipefail {0}
differential	Execute multi-lane campaigns	2026-08-23T19:32:49.1178630Z ##[endgroup]
differential	Execute multi-lane campaigns	2026-08-23T19:46:23.6985499Z ##[error]Process completed with exit code 137.
