{
  "generatedAtUtc": "2026-07-30T20:28:05.300188+00:00",
  "chainFilter": "all",
  "chainCount": 4,
  "vaultCount": 0,
  "orderCount": 0,
  "mismatchCount": 0,
  "dangerousCurrentMismatchCount": 0,
  "mismatches": [],
  "dangerousCurrentMismatches": [],
  "nextStep": "KILL_NO_CURRENT_ASSET_DEBT_MISMATCH"
}
{
  "generatedAtUtc": "2026-07-30T20:28:05.300188+00:00",
  "chainFilter": "all",
  "chainCount": 4,
  "vaultCount": 0,
  "orderCount": 0,
  "mismatchCount": 0,
  "dangerousCurrentMismatchCount": 0,
  "mismatches": [],
  "dangerousCurrentMismatches": [],
  "nextStep": "KILL_NO_CURRENT_ASSET_DEBT_MISMATCH",
  "dangerousCurrentPoolAssetMismatchCount": 0,
  "dangerousCurrentPoolAssetMismatches": []
}
