  Determining projects to restore...
  Restored /home/runner/work/test/test/upstream/src/Nethermind/Nethermind.Db/Nethermind.Db.csproj (in 3.14 sec).
  Restored /home/runner/work/test/test/upstream/src/Nethermind/Nethermind.EraE/Nethermind.EraE.csproj (in 3.3 sec).
  Restored /home/runner/work/test/test/upstream/src/Nethermind/Nethermind.Era1/Nethermind.Era1.csproj (in 3.3 sec).
  Restored /home/runner/work/test/test/upstream/src/Nethermind/Nethermind.Db.Rpc/Nethermind.Db.Rpc.csproj (in 3.3 sec).
  Restored /home/runner/work/test/test/upstream/src/Nethermind/Nethermind.Crypto/Nethermind.Crypto.csproj (in 15 ms).
  Restored /home/runner/work/test/test/upstream/src/Nethermind/Nethermind.Core/Nethermind.Core.csproj (in 11 ms).
  Restored /home/runner/work/test/test/upstream/src/Nethermind/Nethermind.Consensus/Nethermind.Consensus.csproj (in 27 ms).
  Restored /home/runner/work/test/test/upstream/src/Nethermind/Nethermind.Consensus.Ethash/Nethermind.Consensus.Ethash.csproj (in 54 ms).
  Restored /home/runner/work/test/test/upstream/src/Nethermind/Nethermind.Consensus.Clique/Nethermind.Consensus.Clique.csproj (in 44 ms).
  Restored /home/runner/work/test/test/upstream/src/Nethermind/Nethermind.Db.Rocks/Nethermind.Db.Rocks.csproj (in 1.25 sec).
  Restored /home/runner/work/test/test/upstream/src/Nethermind/Nethermind.Config/Nethermind.Config.csproj (in 1.02 sec).
  Restored /home/runner/work/test/test/upstream/src/Nethermind/Nethermind.Consensus.AuRa/Nethermind.Consensus.AuRa.csproj (in 1.07 sec).
  Restored /home/runner/work/test/test/upstream/src/Nethermind/Nethermind.Blockchain/Nethermind.Blockchain.csproj (in 33 ms).
  Restored /home/runner/work/test/test/upstream/src/Nethermind/Nethermind.BalRecorder/Nethermind.BalRecorder.csproj (in 41 ms).
  Restored /home/runner/work/test/test/upstream/src/Nethermind/Nethermind.Api/Nethermind.Api.csproj (in 44 ms).
  Restored /home/runner/work/test/test/upstream/src/Nethermind/Nethermind.Abi/Nethermind.Abi.csproj (in 13 ms).
  Restored /home/runner/work/test/test/upstream/src/Nethermind/Nethermind.Config.Test/Nethermind.Config.Test.csproj (in 259 ms).
  Restored /home/runner/work/test/test/upstream/src/Nethermind/Nethermind.Core.Test/Nethermind.Core.Test.csproj (in 1.35 sec).
  Restored /home/runner/work/test/test/upstream/src/Nethermind/Nethermind.OpcodeTracing.Plugin/Nethermind.OpcodeTracing.Plugin.csproj (in 54 ms).
  Restored /home/runner/work/test/test/upstream/src/Nethermind/Nethermind.Network/Nethermind.Network.csproj (in 277 ms).
  Restored /home/runner/work/test/test/upstream/src/Nethermind/Nethermind.Network.Stats/Nethermind.Network.Stats.csproj (in 25 ms).
  Restored /home/runner/work/test/test/upstream/src/Nethermind/Nethermind.Analyzers/Nethermind.Analyzers.csproj (in 992 ms).
  Restored /home/runner/work/test/test/upstream/src/Nethermind/Nethermind.Network.Enr/Nethermind.Network.Enr.csproj (in 44 ms).
  Restored /home/runner/work/test/test/upstream/src/Nethermind/Nethermind.Network.Dns/Nethermind.Network.Dns.csproj (in 39 ms).
  Restored /home/runner/work/test/test/upstream/src/Nethermind/Nethermind.Network.Contract/Nethermind.Network.Contract.csproj (in 6 ms).
  Restored /home/runner/work/test/test/upstream/src/Nethermind/Nethermind.Network.Discovery/Nethermind.Network.Discovery.csproj (in 304 ms).
  Restored /home/runner/work/test/test/upstream/src/Nethermind/Nethermind.Monitoring/Nethermind.Monitoring.csproj (in 410 ms).
  Restored /home/runner/work/test/test/upstream/src/Nethermind/Nethermind.Optimism/Nethermind.Optimism.csproj (in 1.81 sec).
  Restored /home/runner/work/test/test/upstream/src/Nethermind/Nethermind.Merge.Plugin/Nethermind.Merge.Plugin.csproj (in 130 ms).
  Restored /home/runner/work/test/test/upstream/src/Nethermind/Nethermind.Merge.AuRa/Nethermind.Merge.AuRa.csproj (in 55 ms).
  Restored /home/runner/work/test/test/upstream/src/Nethermind/Nethermind.Logging/Nethermind.Logging.csproj (in 2 ms).
  Restored /home/runner/work/test/test/upstream/src/Nethermind/Nethermind.Logging.NLog/Nethermind.Logging.NLog.csproj (in 39 ms).
  Restored /home/runner/work/test/test/upstream/src/Nethermind/Nethermind.KeyStore/Nethermind.KeyStore.csproj (in 14 ms).
  Restored /home/runner/work/test/test/upstream/src/Nethermind/Nethermind.JsonRpc/Nethermind.JsonRpc.csproj (in 29 ms).
  Restored /home/runner/work/test/test/upstream/src/Nethermind/Nethermind.Monitoring.Test/Nethermind.Monitoring.Test.csproj (in 1.08 sec).
  Restored /home/runner/work/test/test/upstream/src/Nethermind/Nethermind.Merge.Plugin.Test/Nethermind.Merge.Plugin.Test.csproj (in 398 ms).
  Restored /home/runner/work/test/test/upstream/src/Nethermind/Nethermind.Runner.Test/Nethermind.Runner.Test.csproj (in 2.61 sec).
  Restored /home/runner/work/test/test/upstream/src/Nethermind/Nethermind.JsonRpc.SourceGenerator/Nethermind.JsonRpc.SourceGenerator.csproj (in 3 ms).
  Restored /home/runner/work/test/test/upstream/src/Nethermind/Nethermind.JsonRpc.SourceGenerator.Build/Nethermind.JsonRpc.SourceGenerator.Build.csproj (in 5 ms).
  Restored /home/runner/work/test/test/upstream/src/Nethermind/Nethermind.JsonRpc.TraceStore/Nethermind.JsonRpc.TraceStore.csproj (in 60 ms).
  Restored /home/runner/work/test/test/upstream/src/Nethermind/Nethermind.Init/Nethermind.Init.csproj (in 59 ms).
  Restored /home/runner/work/test/test/upstream/src/Nethermind/Nethermind.JsonRpc.Test/Nethermind.JsonRpc.Test.csproj (in 68 ms).
  Restored /home/runner/work/test/test/upstream/src/Nethermind/Nethermind.Init.Snapshot/Nethermind.Init.Snapshot.csproj (in 57 ms).
  Restored /home/runner/work/test/test/upstream/src/Nethermind/Nethermind.History/Nethermind.History.csproj (in 27 ms).
  Restored /home/runner/work/test/test/upstream/src/Nethermind/Nethermind.Hive/Nethermind.Hive.csproj (in 67 ms).
  Restored /home/runner/work/test/test/upstream/src/Nethermind/Nethermind.HealthChecks/Nethermind.HealthChecks.csproj (in 98 ms).
  Restored /home/runner/work/test/test/upstream/src/Nethermind/Nethermind.Facade/Nethermind.Facade.csproj (in 52 ms).
  Restored /home/runner/work/test/test/upstream/src/Nethermind/Nethermind.Flashbots/Nethermind.Flashbots.csproj (in 79 ms).
  Restored /home/runner/work/test/test/upstream/src/Nethermind/Nethermind.Evm/Nethermind.Evm.csproj (in 35 ms).
  Restored /home/runner/work/test/test/upstream/src/Nethermind/Nethermind.Evm.Precompiles/Nethermind.Evm.Precompiles.csproj (in 31 ms).
  Restored /home/runner/work/test/test/upstream/src/Nethermind/Nethermind.ExternalSigner.Plugin/Nethermind.ExternalSigner.Plugin.csproj (in 82 ms).
  Restored /home/runner/work/test/test/upstream/src/Nethermind/Nethermind.Serialization.Rlp/Nethermind.Serialization.Rlp.csproj (in 50 ms).
  Restored /home/runner/work/test/test/upstream/src/Nethermind/Nethermind.Serialization.Json/Nethermind.Serialization.Json.csproj (in 12 ms).
  Restored /home/runner/work/test/test/upstream/src/Nethermind/Nethermind.Seq/Nethermind.Seq.csproj (in 8 ms).
  Restored /home/runner/work/test/test/upstream/src/Nethermind/Nethermind.EthStats/Nethermind.EthStats.csproj (in 55 ms).
  Restored /home/runner/work/test/test/upstream/src/Nethermind/Nethermind.Wallet/Nethermind.Wallet.csproj (in 34 ms).
  Restored /home/runner/work/test/test/upstream/src/Nethermind/Nethermind.Xdc/Nethermind.Xdc.csproj (in 73 ms).
  Restored /home/runner/work/test/test/upstream/src/Nethermind/Nethermind.TxPool/Nethermind.TxPool.csproj (in 24 ms).
  Restored /home/runner/work/test/test/upstream/src/Nethermind/Nethermind.UPnP.Plugin/Nethermind.UPnP.Plugin.csproj (in 49 ms).
  Restored /home/runner/work/test/test/upstream/src/Nethermind/Nethermind.Test.Analyzers/Nethermind.Test.Analyzers.csproj (in 14 ms).
  Restored /home/runner/work/test/test/upstream/src/Nethermind/Nethermind.Trie/Nethermind.Trie.csproj (in 139 ms).
  Restored /home/runner/work/test/test/upstream/src/Nethermind/Nethermind.Grpc/Nethermind.Grpc.csproj (in 757 ms).
  Restored /home/runner/work/test/test/upstream/src/Nethermind/Nethermind.Synchronization/Nethermind.Synchronization.csproj (in 116 ms).
  Restored /home/runner/work/test/test/upstream/src/Nethermind/Nethermind.Taiko/Nethermind.Taiko.csproj (in 274 ms).
  Restored /home/runner/work/test/test/upstream/src/Nethermind/Nethermind.Test.Analyzers.CodeFixes/Nethermind.Test.Analyzers.CodeFixes.csproj (in 1.3 sec).
  Restored /home/runner/work/test/test/upstream/src/Nethermind/Nethermind.StateComposition/Nethermind.StateComposition.csproj (in 295 ms).
  Restored /home/runner/work/test/test/upstream/src/Nethermind/Nethermind.Synchronization.Test/Nethermind.Synchronization.Test.csproj (in 333 ms).
  Restored /home/runner/work/test/test/upstream/src/Nethermind/Nethermind.State/Nethermind.State.csproj (in 22 ms).
  Restored /home/runner/work/test/test/upstream/src/Nethermind/Nethermind.State.Flat/Nethermind.State.Flat.csproj (in 36 ms).
  Restored /home/runner/work/test/test/upstream/src/Nethermind/Nethermind.Specs/Nethermind.Specs.csproj (in 19 ms).
  Restored /home/runner/work/test/test/upstream/src/Nethermind/Nethermind.Sockets/Nethermind.Sockets.csproj (in 92 ms).
  Restored /home/runner/work/test/test/upstream/src/Nethermind/Nethermind.Serialization.SszGenerator/Nethermind.Serialization.SszGenerator.csproj (in 6 ms).
  Restored /home/runner/work/test/test/upstream/src/Nethermind/Nethermind.Serialization.Ssz/Nethermind.Serialization.Ssz.csproj (in 2 ms).
  Restored /home/runner/work/test/test/upstream/src/Nethermind/Nethermind.Specs.Test/Nethermind.Specs.Test.csproj (in 79 ms).
  Restored /home/runner/work/test/test/upstream/src/Nethermind/Nethermind.Shutter/Nethermind.Shutter.csproj (in 92 ms).
  Restored /home/runner/work/test/test/upstream/src/Nethermind/Nethermind.Runner/Nethermind.Runner.csproj (in 3.45 sec).
  Nethermind.Analyzers -> /home/runner/work/test/test/upstream/src/Nethermind/artifacts/bin/Nethermind.Analyzers/release/Nethermind.Analyzers.dll
  Nethermind.Test.Analyzers -> /home/runner/work/test/test/upstream/src/Nethermind/artifacts/bin/Nethermind.Test.Analyzers/release/Nethermind.Test.Analyzers.dll
  Nethermind.Test.Analyzers.CodeFixes -> /home/runner/work/test/test/upstream/src/Nethermind/artifacts/bin/Nethermind.Test.Analyzers.CodeFixes/release/Nethermind.Test.Analyzers.CodeFixes.dll
  Nethermind.Serialization.SszGenerator -> /home/runner/work/test/test/upstream/src/Nethermind/artifacts/bin/Nethermind.Serialization.SszGenerator/release/Nethermind.Serialization.SszGenerator.dll
  Nethermind.Serialization.Ssz -> /home/runner/work/test/test/upstream/src/Nethermind/artifacts/bin/Nethermind.Serialization.Ssz/release/Nethermind.Serialization.Ssz.dll
  Nethermind.Logging -> /home/runner/work/test/test/upstream/src/Nethermind/artifacts/bin/Nethermind.Logging/release/Nethermind.Logging.dll
  Nethermind.Logging.NLog -> /home/runner/work/test/test/upstream/src/Nethermind/artifacts/bin/Nethermind.Logging.NLog/release/Nethermind.Logging.NLog.dll
  Nethermind.Core -> /home/runner/work/test/test/upstream/src/Nethermind/artifacts/bin/Nethermind.Core/release/Nethermind.Core.dll
  Nethermind.Config -> /home/runner/work/test/test/upstream/src/Nethermind/artifacts/bin/Nethermind.Config/release/Nethermind.Config.dll
  Nethermind.Serialization.Json -> /home/runner/work/test/test/upstream/src/Nethermind/artifacts/bin/Nethermind.Serialization.Json/release/Nethermind.Serialization.Json.dll
  Nethermind.Serialization.Rlp -> /home/runner/work/test/test/upstream/src/Nethermind/artifacts/bin/Nethermind.Serialization.Rlp/release/Nethermind.Serialization.Rlp.dll
  Nethermind.Abi -> /home/runner/work/test/test/upstream/src/Nethermind/artifacts/bin/Nethermind.Abi/release/Nethermind.Abi.dll
  Nethermind.Monitoring -> /home/runner/work/test/test/upstream/src/Nethermind/artifacts/bin/Nethermind.Monitoring/release/Nethermind.Monitoring.dll
  Nethermind.Seq -> /home/runner/work/test/test/upstream/src/Nethermind/artifacts/bin/Nethermind.Seq/release/Nethermind.Seq.dll
  Nethermind.Db -> /home/runner/work/test/test/upstream/src/Nethermind/artifacts/bin/Nethermind.Db/release/Nethermind.Db.dll
  Nethermind.Network.Contract -> /home/runner/work/test/test/upstream/src/Nethermind/artifacts/bin/Nethermind.Network.Contract/release/Nethermind.Network.Contract.dll
  Nethermind.Crypto -> /home/runner/work/test/test/upstream/src/Nethermind/artifacts/bin/Nethermind.Crypto/release/Nethermind.Crypto.dll
  Nethermind.Grpc -> /home/runner/work/test/test/upstream/src/Nethermind/artifacts/bin/Nethermind.Grpc/release/Nethermind.Grpc.dll
  Nethermind.Sockets -> /home/runner/work/test/test/upstream/src/Nethermind/artifacts/bin/Nethermind.Sockets/release/Nethermind.Sockets.dll
  Nethermind.Specs -> /home/runner/work/test/test/upstream/src/Nethermind/artifacts/bin/Nethermind.Specs/release/Nethermind.Specs.dll
  Nethermind.Trie -> /home/runner/work/test/test/upstream/src/Nethermind/artifacts/bin/Nethermind.Trie/release/Nethermind.Trie.dll
  Nethermind.KeyStore -> /home/runner/work/test/test/upstream/src/Nethermind/artifacts/bin/Nethermind.KeyStore/release/Nethermind.KeyStore.dll
  Nethermind.Network.Stats -> /home/runner/work/test/test/upstream/src/Nethermind/artifacts/bin/Nethermind.Network.Stats/release/Nethermind.Network.Stats.dll
  Nethermind.Evm -> /home/runner/work/test/test/upstream/src/Nethermind/artifacts/bin/Nethermind.Evm/release/Nethermind.Evm.dll
  Nethermind.Evm.Precompiles -> /home/runner/work/test/test/upstream/src/Nethermind/artifacts/bin/Nethermind.Evm.Precompiles/release/Nethermind.Evm.Precompiles.dll
  Nethermind.State -> /home/runner/work/test/test/upstream/src/Nethermind/artifacts/bin/Nethermind.State/release/Nethermind.State.dll
  Nethermind.TxPool -> /home/runner/work/test/test/upstream/src/Nethermind/artifacts/bin/Nethermind.TxPool/release/Nethermind.TxPool.dll
  Nethermind.Wallet -> /home/runner/work/test/test/upstream/src/Nethermind/artifacts/bin/Nethermind.Wallet/release/Nethermind.Wallet.dll
  Nethermind.Blockchain -> /home/runner/work/test/test/upstream/src/Nethermind/artifacts/bin/Nethermind.Blockchain/release/Nethermind.Blockchain.dll
  Nethermind.Consensus -> /home/runner/work/test/test/upstream/src/Nethermind/artifacts/bin/Nethermind.Consensus/release/Nethermind.Consensus.dll
  Nethermind.History -> /home/runner/work/test/test/upstream/src/Nethermind/artifacts/bin/Nethermind.History/release/Nethermind.History.dll
  Nethermind.Synchronization -> /home/runner/work/test/test/upstream/src/Nethermind/artifacts/bin/Nethermind.Synchronization/release/Nethermind.Synchronization.dll
  Nethermind.Facade -> /home/runner/work/test/test/upstream/src/Nethermind/artifacts/bin/Nethermind.Facade/release/Nethermind.Facade.dll
  Nethermind.State.Flat -> /home/runner/work/test/test/upstream/src/Nethermind/artifacts/bin/Nethermind.State.Flat/release/Nethermind.State.Flat.dll
  Nethermind.Network -> /home/runner/work/test/test/upstream/src/Nethermind/artifacts/bin/Nethermind.Network/release/Nethermind.Network.dll
  Nethermind.Network.Enr -> /home/runner/work/test/test/upstream/src/Nethermind/artifacts/bin/Nethermind.Network.Enr/release/Nethermind.Network.Enr.dll
  Nethermind.Network.Dns -> /home/runner/work/test/test/upstream/src/Nethermind/artifacts/bin/Nethermind.Network.Dns/release/Nethermind.Network.Dns.dll
  Nethermind.JsonRpc.SourceGenerator -> /home/runner/work/test/test/upstream/src/Nethermind/artifacts/bin/Nethermind.JsonRpc.SourceGenerator/release/Nethermind.JsonRpc.SourceGenerator.dll
  Nethermind.JsonRpc.SourceGenerator.Build -> /home/runner/work/test/test/upstream/src/Nethermind/artifacts/bin/Nethermind.JsonRpc.SourceGenerator.Build/release/Nethermind.JsonRpc.SourceGenerator.Build.dll
  Nethermind.JsonRpc -> /home/runner/work/test/test/upstream/src/Nethermind/artifacts/bin/Nethermind.JsonRpc/release/Nethermind.JsonRpc.dll
  Nethermind.Db.Rpc -> /home/runner/work/test/test/upstream/src/Nethermind/artifacts/bin/Nethermind.Db.Rpc/release/Nethermind.Db.Rpc.dll
  Nethermind.Api -> /home/runner/work/test/test/upstream/src/Nethermind/artifacts/bin/Nethermind.Api/release/Nethermind.Api.dll
  Nethermind.Db.Rocks -> /home/runner/work/test/test/upstream/src/Nethermind/artifacts/bin/Nethermind.Db.Rocks/release/Nethermind.Db.Rocks.dll
  Nethermind.OpcodeTracing.Plugin -> /home/runner/work/test/test/upstream/src/Nethermind/artifacts/bin/Nethermind.OpcodeTracing.Plugin/release/Nethermind.OpcodeTracing.Plugin.dll
  Nethermind.UPnP.Plugin -> /home/runner/work/test/test/upstream/src/Nethermind/artifacts/bin/Nethermind.UPnP.Plugin/release/Nethermind.UPnP.Plugin.dll
  Nethermind.Network.Discovery -> /home/runner/work/test/test/upstream/src/Nethermind/artifacts/bin/Nethermind.Network.Discovery/release/Nethermind.Network.Discovery.dll
  Nethermind.ExternalSigner.Plugin -> /home/runner/work/test/test/upstream/src/Nethermind/artifacts/bin/Nethermind.ExternalSigner.Plugin/release/Nethermind.ExternalSigner.Plugin.dll
  Nethermind.Consensus.Clique -> /home/runner/work/test/test/upstream/src/Nethermind/artifacts/bin/Nethermind.Consensus.Clique/release/Nethermind.Consensus.Clique.dll
  Nethermind.BalRecorder -> /home/runner/work/test/test/upstream/src/Nethermind/artifacts/bin/Nethermind.BalRecorder/release/Nethermind.BalRecorder.dll
  Nethermind.Consensus.Ethash -> /home/runner/work/test/test/upstream/src/Nethermind/artifacts/bin/Nethermind.Consensus.Ethash/release/Nethermind.Consensus.Ethash.dll
  Nethermind.Merge.Plugin -> /home/runner/work/test/test/upstream/src/Nethermind/artifacts/bin/Nethermind.Merge.Plugin/release/Nethermind.Merge.Plugin.dll
  Nethermind.Era1 -> /home/runner/work/test/test/upstream/src/Nethermind/artifacts/bin/Nethermind.Era1/release/Nethermind.Era1.dll
  Nethermind.Flashbots -> /home/runner/work/test/test/upstream/src/Nethermind/artifacts/bin/Nethermind.Flashbots/release/Nethermind.Flashbots.dll
  Nethermind.HealthChecks -> /home/runner/work/test/test/upstream/src/Nethermind/artifacts/bin/Nethermind.HealthChecks/release/Nethermind.HealthChecks.dll
  Nethermind.EraE -> /home/runner/work/test/test/upstream/src/Nethermind/artifacts/bin/Nethermind.EraE/release/Nethermind.EraE.dll
  Nethermind.Init -> /home/runner/work/test/test/upstream/src/Nethermind/artifacts/bin/Nethermind.Init/release/Nethermind.Init.dll
  Nethermind.Consensus.AuRa -> /home/runner/work/test/test/upstream/src/Nethermind/artifacts/bin/Nethermind.Consensus.AuRa/release/Nethermind.Consensus.AuRa.dll
  Nethermind.Xdc -> /home/runner/work/test/test/upstream/src/Nethermind/artifacts/bin/Nethermind.Xdc/release/Nethermind.Xdc.dll
  Nethermind.Hive -> /home/runner/work/test/test/upstream/src/Nethermind/artifacts/bin/Nethermind.Hive/release/Nethermind.Hive.dll
  Nethermind.StateComposition -> /home/runner/work/test/test/upstream/src/Nethermind/artifacts/bin/Nethermind.StateComposition/release/Nethermind.StateComposition.dll
  Nethermind.Init.Snapshot -> /home/runner/work/test/test/upstream/src/Nethermind/artifacts/bin/Nethermind.Init.Snapshot/release/Nethermind.Init.Snapshot.dll
  Nethermind.JsonRpc.TraceStore -> /home/runner/work/test/test/upstream/src/Nethermind/artifacts/bin/Nethermind.JsonRpc.TraceStore/release/Nethermind.JsonRpc.TraceStore.dll
  Nethermind.Taiko -> /home/runner/work/test/test/upstream/src/Nethermind/artifacts/bin/Nethermind.Taiko/release/Nethermind.Taiko.dll
  Nethermind.EthStats -> /home/runner/work/test/test/upstream/src/Nethermind/artifacts/bin/Nethermind.EthStats/release/Nethermind.EthStats.dll
  Nethermind.Merge.AuRa -> /home/runner/work/test/test/upstream/src/Nethermind/artifacts/bin/Nethermind.Merge.AuRa/release/Nethermind.Merge.AuRa.dll
  Nethermind.Shutter -> /home/runner/work/test/test/upstream/src/Nethermind/artifacts/bin/Nethermind.Shutter/release/Nethermind.Shutter.dll
  Nethermind.Specs.Test -> /home/runner/work/test/test/upstream/src/Nethermind/artifacts/bin/Nethermind.Specs.Test/release/Nethermind.Specs.Test.dll
  Nethermind.Optimism -> /home/runner/work/test/test/upstream/src/Nethermind/artifacts/bin/Nethermind.Optimism/release/Nethermind.Optimism.dll
  Nethermind.Core.Test -> /home/runner/work/test/test/upstream/src/Nethermind/artifacts/bin/Nethermind.Core.Test/release/Nethermind.Core.Test.dll
  Nethermind.Config.Test -> /home/runner/work/test/test/upstream/src/Nethermind/artifacts/bin/Nethermind.Config.Test/release/Nethermind.Config.Test.dll
  Nethermind.JsonRpc.Test -> /home/runner/work/test/test/upstream/src/Nethermind/artifacts/bin/Nethermind.JsonRpc.Test/release/Nethermind.JsonRpc.Test.dll
  Nethermind.Runner -> /home/runner/work/test/test/upstream/src/Nethermind/artifacts/bin/Nethermind.Runner/release/nethermind.dll
  Copying plugins after build...
  Nethermind.Monitoring.Test -> /home/runner/work/test/test/upstream/src/Nethermind/artifacts/bin/Nethermind.Monitoring.Test/release/Nethermind.Monitoring.Test.dll
  Nethermind.Runner.Test -> /home/runner/work/test/test/upstream/src/Nethermind/artifacts/bin/Nethermind.Runner.Test/release/Nethermind.Runner.Test.dll
  Nethermind.Merge.Plugin.Test -> /home/runner/work/test/test/upstream/src/Nethermind/artifacts/bin/Nethermind.Merge.Plugin.Test/release/Nethermind.Merge.Plugin.Test.dll
  Nethermind.Synchronization.Test -> /home/runner/work/test/test/upstream/src/Nethermind/artifacts/bin/Nethermind.Synchronization.Test/release/Nethermind.Synchronization.Test.dll

Build succeeded.
    0 Warning(s)
    0 Error(s)

Time Elapsed 00:02:15.93
