Cloning into 'monad-bft'...
HEAD is now at c616743d Bump monad-execution: Accept page-encoded primary in MIP-8 assertion (e81ffe31c)
Submodule 'monad-execution' (https://github.com/category-labs/monad.git) registered for path 'monad-execution'
Cloning into '/home/runner/work/test/test/monad-bft/monad-execution'...
From https://github.com/category-labs/monad
 * branch            e81ffe31cd30fe3455d1233e4ee6c9b3f017bad0 -> FETCH_HEAD
Submodule path 'monad-execution': checked out 'e81ffe31cd30fe3455d1233e4ee6c9b3f017bad0'
Submodule 'third_party/BLAKE3' (https://github.com/BLAKE3-team/BLAKE3.git) registered for path 'monad-execution/third_party/BLAKE3'
Submodule 'libs/vm/third_party/asmjit' (https://github.com/asmjit/asmjit.git) registered for path 'monad-execution/third_party/asmjit'
Submodule 'third_party/blst' (https://github.com/supranational/blst.git) registered for path 'monad-execution/third_party/blst'
Submodule 'third_party/c-kzg-4844' (https://github.com/ethereum/c-kzg-4844.git) registered for path 'monad-execution/third_party/c-kzg-4844'
Submodule 'third_party/concurrentqueue' (https://github.com/cameron314/concurrentqueue) registered for path 'monad-execution/third_party/concurrentqueue'
Submodule 'third_party/cthash' (https://github.com/hanickadot/cthash.git) registered for path 'monad-execution/third_party/cthash'
Submodule 'ethash' (https://github.com/chfast/ethash.git) registered for path 'monad-execution/third_party/ethash'
Submodule 'third_party/ethereum-tests' (https://github.com/ethereum/tests) registered for path 'monad-execution/third_party/ethereum-tests'
Submodule 'third_party/evmc' (https://github.com/category-labs/evmc.git) registered for path 'monad-execution/third_party/evmc'
Submodule 'third_party/evmone' (https://github.com/category-labs/evmone.git) registered for path 'monad-execution/third_party/evmone'
Submodule 'third_party/execution-specs' (https://github.com/ethereum/execution-specs.git) registered for path 'monad-execution/third_party/execution-specs'
Submodule 'third_party/fiber' (https://github.com/category-labs/fiber.git) registered for path 'monad-execution/third_party/fiber'
Submodule 'third_party/immer' (https://github.com/arximboldi/immer.git) registered for path 'monad-execution/third_party/immer'
Submodule 'third_party/intx' (https://github.com/chfast/intx.git) registered for path 'monad-execution/third_party/intx'
Submodule 'third_party/komihash' (https://github.com/avaneev/komihash.git) registered for path 'monad-execution/third_party/komihash'
Submodule 'third_party/magic_enum' (https://github.com/Neargye/magic_enum.git) registered for path 'monad-execution/third_party/magic_enum'
Submodule 'core/third_party/nanobench' (https://github.com/martinus/nanobench.git) registered for path 'monad-execution/third_party/nanobench'
Submodule 'core/third_party/nlohmann_json' (https://github.com/nlohmann/json.git) registered for path 'monad-execution/third_party/nlohmann_json'
Submodule 'third_party/quill' (https://github.com/odygrd/quill.git) registered for path 'monad-execution/third_party/quill'
Submodule 'third_party/silkpre' (https://github.com/category-labs/silkpre.git) registered for path 'monad-execution/third_party/silkpre'
Submodule 'core/third_party/unordered_dense' (https://github.com/martinus/unordered_dense.git) registered for path 'monad-execution/third_party/unordered_dense'
Submodule 'third_party/yellowpaper' (https://github.com/ethereum/yellowpaper.git) registered for path 'monad-execution/third_party/yellowpaper'
Cloning into '/home/runner/work/test/test/monad-bft/monad-execution/third_party/BLAKE3'...
Cloning into '/home/runner/work/test/test/monad-bft/monad-execution/third_party/asmjit'...
Cloning into '/home/runner/work/test/test/monad-bft/monad-execution/third_party/blst'...
Cloning into '/home/runner/work/test/test/monad-bft/monad-execution/third_party/c-kzg-4844'...
Cloning into '/home/runner/work/test/test/monad-bft/monad-execution/third_party/concurrentqueue'...
Cloning into '/home/runner/work/test/test/monad-bft/monad-execution/third_party/cthash'...
Cloning into '/home/runner/work/test/test/monad-bft/monad-execution/third_party/ethash'...
Cloning into '/home/runner/work/test/test/monad-bft/monad-execution/third_party/ethereum-tests'...
Cloning into '/home/runner/work/test/test/monad-bft/monad-execution/third_party/evmc'...
Cloning into '/home/runner/work/test/test/monad-bft/monad-execution/third_party/evmone'...
Cloning into '/home/runner/work/test/test/monad-bft/monad-execution/third_party/execution-specs'...
Cloning into '/home/runner/work/test/test/monad-bft/monad-execution/third_party/fiber'...
Cloning into '/home/runner/work/test/test/monad-bft/monad-execution/third_party/immer'...
Cloning into '/home/runner/work/test/test/monad-bft/monad-execution/third_party/intx'...
Cloning into '/home/runner/work/test/test/monad-bft/monad-execution/third_party/komihash'...
Cloning into '/home/runner/work/test/test/monad-bft/monad-execution/third_party/magic_enum'...
Cloning into '/home/runner/work/test/test/monad-bft/monad-execution/third_party/nanobench'...
Cloning into '/home/runner/work/test/test/monad-bft/monad-execution/third_party/nlohmann_json'...
Cloning into '/home/runner/work/test/test/monad-bft/monad-execution/third_party/quill'...
Cloning into '/home/runner/work/test/test/monad-bft/monad-execution/third_party/silkpre'...
Cloning into '/home/runner/work/test/test/monad-bft/monad-execution/third_party/unordered_dense'...
Cloning into '/home/runner/work/test/test/monad-bft/monad-execution/third_party/yellowpaper'...
From https://github.com/BLAKE3-team/BLAKE3
 * branch            81f772a4cd70dc0325047a6a737d2f6f4b92180e -> FETCH_HEAD
Submodule path 'monad-execution/third_party/BLAKE3': checked out '81f772a4cd70dc0325047a6a737d2f6f4b92180e'
From https://github.com/asmjit/asmjit
 * branch            e8c8e2e48a1a38154c8e8864eb3bc61db80a1e31 -> FETCH_HEAD
Submodule path 'monad-execution/third_party/asmjit': checked out 'e8c8e2e48a1a38154c8e8864eb3bc61db80a1e31'
From https://github.com/supranational/blst
 * branch            52cc60d78591a56abb2f3d0bd1cdafc6ba242997 -> FETCH_HEAD
Submodule path 'monad-execution/third_party/blst': checked out '52cc60d78591a56abb2f3d0bd1cdafc6ba242997'
From https://github.com/ethereum/c-kzg-4844
 * branch            1cf06e171ab50a9e4c995f8cf227c5aeb1554175 -> FETCH_HEAD
Submodule path 'monad-execution/third_party/c-kzg-4844': checked out '1cf06e171ab50a9e4c995f8cf227c5aeb1554175'
Submodule 'blst' (https://github.com/supranational/blst) registered for path 'monad-execution/third_party/c-kzg-4844/blst'
Cloning into '/home/runner/work/test/test/monad-bft/monad-execution/third_party/c-kzg-4844/blst'...
From https://github.com/supranational/blst
 * branch            e99f7db0db413e2efefcfd077a4e335766f39c27 -> FETCH_HEAD
Submodule path 'monad-execution/third_party/c-kzg-4844/blst': checked out 'e99f7db0db413e2efefcfd077a4e335766f39c27'
From https://github.com/cameron314/concurrentqueue
 * branch            6dd38b8a1dbaa7863aa907045f32308a56a6ff5d -> FETCH_HEAD
Submodule path 'monad-execution/third_party/concurrentqueue': checked out '6dd38b8a1dbaa7863aa907045f32308a56a6ff5d'
From https://github.com/hanickadot/cthash
 * branch            6a78c89ce736ca96dbafad69d30a1a9e05e47a53 -> FETCH_HEAD
Submodule path 'monad-execution/third_party/cthash': checked out '6a78c89ce736ca96dbafad69d30a1a9e05e47a53'
Submodule 'external/catch2' (https://github.com/catchorg/Catch2.git) registered for path 'monad-execution/third_party/cthash/external/catch2'
Cloning into '/home/runner/work/test/test/monad-bft/monad-execution/third_party/cthash/external/catch2'...
From https://github.com/catchorg/Catch2
 * branch            cd93d202e047f91370b922f09db2e658653088de -> FETCH_HEAD
Submodule path 'monad-execution/third_party/cthash/external/catch2': checked out 'cd93d202e047f91370b922f09db2e658653088de'
From https://github.com/chfast/ethash
 * branch            8e18c3d715d3d759f44ac10f70f9c93b227e18c2 -> FETCH_HEAD
Submodule path 'monad-execution/third_party/ethash': checked out '8e18c3d715d3d759f44ac10f70f9c93b227e18c2'
From https://github.com/ethereum/tests
 * branch            e46e1db503ee2711ad02e1f5b3ea45d43e9cd8cb -> FETCH_HEAD
Submodule path 'monad-execution/third_party/ethereum-tests': checked out 'e46e1db503ee2711ad02e1f5b3ea45d43e9cd8cb'
Submodule 'LegacyTests' (https://github.com/ethereum/legacytests) registered for path 'monad-execution/third_party/ethereum-tests/LegacyTests'
Cloning into '/home/runner/work/test/test/monad-bft/monad-execution/third_party/ethereum-tests/LegacyTests'...
From https://github.com/ethereum/legacytests
 * branch              84fe80cf5ef10b22b9a197bd2b35ed210a7fa51f -> FETCH_HEAD
Submodule path 'monad-execution/third_party/ethereum-tests/LegacyTests': checked out '84fe80cf5ef10b22b9a197bd2b35ed210a7fa51f'
From https://github.com/category-labs/evmc
 * branch            1e1e060e8d81020230e2538b167b6c5a7409b6d0 -> FETCH_HEAD
Submodule path 'monad-execution/third_party/evmc': checked out '1e1e060e8d81020230e2538b167b6c5a7409b6d0'
From https://github.com/category-labs/evmone
 * branch            12d7452e4d8a8db5e79eedd4d4aa104b7044a66e -> FETCH_HEAD
Submodule path 'monad-execution/third_party/evmone': checked out '12d7452e4d8a8db5e79eedd4d4aa104b7044a66e'
Submodule 'evmc' (https://github.com/category-labs/evmc) registered for path 'monad-execution/third_party/evmone/evmc'
Submodule 'evm-benchmarks' (https://github.com/ipsilon/evm-benchmarks) registered for path 'monad-execution/third_party/evmone/test/evm-benchmarks'
Cloning into '/home/runner/work/test/test/monad-bft/monad-execution/third_party/evmone/evmc'...
Cloning into '/home/runner/work/test/test/monad-bft/monad-execution/third_party/evmone/test/evm-benchmarks'...
From https://github.com/category-labs/evmc
 * branch            1e1e060e8d81020230e2538b167b6c5a7409b6d0 -> FETCH_HEAD
Submodule path 'monad-execution/third_party/evmone/evmc': checked out '1e1e060e8d81020230e2538b167b6c5a7409b6d0'
Submodule path 'monad-execution/third_party/evmone/test/evm-benchmarks': checked out 'd8b88f4046a87d6b902378cef752591f95427b43'
From https://github.com/ethereum/execution-specs
 * branch            3fe6514f2d9d234e760d11af883a47c1263eff51 -> FETCH_HEAD
Submodule path 'monad-execution/third_party/execution-specs': checked out '3fe6514f2d9d234e760d11af883a47c1263eff51'
From https://github.com/category-labs/fiber
 * branch            a0764ba7ba430e7713728fc7308fd22635f39648 -> FETCH_HEAD
Submodule path 'monad-execution/third_party/fiber': checked out 'a0764ba7ba430e7713728fc7308fd22635f39648'
From https://github.com/arximboldi/immer
 * branch            5875f7739a6c642ad58cbedadb509c86d421217e -> FETCH_HEAD
Submodule path 'monad-execution/third_party/immer': checked out '5875f7739a6c642ad58cbedadb509c86d421217e'
Submodule 'extra/python/lib/pybind11' (https://github.com/pybind/pybind11.git) registered for path 'monad-execution/third_party/immer/extra/python/lib/pybind11'
Submodule 'tools/sinusoidal-sphinx-theme' (https://github.com/arximboldi/sinusoidal-sphinx-theme.git) registered for path 'monad-execution/third_party/immer/tools/sinusoidal-sphinx-theme'
Cloning into '/home/runner/work/test/test/monad-bft/monad-execution/third_party/immer/extra/python/lib/pybind11'...
Cloning into '/home/runner/work/test/test/monad-bft/monad-execution/third_party/immer/tools/sinusoidal-sphinx-theme'...
From https://github.com/pybind/pybind11
 * branch            1eaacd19f6de9a053570c21de6d173efc2304bc2 -> FETCH_HEAD
Submodule path 'monad-execution/third_party/immer/extra/python/lib/pybind11': checked out '1eaacd19f6de9a053570c21de6d173efc2304bc2'
Submodule 'tools/clang' (https://github.com/wjakob/clang-cindex-python3) registered for path 'monad-execution/third_party/immer/extra/python/lib/pybind11/tools/clang'
Cloning into '/home/runner/work/test/test/monad-bft/monad-execution/third_party/immer/extra/python/lib/pybind11/tools/clang'...
From https://github.com/wjakob/clang-cindex-python3
 * branch            254c7a91e3c6aa254e113197604dafb443f4d429 -> FETCH_HEAD
Submodule path 'monad-execution/third_party/immer/extra/python/lib/pybind11/tools/clang': checked out '254c7a91e3c6aa254e113197604dafb443f4d429'
Submodule path 'monad-execution/third_party/immer/tools/sinusoidal-sphinx-theme': checked out 'b5adfa2a6def8aa55d95dedc4e1bfde214a5e36c'
From https://github.com/chfast/intx
 * branch            48870fa889d7be2c6d0fc737c95a4f300d54db8c -> FETCH_HEAD
Submodule path 'monad-execution/third_party/intx': checked out '48870fa889d7be2c6d0fc737c95a4f300d54db8c'
From https://github.com/avaneev/komihash
 * branch            c4e03a39b146e8411a1c166b47758d4b250d7878 -> FETCH_HEAD
Submodule path 'monad-execution/third_party/komihash': checked out 'c4e03a39b146e8411a1c166b47758d4b250d7878'
From https://github.com/Neargye/magic_enum
 * branch            e046b69a3736d314fad813e159b1c192eaef92cd -> FETCH_HEAD
Submodule path 'monad-execution/third_party/magic_enum': checked out 'e046b69a3736d314fad813e159b1c192eaef92cd'
From https://github.com/martinus/nanobench
 * branch            9f871ad520e040078597f4194080cc073a765061 -> FETCH_HEAD
Submodule path 'monad-execution/third_party/nanobench': checked out '9f871ad520e040078597f4194080cc073a765061'
From https://github.com/nlohmann/json
 * branch            9cca280a4d0ccf0c08f47a99aa71d1b0e52f8d03 -> FETCH_HEAD
Submodule path 'monad-execution/third_party/nlohmann_json': checked out '9cca280a4d0ccf0c08f47a99aa71d1b0e52f8d03'
From https://github.com/odygrd/quill
 * branch            c338c6c00c030fad2e1d94265f8b43e087b1bc08 -> FETCH_HEAD
Submodule path 'monad-execution/third_party/quill': checked out 'c338c6c00c030fad2e1d94265f8b43e087b1bc08'
From https://github.com/category-labs/silkpre
 * branch            bbc3498ed7a0ef87b2de3f91fbfb6e08aba34ad0 -> FETCH_HEAD
Submodule path 'monad-execution/third_party/silkpre': checked out 'bbc3498ed7a0ef87b2de3f91fbfb6e08aba34ad0'
Submodule 'third_party/libff' (https://github.com/torquem-ch/libff.git) registered for path 'monad-execution/third_party/silkpre/third_party/libff'
Submodule 'third_party/secp256k1' (https://github.com/bitcoin-core/secp256k1.git) registered for path 'monad-execution/third_party/silkpre/third_party/secp256k1'
Cloning into '/home/runner/work/test/test/monad-bft/monad-execution/third_party/silkpre/third_party/libff'...
Cloning into '/home/runner/work/test/test/monad-bft/monad-execution/third_party/silkpre/third_party/secp256k1'...
From https://github.com/torquem-ch/libff
 * branch            9346f553c9a4a8879f5d222db2e70f903dbc07a5 -> FETCH_HEAD
Submodule path 'monad-execution/third_party/silkpre/third_party/libff': checked out '9346f553c9a4a8879f5d222db2e70f903dbc07a5'
Submodule 'depends/ate-pairing' (https://github.com/herumi/ate-pairing.git) registered for path 'monad-execution/third_party/silkpre/third_party/libff/depends/ate-pairing'
Submodule 'depends/xbyak' (https://github.com/herumi/xbyak.git) registered for path 'monad-execution/third_party/silkpre/third_party/libff/depends/xbyak'
Cloning into '/home/runner/work/test/test/monad-bft/monad-execution/third_party/silkpre/third_party/libff/depends/ate-pairing'...
Cloning into '/home/runner/work/test/test/monad-bft/monad-execution/third_party/silkpre/third_party/libff/depends/xbyak'...
From https://github.com/herumi/ate-pairing
 * branch            e69890125746cdaf25b5b51227d96678f76479fe -> FETCH_HEAD
Submodule path 'monad-execution/third_party/silkpre/third_party/libff/depends/ate-pairing': checked out 'e69890125746cdaf25b5b51227d96678f76479fe'
From https://github.com/herumi/xbyak
 * branch            f0a8f7faa27121f28186c2a7f4222a9fc66c283d -> FETCH_HEAD
Submodule path 'monad-execution/third_party/silkpre/third_party/libff/depends/xbyak': checked out 'f0a8f7faa27121f28186c2a7f4222a9fc66c283d'
From https://github.com/bitcoin-core/secp256k1
 * branch            1758a92ffd896af533b142707e9892ea6e15e5db -> FETCH_HEAD
Submodule path 'monad-execution/third_party/silkpre/third_party/secp256k1': checked out '1758a92ffd896af533b142707e9892ea6e15e5db'
From https://github.com/martinus/unordered_dense
 * branch            a570a0e87f95027e8544c72295236df5d84c3dcc -> FETCH_HEAD
Submodule path 'monad-execution/third_party/unordered_dense': checked out 'a570a0e87f95027e8544c72295236df5d84c3dcc'
From https://github.com/ethereum/yellowpaper
 * branch            d01f0fda516f620fe41ed4f11e27e773a47ceb5d -> FETCH_HEAD
Submodule path 'monad-execution/third_party/yellowpaper': checked out 'd01f0fda516f620fe41ed4f11e27e773a47ceb5d'
