info: syncing channel updates for 1.91.1-x86_64-unknown-linux-gnu
info: latest update on 2025-11-10 for version 1.91.1 (ed61e7d7e 2025-11-07)
info: downloading 4 components

  1.91.1-x86_64-unknown-linux-gnu installed - rustc 1.91.1 (ed61e7d7e 2025-11-07)

info: using existing install for 1.91.1-x86_64-unknown-linux-gnu
info: default toolchain set to 1.91.1-x86_64-unknown-linux-gnu

  1.91.1-x86_64-unknown-linux-gnu unchanged - rustc 1.91.1 (ed61e7d7e 2025-11-07)

rustc 1.91.1 (ed61e7d7e 2025-11-07)
binary: rustc
commit-hash: ed61e7d7e242494fb7057f2657300d9e77bb4fcb
commit-date: 2025-11-07
host: x86_64-unknown-linux-gnu
release: 1.91.1
LLVM version: 21.1.2
cargo 1.91.1 (ea2d97820 2025-10-10)
release: 1.91.1
commit-hash: ea2d97820c16195b0ca3fadb4319fe512c199a43
commit-date: 2025-10-10
host: x86_64-unknown-linux-gnu
libgit2: 1.9.1 (sys:0.20.2 vendored)
libcurl: 8.15.0-DEV (sys:0.4.83+curl-8.15.0 vendored ssl:OpenSSL/3.5.2)
ssl: OpenSSL 3.5.2 5 Aug 2025
os: Ubuntu 24.4.0 (noble) [64-bit]
