{
  "schema": "termmax-makerhelper-public-txdecode/v1",
  "generatedAtUtc": "2026-07-28T16:33:57.512081+00:00",
  "makerHelper": "0x513690136500dEc06553385f7a00b010455dce92",
  "safety": {
    "privateKeys": 0,
    "signedTransactions": 0,
    "broadcastTransactions": 0,
    "stateChanges": 0
  },
  "allAddressTransactions": 30,
  "placeOrderTransactions": 29,
  "placeOrderV1Count": 2,
  "placeOrderV2Count": 27,
  "delegatedV2Count": 8,
  "newGtV2Count": 8,
  "existingGtDelegatedV2Count": 0,
  "existingGtDelegatedV2": [],
  "decoded": [
    {
      "hash": "0x465e15e7ce62fe9eee7d9a15339a6167939a2e424e98348002a4f28f837b59c6",
      "blockNumber": 23496616,
      "timeStamp": 1759486811,
      "from": "0xfa558c6cadda84505336de917079edcc767a1350",
      "to": "0x513690136500dec06553385f7a00b010455dce92",
      "isError": "0",
      "function": "placeOrderForV1",
      "selector": "0x507503d6",
      "market": "0x0d10E50AE374679A0Fe7A542d8e47D0e5b54B37B",
      "maker": "0xFa558c6cADDa84505336DE917079edcC767a1350",
      "collateralToMintGt": 15142400000000000000000,
      "debtTokenToDeposit": 0,
      "ftToDeposit": 0,
      "xtToDeposit": 0,
      "gtId": 0,
      "maxXtReserve": 13547259734
    },
    {
      "hash": "0x5cfc3f0b7c115fbc0f3e2daeb387983910ec1fb55b115928a7741d7e45e6566f",
      "blockNumber": 23544685,
      "timeStamp": 1760067359,
      "from": "0xa5b6cebb8343253c6f4d73333da6d110a3fa9406",
      "to": "0x513690136500dec06553385f7a00b010455dce92",
      "isError": "0",
      "function": "placeOrderForV1",
      "selector": "0x507503d6",
      "market": "0x02B34B833eDc65fB9dD53546aeE11179e1f43599",
      "maker": "0xa5B6ceBB8343253c6f4d73333dA6d110A3fa9406",
      "collateralToMintGt": 120000000000000000000000,
      "debtTokenToDeposit": 0,
      "ftToDeposit": 0,
      "xtToDeposit": 0,
      "gtId": 0,
      "maxXtReserve": 100000000000
    },
    {
      "hash": "0xfabbb942f8ba5020ea381f4f6da8ebd949ae102ec7ec87590690c74dce642d53",
      "blockNumber": 23729400,
      "timeStamp": 1762300955,
      "from": "0xfc3ea7c930dbbc0a4e594aa6d056b8fdff026194",
      "to": "0x513690136500dec06553385f7a00b010455dce92",
      "isError": "0",
      "function": "placeOrderForV2",
      "selector": "0xb6a1aa72",
      "market": "0x71ef8b44013C5e45B0043d794ab57FdB8e9ac06C",
      "salt": 4384311529865951946,
      "collateralToMintGt": 681970000000000000000,
      "debtTokenToDeposit": 0,
      "ftToDeposit": 0,
      "xtToDeposit": 0,
      "maker": "0xfC3ea7c930DBbc0a4E594aA6d056B8fdFf026194",
      "gt": "0xa1461507db9dB7f1934bFc09A426C3449639d76B",
      "virtualXtReserve": 0,
      "maturity": 1764727200,
      "gtId": 0,
      "maxXtReserve": 590382323,
      "delegator": "0xfC3ea7c930DBbc0a4E594aA6d056B8fdFf026194",
      "delegatee": "0x8F4A1D6d6897Bb112C728568a522A70b7d83D40C",
      "isDelegate": true,
      "delegateNonce": 0,
      "delegateDeadline": 1762304483,
      "usesDelegationSignature": true,
      "usesExistingGt": false,
      "existingGtDelegationFlow": false
    },
    {
      "hash": "0x0f50c0f165a72bc48412c6f08e6601c31d65686b5b1054f2f8c478692090ed08",
      "blockNumber": 23790169,
      "timeStamp": 1763035487,
      "from": "0x51e7dbdf1ea1bf711aad67e428b2bb8e2a0deb23",
      "to": "0x513690136500dec06553385f7a00b010455dce92",
      "isError": "0",
      "function": "placeOrderForV2",
      "selector": "0xb6a1aa72",
      "market": "0x591F1C49DBcc5f48d90020475fF12BCD67512b06",
      "salt": 7519234773354877848,
      "collateralToMintGt": 238345000000000000000000,
      "debtTokenToDeposit": 0,
      "ftToDeposit": 0,
      "xtToDeposit": 0,
      "maker": "0x51e7dbDF1EA1bF711AAD67e428b2bB8E2a0dEb23",
      "gt": "0xEc09FD2D22cb481ba906798453a67f4b3D6f6dE9",
      "virtualXtReserve": 0,
      "maturity": 1766628000,
      "gtId": 0,
      "maxXtReserve": 196800000000,
      "delegator": "0x51e7dbDF1EA1bF711AAD67e428b2bB8E2a0dEb23",
      "delegatee": "0xF9e4556aF43644AC2715259ef489Be06D305E7a6",
      "isDelegate": true,
      "delegateNonce": 0,
      "delegateDeadline": 1763038986,
      "usesDelegationSignature": true,
      "usesExistingGt": false,
      "existingGtDelegationFlow": false
    },
    {
      "hash": "0x2280a436db1f6cd283ded4b8d67bf09468a45206f11e1a431af1a35029938b10",
      "blockNumber": 24463444,
      "timeStamp": 1771173431,
      "from": "0x4e601e52487efca2d5ddf9440a7f1412c6e06bb1",
      "to": "0x513690136500dec06553385f7a00b010455dce92",
      "isError": "0",
      "function": "placeOrderForV2",
      "selector": "0xb6a1aa72",
      "market": "0xd9a5f29db2adC7186b2d68c2Ea0BB9ffD5395cF0",
      "salt": 9226733142642472524,
      "collateralToMintGt": 0,
      "debtTokenToDeposit": 501000000,
      "ftToDeposit": 0,
      "xtToDeposit": 0,
      "maker": "0x4e601e52487efca2D5DDF9440A7F1412c6e06bB1",
      "gt": "0x1Cf46d5794b74a63ca9a8Cec656B167a8d3A155D",
      "virtualXtReserve": 501000000,
      "maturity": 1772157600,
      "gtId": 0,
      "maxXtReserve": 501000000,
      "delegator": "0x0000000000000000000000000000000000000000",
      "delegatee": "0x0000000000000000000000000000000000000000",
      "isDelegate": false,
      "delegateNonce": 0,
      "delegateDeadline": 0,
      "usesDelegationSignature": false,
      "usesExistingGt": false,
      "existingGtDelegationFlow": false
    },
    {
      "hash": "0xefaa6372d78b24611f05764e6af08687d9a317cc7511136bb4f183b9014772ec",
      "blockNumber": 24777137,
      "timeStamp": 1774954655,
      "from": "0x0e8b3e04f3d81741c789777838312d243bac017b",
      "to": "0x513690136500dec06553385f7a00b010455dce92",
      "isError": "0",
      "function": "placeOrderForV2",
      "selector": "0xb6a1aa72",
      "market": "0x48dB8FF6a2BD430dC13123C33cACeB6A5c6f7C62",
      "salt": 8971583870016621221,
      "collateralToMintGt": 0,
      "debtTokenToDeposit": 85000000000000,
      "ftToDeposit": 0,
      "xtToDeposit": 0,
      "maker": "0x0E8B3e04F3D81741C789777838312d243bac017b",
      "gt": "0xDB19A2AA400fb43791e7E06143ffcA9C277901cC",
      "virtualXtReserve": 85000000000000,
      "maturity": 1777514400,
      "gtId": 0,
      "maxXtReserve": 85000000000000,
      "delegator": "0x0000000000000000000000000000000000000000",
      "delegatee": "0x0000000000000000000000000000000000000000",
      "isDelegate": false,
      "delegateNonce": 0,
      "delegateDeadline": 0,
      "usesDelegationSignature": false,
      "usesExistingGt": false,
      "existingGtDelegationFlow": false
    },
    {
      "hash": "0xcbae4baa581cef7a11863fab291571b5e4a470cebdbb9fafd7994c0ffaa89de1",
      "blockNumber": 24927459,
      "timeStamp": 1776764447,
      "from": "0x2a58a3d405c527491daae4c62561b949e7f87efe",
      "to": "0x513690136500dec06553385f7a00b010455dce92",
      "isError": "0",
      "function": "placeOrderForV2",
      "selector": "0xb6a1aa72",
      "market": "0x7a3f078d158869C40B148ac84C97afceA10B049d",
      "salt": 1236268068041240727,
      "collateralToMintGt": 0,
      "debtTokenToDeposit": 100000,
      "ftToDeposit": 0,
      "xtToDeposit": 0,
      "maker": "0x2A58A3D405c527491Daae4C62561B949e7F87EFE",
      "gt": "0x5afcF9b7e8a9B4c554e6B743C0105a0e53163514",
      "virtualXtReserve": 100000,
      "maturity": 1776823200,
      "gtId": 0,
      "maxXtReserve": 100000,
      "delegator": "0x0000000000000000000000000000000000000000",
      "delegatee": "0x0000000000000000000000000000000000000000",
      "isDelegate": false,
      "delegateNonce": 0,
      "delegateDeadline": 0,
      "usesDelegationSignature": false,
      "usesExistingGt": false,
      "existingGtDelegationFlow": false
    },
    {
      "hash": "0xf2a1eb4a0711a8955590623db383d794607da121ca88956b205f6c8a09f54535",
      "blockNumber": 24927731,
      "timeStamp": 1776767711,
      "from": "0x2a58a3d405c527491daae4c62561b949e7f87efe",
      "to": "0x513690136500dec06553385f7a00b010455dce92",
      "isError": "0",
      "function": "placeOrderForV2",
      "selector": "0xb6a1aa72",
      "market": "0x7a3f078d158869C40B148ac84C97afceA10B049d",
      "salt": 17236600938054180534,
      "collateralToMintGt": 0,
      "debtTokenToDeposit": 100000,
      "ftToDeposit": 0,
      "xtToDeposit": 0,
      "maker": "0x2A58A3D405c527491Daae4C62561B949e7F87EFE",
      "gt": "0x5afcF9b7e8a9B4c554e6B743C0105a0e53163514",
      "virtualXtReserve": 100000,
      "maturity": 1776823200,
      "gtId": 0,
      "maxXtReserve": 100000,
      "delegator": "0x0000000000000000000000000000000000000000",
      "delegatee": "0x0000000000000000000000000000000000000000",
      "isDelegate": false,
      "delegateNonce": 0,
      "delegateDeadline": 0,
      "usesDelegationSignature": false,
      "usesExistingGt": false,
      "existingGtDelegationFlow": false
    },
    {
      "hash": "0x7b40af1080ce895bca1df3dde42b5df0e0b25aafa8e8b6ae6e5319cb86a0178e",
      "blockNumber": 24977263,
      "timeStamp": 1777363643,
      "from": "0xf82f8d46b175827fb4f6bebeff846ce0c4d0a90e",
      "to": "0x513690136500dec06553385f7a00b010455dce92",
      "isError": "0",
      "function": "placeOrderForV2",
      "selector": "0xb6a1aa72",
      "market": "0xd6B90F2282E26b8bC3816cDBb3C9D4E1f6B423bf",
      "salt": 10016657304611005115,
      "collateralToMintGt": 0,
      "debtTokenToDeposit": 1000000,
      "ftToDeposit": 0,
      "xtToDeposit": 0,
      "maker": "0xF82f8d46B175827Fb4f6bEbeFF846cE0c4d0A90e",
      "gt": "0xbc8D1A8fB1ac7c2cdeC0BDAAefF3B1c1341e630B",
      "virtualXtReserve": 1000000,
      "maturity": 1782007200,
      "gtId": 0,
      "maxXtReserve": 1000000,
      "delegator": "0x0000000000000000000000000000000000000000",
      "delegatee": "0x0000000000000000000000000000000000000000",
      "isDelegate": false,
      "delegateNonce": 0,
      "delegateDeadline": 0,
      "usesDelegationSignature": false,
      "usesExistingGt": false,
      "existingGtDelegationFlow": false
    },
    {
      "hash": "0xc10f2a278bcb02e9829eb0fbbdda2610ce41f9b4f37c21d9d55b853593ef958b",
      "blockNumber": 24977866,
      "timeStamp": 1777370915,
      "from": "0xf82f8d46b175827fb4f6bebeff846ce0c4d0a90e",
      "to": "0x513690136500dec06553385f7a00b010455dce92",
      "isError": "0",
      "function": "placeOrderForV2",
      "selector": "0xb6a1aa72",
      "market": "0xe7f1F9097142cd1710C8F2ac36aC0D4db63FD05E",
      "salt": 11727599291748739309,
      "collateralToMintGt": 0,
      "debtTokenToDeposit": 1000000,
      "ftToDeposit": 0,
      "xtToDeposit": 0,
      "maker": "0xF82f8d46B175827Fb4f6bEbeFF846cE0c4d0A90e",
      "gt": "0xA0dE9487B4bB70ec4cFE6591157673aA5E6bd255",
      "virtualXtReserve": 1000000,
      "maturity": 1782007200,
      "gtId": 0,
      "maxXtReserve": 1000000,
      "delegator": "0x0000000000000000000000000000000000000000",
      "delegatee": "0x0000000000000000000000000000000000000000",
      "isDelegate": false,
      "delegateNonce": 0,
      "delegateDeadline": 0,
      "usesDelegationSignature": false,
      "usesExistingGt": false,
      "existingGtDelegationFlow": false
    },
    {
      "hash": "0xfb26e0b121c1c51690728f39ea930468164b8664a076c97265f2a1cfaa19ac5c",
      "blockNumber": 24983804,
      "timeStamp": 1777442363,
      "from": "0xf82f8d46b175827fb4f6bebeff846ce0c4d0a90e",
      "to": "0x513690136500dec06553385f7a00b010455dce92",
      "isError": "0",
      "function": "placeOrderForV2",
      "selector": "0xb6a1aa72",
      "market": "0xe7f1F9097142cd1710C8F2ac36aC0D4db63FD05E",
      "salt": 10620228220204892775,
      "collateralToMintGt": 1013220000000000000,
      "debtTokenToDeposit": 0,
      "ftToDeposit": 0,
      "xtToDeposit": 0,
      "maker": "0xF82f8d46B175827Fb4f6bEbeFF846cE0c4d0A90e",
      "gt": "0xA0dE9487B4bB70ec4cFE6591157673aA5E6bd255",
      "virtualXtReserve": 0,
      "maturity": 1782007200,
      "gtId": 1,
      "maxXtReserve": 795566,
      "delegator": "0xF82f8d46B175827Fb4f6bEbeFF846cE0c4d0A90e",
      "delegatee": "0xb81b7df4a5EdECC384e13203D37FbaeaAD1C01c3",
      "isDelegate": true,
      "delegateNonce": 0,
      "delegateDeadline": 1777445954,
      "usesDelegationSignature": true,
      "usesExistingGt": false,
      "existingGtDelegationFlow": false
    },
    {
      "hash": "0xa7234532ae167b35458826a3b9b26286c8b570582673a4ba0a90eeecbb61d0ba",
      "blockNumber": 25070483,
      "timeStamp": 1778485871,
      "from": "0xf82f8d46b175827fb4f6bebeff846ce0c4d0a90e",
      "to": "0x513690136500dec06553385f7a00b010455dce92",
      "isError": "0",
      "function": "placeOrderForV2",
      "selector": "0xb6a1aa72",
      "market": "0x92Be6B4fF25485f62A06853CcCA0B908F136b53b",
      "salt": 14976815686594187012,
      "collateralToMintGt": 0,
      "debtTokenToDeposit": 1000000,
      "ftToDeposit": 0,
      "xtToDeposit": 0,
      "maker": "0xF82f8d46B175827Fb4f6bEbeFF846cE0c4d0A90e",
      "gt": "0x7BEa8b06e089EC005ccFd82448Cd849cCEe77Bea",
      "virtualXtReserve": 1000000,
      "maturity": 1780192800,
      "gtId": 0,
      "maxXtReserve": 1000000,
      "delegator": "0x0000000000000000000000000000000000000000",
      "delegatee": "0x0000000000000000000000000000000000000000",
      "isDelegate": false,
      "delegateNonce": 0,
      "delegateDeadline": 0,
      "usesDelegationSignature": false,
      "usesExistingGt": false,
      "existingGtDelegationFlow": false
    },
    {
      "hash": "0xc2d5bbe351e094d3b25abd5039ea2c242bb675a72a9ec5dc1012584135b67bc2",
      "blockNumber": 25133425,
      "timeStamp": 1779243719,
      "from": "0xb70d15a43937d4433ddf058c69d1402d35578556",
      "to": "0x513690136500dec06553385f7a00b010455dce92",
      "isError": "0",
      "function": "placeOrderForV2",
      "selector": "0xb6a1aa72",
      "market": "0xcdAA56ffeFe38E83270A6E04f9190343aAA99c2c",
      "salt": 15669941014628257445,
      "collateralToMintGt": 0,
      "debtTokenToDeposit": 1018818,
      "ftToDeposit": 0,
      "xtToDeposit": 0,
      "maker": "0xb70D15a43937d4433dDF058C69D1402d35578556",
      "gt": "0xFb550FDdc4578129526568e2d941102d69Bda8C4",
      "virtualXtReserve": 1018818,
      "maturity": 1782612000,
      "gtId": 0,
      "maxXtReserve": 1018818,
      "delegator": "0x0000000000000000000000000000000000000000",
      "delegatee": "0x0000000000000000000000000000000000000000",
      "isDelegate": false,
      "delegateNonce": 0,
      "delegateDeadline": 0,
      "usesDelegationSignature": false,
      "usesExistingGt": false,
      "existingGtDelegationFlow": false
    },
    {
      "hash": "0xa2bc768f9bcc20cdd57522ff6e8162fca9b96e7f8d9241409ae9422aa557a172",
      "blockNumber": 25134948,
      "timeStamp": 1779262055,
      "from": "0xfe6c23e4706a091ec3d2b66a7fb40e2a5e74e151",
      "to": "0x513690136500dec06553385f7a00b010455dce92",
      "isError": "0",
      "function": "placeOrderForV2",
      "selector": "0xb6a1aa72",
      "market": "0x92Be6B4fF25485f62A06853CcCA0B908F136b53b",
      "salt": 10649625798366477463,
      "collateralToMintGt": 0,
      "debtTokenToDeposit": 1000000,
      "ftToDeposit": 0,
      "xtToDeposit": 0,
      "maker": "0xFe6C23E4706A091eC3D2B66A7FB40e2a5e74e151",
      "gt": "0x7BEa8b06e089EC005ccFd82448Cd849cCEe77Bea",
      "virtualXtReserve": 1000000,
      "maturity": 1780192800,
      "gtId": 0,
      "maxXtReserve": 1000000,
      "delegator": "0x0000000000000000000000000000000000000000",
      "delegatee": "0x0000000000000000000000000000000000000000",
      "isDelegate": false,
      "delegateNonce": 0,
      "delegateDeadline": 0,
      "usesDelegationSignature": false,
      "usesExistingGt": false,
      "existingGtDelegationFlow": false
    },
    {
      "hash": "0x918a221abcd568674621ab3e09a428b00b977d298cdac52f8f5e3ed6d1a94695",
      "blockNumber": 25135138,
      "timeStamp": 1779264335,
      "from": "0xfe6c23e4706a091ec3d2b66a7fb40e2a5e74e151",
      "to": "0x513690136500dec06553385f7a00b010455dce92",
      "isError": "0",
      "function": "placeOrderForV2",
      "selector": "0xb6a1aa72",
      "market": "0x92Be6B4fF25485f62A06853CcCA0B908F136b53b",
      "salt": 2791322806766553784,
      "collateralToMintGt": 100000000000000,
      "debtTokenToDeposit": 0,
      "ftToDeposit": 0,
      "xtToDeposit": 0,
      "maker": "0xFe6C23E4706A091eC3D2B66A7FB40e2a5e74e151",
      "gt": "0x7BEa8b06e089EC005ccFd82448Cd849cCEe77Bea",
      "virtualXtReserve": 0,
      "maturity": 1780192800,
      "gtId": 74,
      "maxXtReserve": 100457,
      "delegator": "0xFe6C23E4706A091eC3D2B66A7FB40e2a5e74e151",
      "delegatee": "0xAa72195C2e39853855192637C7E38a93914eaCDa",
      "isDelegate": true,
      "delegateNonce": 0,
      "delegateDeadline": 1779350650,
      "usesDelegationSignature": true,
      "usesExistingGt": false,
      "existingGtDelegationFlow": false
    },
    {
      "hash": "0xbd93d22afcfe48f90115413793ac45470a866825232e68bf1320286d28c5b34e",
      "blockNumber": 25141110,
      "timeStamp": 1779336323,
      "from": "0xf82f8d46b175827fb4f6bebeff846ce0c4d0a90e",
      "to": "0x513690136500dec06553385f7a00b010455dce92",
      "isError": "0",
      "function": "placeOrderForV2",
      "selector": "0xb6a1aa72",
      "market": "0x67d3dc578989e1ea202A6909d7299B41Acfb414a",
      "salt": 18342705721811783872,
      "collateralToMintGt": 0,
      "debtTokenToDeposit": 1000000,
      "ftToDeposit": 0,
      "xtToDeposit": 0,
      "maker": "0xF82f8d46B175827Fb4f6bEbeFF846cE0c4d0A90e",
      "gt": "0xF63Fd6319E50Bc8bBB2ec777ec7eb6F4D5193564",
      "virtualXtReserve": 1000000,
      "maturity": 1780192800,
      "gtId": 0,
      "maxXtReserve": 1000000,
      "delegator": "0x0000000000000000000000000000000000000000",
      "delegatee": "0x0000000000000000000000000000000000000000",
      "isDelegate": false,
      "delegateNonce": 0,
      "delegateDeadline": 0,
      "usesDelegationSignature": false,
      "usesExistingGt": false,
      "existingGtDelegationFlow": false
    },
    {
      "hash": "0xd88a1e4cf1172950328f4dde9ea5c69d66cf999f309dfb4c091e7e81b5555ad3",
      "blockNumber": 25142640,
      "timeStamp": 1779354707,
      "from": "0xf82f8d46b175827fb4f6bebeff846ce0c4d0a90e",
      "to": "0x513690136500dec06553385f7a00b010455dce92",
      "isError": "0",
      "function": "placeOrderForV2",
      "selector": "0xb6a1aa72",
      "market": "0x1d1D240DF9f77117bdF1B5e98E56ce0c38Fc5aeE",
      "salt": 5521225528664555987,
      "collateralToMintGt": 0,
      "debtTokenToDeposit": 1000000,
      "ftToDeposit": 0,
      "xtToDeposit": 0,
      "maker": "0xF82f8d46B175827Fb4f6bEbeFF846cE0c4d0A90e",
      "gt": "0x17d764e157A90b8893f3Bd8222D045Fe5ce682c4",
      "virtualXtReserve": 1000000,
      "maturity": 1780192800,
      "gtId": 0,
      "maxXtReserve": 1000000,
      "delegator": "0x0000000000000000000000000000000000000000",
      "delegatee": "0x0000000000000000000000000000000000000000",
      "isDelegate": false,
      "delegateNonce": 0,
      "delegateDeadline": 0,
      "usesDelegationSignature": false,
      "usesExistingGt": false,
      "existingGtDelegationFlow": false
    },
    {
      "hash": "0x21716aa15e6f20e18fd8de4728a95f2ef82b64b66a5aed331235b987384dba38",
      "blockNumber": 25151143,
      "timeStamp": 1779457043,
      "from": "0xf82f8d46b175827fb4f6bebeff846ce0c4d0a90e",
      "to": "0x513690136500dec06553385f7a00b010455dce92",
      "isError": "0",
      "function": "placeOrderForV2",
      "selector": "0xb6a1aa72",
      "market": "0x67d3dc578989e1ea202A6909d7299B41Acfb414a",
      "salt": 17205087139530895547,
      "collateralToMintGt": 0,
      "debtTokenToDeposit": 2000000,
      "ftToDeposit": 0,
      "xtToDeposit": 0,
      "maker": "0xF82f8d46B175827Fb4f6bEbeFF846cE0c4d0A90e",
      "gt": "0xF63Fd6319E50Bc8bBB2ec777ec7eb6F4D5193564",
      "virtualXtReserve": 2000000,
      "maturity": 1780192800,
      "gtId": 0,
      "maxXtReserve": 2000000,
      "delegator": "0x0000000000000000000000000000000000000000",
      "delegatee": "0x0000000000000000000000000000000000000000",
      "isDelegate": false,
      "delegateNonce": 0,
      "delegateDeadline": 0,
      "usesDelegationSignature": false,
      "usesExistingGt": false,
      "existingGtDelegationFlow": false
    },
    {
      "hash": "0x8183bdf6f12f620e0bec6ed7f6f2161cebe0e1d13c886ef900549438ad4d16f2",
      "blockNumber": 25175577,
      "timeStamp": 1779751367,
      "from": "0x2a58a3d405c527491daae4c62561b949e7f87efe",
      "to": "0x513690136500dec06553385f7a00b010455dce92",
      "isError": "0",
      "function": "placeOrderForV2",
      "selector": "0xb6a1aa72",
      "market": "0x67d3dc578989e1ea202A6909d7299B41Acfb414a",
      "salt": 12886122419537215885,
      "collateralToMintGt": 2,
      "debtTokenToDeposit": 0,
      "ftToDeposit": 0,
      "xtToDeposit": 0,
      "maker": "0x2A58A3D405c527491Daae4C62561B949e7F87EFE",
      "gt": "0xF63Fd6319E50Bc8bBB2ec777ec7eb6F4D5193564",
      "virtualXtReserve": 0,
      "maturity": 1780192800,
      "gtId": 6,
      "maxXtReserve": 254,
      "delegator": "0x2A58A3D405c527491Daae4C62561B949e7F87EFE",
      "delegatee": "0x6e625a2218D1475A3B62304Bab8F0155ab56D2d0",
      "isDelegate": true,
      "delegateNonce": 0,
      "delegateDeadline": 1779837730,
      "usesDelegationSignature": true,
      "usesExistingGt": false,
      "existingGtDelegationFlow": false
    },
    {
      "hash": "0xdd00ef6727fbf0be658916986094fbbbcb089aaddb83489dcab070d1a10624aa",
      "blockNumber": 25186091,
      "timeStamp": 1779877931,
      "from": "0x2a58a3d405c527491daae4c62561b949e7f87efe",
      "to": "0x513690136500dec06553385f7a00b010455dce92",
      "isError": "0",
      "function": "placeOrderForV2",
      "selector": "0xb6a1aa72",
      "market": "0x67d3dc578989e1ea202A6909d7299B41Acfb414a",
      "salt": 11604328914958142911,
      "collateralToMintGt": 500,
      "debtTokenToDeposit": 0,
      "ftToDeposit": 0,
      "xtToDeposit": 0,
      "maker": "0x2A58A3D405c527491Daae4C62561B949e7F87EFE",
      "gt": "0xF63Fd6319E50Bc8bBB2ec777ec7eb6F4D5193564",
      "virtualXtReserve": 0,
      "maturity": 1780192800,
      "gtId": 8,
      "maxXtReserve": 109467,
      "delegator": "0x2A58A3D405c527491Daae4C62561B949e7F87EFE",
      "delegatee": "0x17B386aa08D4988d607D5a5503b8130662B0D982",
      "isDelegate": true,
      "delegateNonce": 1,
      "delegateDeadline": 1779964266,
      "usesDelegationSignature": true,
      "usesExistingGt": false,
      "existingGtDelegationFlow": false
    },
    {
      "hash": "0x1290e60c162daf1a19d786a42fdee1e24c4ad4a9f37b94e1d385f4ba73d213c3",
      "blockNumber": 25187190,
      "timeStamp": 1779891167,
      "from": "0xfa558c6cadda84505336de917079edcc767a1350",
      "to": "0x513690136500dec06553385f7a00b010455dce92",
      "isError": "0",
      "function": "placeOrderForV2",
      "selector": "0xb6a1aa72",
      "market": "0x56DB9b84ffe492E642DD03212A790C453749d378",
      "salt": 1191314736873210988,
      "collateralToMintGt": 0,
      "debtTokenToDeposit": 100000000,
      "ftToDeposit": 0,
      "xtToDeposit": 0,
      "maker": "0xFa558c6cADDa84505336DE917079edcC767a1350",
      "gt": "0x057a5B6C62329d69302e4aE222688248A4812fd7",
      "virtualXtReserve": 100000000,
      "maturity": 1780192800,
      "gtId": 0,
      "maxXtReserve": 100000000,
      "delegator": "0x0000000000000000000000000000000000000000",
      "delegatee": "0x0000000000000000000000000000000000000000",
      "isDelegate": false,
      "delegateNonce": 0,
      "delegateDeadline": 0,
      "usesDelegationSignature": false,
      "usesExistingGt": false,
      "existingGtDelegationFlow": false
    },
    {
      "hash": "0xd2a06bf30fad81f1c9e2f515526e2a72df0db7e667836511ce2a6edf5dbdbe86",
      "blockNumber": 25284031,
      "timeStamp": 1781058191,
      "from": "0xb70d15a43937d4433ddf058c69d1402d35578556",
      "to": "0x513690136500dec06553385f7a00b010455dce92",
      "isError": "0",
      "function": "placeOrderForV2",
      "selector": "0xb6a1aa72",
      "market": "0xC894b068d99376D6aBF8A9625667CAd2D6E5eaB7",
      "salt": 14541111735982275251,
      "collateralToMintGt": 0,
      "debtTokenToDeposit": 31195,
      "ftToDeposit": 0,
      "xtToDeposit": 0,
      "maker": "0xb70D15a43937d4433dDF058C69D1402d35578556",
      "gt": "0xF6234B44Ef4b42cE7D8dd9aE073947b536B0b376",
      "virtualXtReserve": 31195,
      "maturity": 1782784800,
      "gtId": 0,
      "maxXtReserve": 31195,
      "delegator": "0x0000000000000000000000000000000000000000",
      "delegatee": "0x0000000000000000000000000000000000000000",
      "isDelegate": false,
      "delegateNonce": 0,
      "delegateDeadline": 0,
      "usesDelegationSignature": false,
      "usesExistingGt": false,
      "existingGtDelegationFlow": false
    },
    {
      "hash": "0x048be0adbe2b042308daf39f470814b29d887cebaaf16e09d17b45ade5200ff4",
      "blockNumber": 25284083,
      "timeStamp": 1781058815,
      "from": "0xb70d15a43937d4433ddf058c69d1402d35578556",
      "to": "0x513690136500dec06553385f7a00b010455dce92",
      "isError": "0",
      "function": "placeOrderForV2",
      "selector": "0xb6a1aa72",
      "market": "0x0ECbB252647721115985451B793c986FcBa843e6",
      "salt": 3958651802964182668,
      "collateralToMintGt": 1200,
      "debtTokenToDeposit": 0,
      "ftToDeposit": 0,
      "xtToDeposit": 0,
      "maker": "0xb70D15a43937d4433dDF058C69D1402d35578556",
      "gt": "0x7f318Cd8C3b7f1EF43a5296008Fdcb25f46eCB4e",
      "virtualXtReserve": 0,
      "maturity": 1782784800,
      "gtId": 2,
      "maxXtReserve": 44044,
      "delegator": "0xb70D15a43937d4433dDF058C69D1402d35578556",
      "delegatee": "0xC54A6AddDeCCD48A49757bfB357096c62cEb3c08",
      "isDelegate": true,
      "delegateNonce": 0,
      "delegateDeadline": 1781145142,
      "usesDelegationSignature": true,
      "usesExistingGt": false,
      "existingGtDelegationFlow": false
    },
    {
      "hash": "0xd61369809af2ca2aa445778afec665f16138de613aa37fb24f283684ac55f188",
      "blockNumber": 25285558,
      "timeStamp": 1781076563,
      "from": "0x0e8b3e04f3d81741c789777838312d243bac017b",
      "to": "0x513690136500dec06553385f7a00b010455dce92",
      "isError": "0",
      "function": "placeOrderForV2",
      "selector": "0xb6a1aa72",
      "market": "0xcdAA56ffeFe38E83270A6E04f9190343aAA99c2c",
      "salt": 5164653773565219079,
      "collateralToMintGt": 0,
      "debtTokenToDeposit": 300000,
      "ftToDeposit": 0,
      "xtToDeposit": 0,
      "maker": "0x0E8B3e04F3D81741C789777838312d243bac017b",
      "gt": "0xFb550FDdc4578129526568e2d941102d69Bda8C4",
      "virtualXtReserve": 300000,
      "maturity": 1782612000,
      "gtId": 0,
      "maxXtReserve": 300000,
      "delegator": "0x0000000000000000000000000000000000000000",
      "delegatee": "0x0000000000000000000000000000000000000000",
      "isDelegate": false,
      "delegateNonce": 0,
      "delegateDeadline": 0,
      "usesDelegationSignature": false,
      "usesExistingGt": false,
      "existingGtDelegationFlow": false
    },
    {
      "hash": "0x2777b76549c994d0d1a9875ffd6e920e85c3e4c3cab233a3c5c88e274ec0e51d",
      "blockNumber": 25285702,
      "timeStamp": 1781078315,
      "from": "0x0e8b3e04f3d81741c789777838312d243bac017b",
      "to": "0x513690136500dec06553385f7a00b010455dce92",
      "isError": "0",
      "function": "placeOrderForV2",
      "selector": "0xb6a1aa72",
      "market": "0xcdAA56ffeFe38E83270A6E04f9190343aAA99c2c",
      "salt": 17275647745660251705,
      "collateralToMintGt": 0,
      "debtTokenToDeposit": 200000,
      "ftToDeposit": 0,
      "xtToDeposit": 0,
      "maker": "0x0E8B3e04F3D81741C789777838312d243bac017b",
      "gt": "0xFb550FDdc4578129526568e2d941102d69Bda8C4",
      "virtualXtReserve": 200000,
      "maturity": 1782612000,
      "gtId": 0,
      "maxXtReserve": 200000,
      "delegator": "0x0000000000000000000000000000000000000000",
      "delegatee": "0x0000000000000000000000000000000000000000",
      "isDelegate": false,
      "delegateNonce": 0,
      "delegateDeadline": 0,
      "usesDelegationSignature": false,
      "usesExistingGt": false,
      "existingGtDelegationFlow": false
    },
    {
      "hash": "0x42c3a125f46be5bb3159a560d24089f2d0725401232b7e569a78eb9ca02c6025",
      "blockNumber": 25293558,
      "timeStamp": 1781172971,
      "from": "0xf82f8d46b175827fb4f6bebeff846ce0c4d0a90e",
      "to": "0x513690136500dec06553385f7a00b010455dce92",
      "isError": "0",
      "function": "placeOrderForV2",
      "selector": "0xb6a1aa72",
      "market": "0x38f35b56D4666013096B7AED555B82EaB13ac87a",
      "salt": 8159249411567423921,
      "collateralToMintGt": 0,
      "debtTokenToDeposit": 10000000,
      "ftToDeposit": 0,
      "xtToDeposit": 0,
      "maker": "0xF82f8d46B175827Fb4f6bEbeFF846cE0c4d0A90e",
      "gt": "0x8db6b09AbED3e3e639fbD28CE8E5e842cB52a156",
      "virtualXtReserve": 10000000,
      "maturity": 1782784800,
      "gtId": 0,
      "maxXtReserve": 10000000,
      "delegator": "0x0000000000000000000000000000000000000000",
      "delegatee": "0x0000000000000000000000000000000000000000",
      "isDelegate": false,
      "delegateNonce": 0,
      "delegateDeadline": 0,
      "usesDelegationSignature": false,
      "usesExistingGt": false,
      "existingGtDelegationFlow": false
    },
    {
      "hash": "0x93044d1c3cd276e5c280db13984ea5335c79c145e2bdc79187f01a3725d8bd78",
      "blockNumber": 25321668,
      "timeStamp": 1781511659,
      "from": "0xfe6c23e4706a091ec3d2b66a7fb40e2a5e74e151",
      "to": "0x513690136500dec06553385f7a00b010455dce92",
      "isError": "0",
      "function": "placeOrderForV2",
      "selector": "0xb6a1aa72",
      "market": "0x38f35b56D4666013096B7AED555B82EaB13ac87a",
      "salt": 7071083642973611936,
      "collateralToMintGt": 0,
      "debtTokenToDeposit": 9268453,
      "ftToDeposit": 0,
      "xtToDeposit": 0,
      "maker": "0xFe6C23E4706A091eC3D2B66A7FB40e2a5e74e151",
      "gt": "0x8db6b09AbED3e3e639fbD28CE8E5e842cB52a156",
      "virtualXtReserve": 9268453,
      "maturity": 1782784800,
      "gtId": 0,
      "maxXtReserve": 9268453,
      "delegator": "0x0000000000000000000000000000000000000000",
      "delegatee": "0x0000000000000000000000000000000000000000",
      "isDelegate": false,
      "delegateNonce": 0,
      "delegateDeadline": 0,
      "usesDelegationSignature": false,
      "usesExistingGt": false,
      "existingGtDelegationFlow": false
    },
    {
      "hash": "0xab0a4de9a48151d948a2cd8f91dccc038a420374c42a9b7df5da74603358a553",
      "blockNumber": 25427986,
      "timeStamp": 1782792263,
      "from": "0x591342772bbc7d0630efbdea3c0b704e7addad17",
      "to": "0x513690136500dec06553385f7a00b010455dce92",
      "isError": "0",
      "function": "placeOrderForV2",
      "selector": "0xb6a1aa72",
      "market": "0x776b9A6200c0F29b6C862E4D8E38a99AC3272110",
      "salt": 683649893584606407,
      "collateralToMintGt": 0,
      "debtTokenToDeposit": 136699,
      "ftToDeposit": 0,
      "xtToDeposit": 0,
      "maker": "0x591342772bBc7D0630EFBdeA3C0b704E7ADdad17",
      "gt": "0x124B5AD9F156605e0c943687ca4b5548c6C9449f",
      "virtualXtReserve": 136699,
      "maturity": 1792116000,
      "gtId": 0,
      "maxXtReserve": 136699,
      "delegator": "0x0000000000000000000000000000000000000000",
      "delegatee": "0x0000000000000000000000000000000000000000",
      "isDelegate": false,
      "delegateNonce": 0,
      "delegateDeadline": 0,
      "usesDelegationSignature": false,
      "usesExistingGt": false,
      "existingGtDelegationFlow": false
    },
    {
      "hash": "0x3ee2d77dc72af42c7bf71564b6093bf4ea5c8f8e4bdbd2598c924e0a57a7fe72",
      "blockNumber": 25601305,
      "timeStamp": 1784880551,
      "from": "0xf82f8d46b175827fb4f6bebeff846ce0c4d0a90e",
      "to": "0x513690136500dec06553385f7a00b010455dce92",
      "isError": "0",
      "function": "placeOrderForV2",
      "selector": "0xb6a1aa72",
      "market": "0x1d6B083288Fb63B5F3A32FDb6157bE5FD32940E8",
      "salt": 11053743933401638059,
      "collateralToMintGt": 1432,
      "debtTokenToDeposit": 0,
      "ftToDeposit": 0,
      "xtToDeposit": 0,
      "maker": "0xF82f8d46B175827Fb4f6bEbeFF846cE0c4d0A90e",
      "gt": "0x63009034Ffac57EF0e5f1caF3F43BA077281Ec9B",
      "virtualXtReserve": 0,
      "maturity": 1785463200,
      "gtId": 1,
      "maxXtReserve": 636534,
      "delegator": "0xF82f8d46B175827Fb4f6bEbeFF846cE0c4d0A90e",
      "delegatee": "0x8C2854aEe2fF77d1a6404c1E8E2eC503A2028b94",
      "isDelegate": true,
      "delegateNonce": 0,
      "delegateDeadline": 1784966905,
      "usesDelegationSignature": true,
      "usesExistingGt": false,
      "existingGtDelegationFlow": false
    }
  ]
}
