   Compiling syn v2.0.113
   Compiling libc v0.2.179
   Compiling serde_json v1.0.148
   Compiling cc v1.2.51
   Compiling getrandom v0.2.16
   Compiling rand_core v0.6.4
   Compiling ff v0.13.1
   Compiling group v0.13.0
   Compiling tracing-core v0.1.36
   Compiling typenum v1.19.0
   Compiling generic-array v0.14.7
   Compiling futures-core v0.3.31
   Compiling futures-sink v0.3.31
   Compiling futures-channel v0.3.31
   Compiling blake3 v1.8.2
   Compiling getrandom v0.3.4
   Compiling num-traits v0.2.19
   Compiling darling_core v0.21.3
   Compiling darling_core v0.23.0
   Compiling crypto-common v0.1.7
   Compiling block-buffer v0.10.4
   Compiling cpufeatures v0.2.17
   Compiling const-hex v1.17.0
   Compiling digest v0.10.7
   Compiling serde_derive v1.0.228
   Compiling zeroize_derive v1.4.3
   Compiling zeroize v1.8.2
   Compiling der v0.7.10
   Compiling alloy-rlp-derive v0.3.12
   Compiling hmac v0.12.1
   Compiling crypto-bigint v0.5.5
   Compiling rfc6979 v0.4.0
   Compiling signature v2.2.0
   Compiling spki v0.7.3
   Compiling pkcs8 v0.10.2
   Compiling sha2 v0.10.9
   Compiling serde v1.0.228
   Compiling arrayvec v0.7.6
   Compiling bytes v1.11.1
   Compiling serdect v0.2.0
   Compiling sec1 v0.7.3
   Compiling alloy-rlp v0.3.12
   Compiling elliptic-curve v0.13.8
   Compiling ruint v1.17.2
   Compiling derive_more-impl v2.1.1
   Compiling ecdsa v0.16.9
   Compiling sha3 v0.10.8
   Compiling k256 v0.13.4
   Compiling zerocopy-derive v0.8.31
   Compiling thiserror-impl v2.0.17
   Compiling zerocopy v0.8.31
   Compiling thiserror v2.0.17
   Compiling either v1.15.0
   Compiling darling_macro v0.21.3
   Compiling darling v0.21.3
   Compiling smallvec v1.15.1
   Compiling serde_with_macros v3.16.1
   Compiling tracing-attributes v0.1.31
   Compiling serde_with v3.16.1
   Compiling derive_more v2.1.1
   Compiling alloy-primitives v1.5.6
   Compiling auto_impl v1.3.0
   Compiling tracing v0.1.44
   Compiling darling_macro v0.23.0
   Compiling alloy-eip7928 v0.3.2
   Compiling darling v0.23.0
   Compiling alloy-eip2124 v0.2.0
   Compiling alloy-eip7702 v0.6.3
   Compiling alloy-serde v2.0.4
   Compiling alloy-eip2930 v0.2.3
   Compiling nybbles v0.4.8
   Compiling alloy-trie v0.9.4
   Compiling alloy-eips v2.0.4
   Compiling alloy-tx-macros v2.0.4
   Compiling futures-macro v0.3.31
   Compiling alloy-consensus v2.0.4
   Compiling futures-util v0.3.31
   Compiling ppv-lite86 v0.2.21
   Compiling itertools v0.13.0
   Compiling futures-executor v0.3.31
   Compiling monad-crypto v0.1.0 (/home/runner/work/test/test/monad-bft/monad-crypto)
   Compiling futures v0.3.31
   Compiling thiserror-impl v1.0.69
   Compiling syn-solidity v1.5.6
   Compiling macro-string v0.1.4
   Compiling proc-macro-error-attr2 v2.0.0
   Compiling keccak v0.1.6
   Compiling dunce v1.0.5
   Compiling proc-macro-error2 v2.0.1
   Compiling thiserror v1.0.69
   Compiling monad-types v0.1.0 (/home/runner/work/test/test/monad-bft/monad-types)
   Compiling rand_chacha v0.3.1
   Compiling parking_lot_core v0.9.12
   Compiling rand v0.8.5
   Compiling alloy-sol-macro-input v1.5.6
   Compiling alloy-sol-macro-expander v1.5.6
   Compiling protobuf-support v3.7.2
   Compiling protobuf v3.7.2
   Compiling parking_lot v0.12.5
   Compiling monad-eth-types v0.1.0 (/home/runner/work/test/test/monad-bft/monad-eth-types)
   Compiling rand_core v0.9.3
   Compiling monad-validator v0.1.0 (/home/runner/work/test/test/monad-bft/monad-validator)
   Compiling alloy-sol-macro v1.5.6
   Compiling alloy-sol-types v1.5.6
   Compiling hdrhistogram v7.5.4
   Compiling alloy-network-primitives v2.0.4
   Compiling alloy-consensus-any v2.0.4
   Compiling prometheus v0.14.0
   Compiling monad-tfm v0.1.0 (/home/runner/work/test/test/monad-bft/monad-tfm)
   Compiling regex-syntax v0.8.8
   Compiling tempfile v3.24.0
   Compiling alloy-rpc-types-eth v2.0.4
   Compiling monad-executor v0.1.0 (/home/runner/work/test/test/monad-bft/monad-executor)
   Compiling monad-execution-state-read v0.1.0 (/home/runner/work/test/test/monad-bft/monad-execution-state-read)
warning: unused variable: `block_num`
  --> monad-execution-state-read/src/mock.rs:80:9
   |
80 |         block_num: SeqNum,
   |         ^^^^^^^^^ help: if this is intentional, prefix it with an underscore: `_block_num`
   |
   = note: `#[warn(unused_variables)]` (part of `#[warn(unused)]`) on by default

warning: unused variable: `requested_epoch`
  --> monad-execution-state-read/src/mock.rs:81:9
   |
81 |         requested_epoch: monad_types::Epoch,
   |         ^^^^^^^^^^^^^^^ help: if this is intentional, prefix it with an underscore: `_requested_epoch`

warning: `monad-execution-state-read` (lib) generated 2 warnings
   Compiling rand_chacha v0.9.0
   Compiling monad-chain-config v0.1.0 (/home/runner/work/test/test/monad-bft/monad-chain-config)
   Compiling half v2.7.1
   Compiling http v1.4.0
   Compiling async-trait v0.1.89
   Compiling alloca v0.4.0
   Compiling secp256k1-sys v0.11.0
   Compiling crunchy v0.2.4
   Compiling clap_builder v4.5.54
   Compiling alloy-signer v2.0.4
   Compiling alloy-json-rpc v2.0.4
   Compiling ciborium-ll v0.2.2
   Compiling monad-consensus-types v0.1.0 (/home/runner/work/test/test/monad-bft/monad-consensus-types)
   Compiling rand v0.9.2
   Compiling alloy-rpc-types-any v2.0.4
   Compiling regex-automata v0.4.13
   Compiling wait-timeout v0.2.1
   Compiling tiny-keccak v2.0.2
   Compiling bit-vec v0.8.0
   Compiling futures-utils-wasm v0.1.0
   Compiling quick-error v1.2.3
   Compiling rusty-fork v0.3.1
   Compiling regex v1.12.2
   Compiling criterion-plot v0.8.1
   Compiling alloy-network v2.0.4
   Compiling bit-set v0.8.0
   Compiling rstest_macros v0.25.0
   Compiling monad-consensus v0.1.0 (/home/runner/work/test/test/monad-bft/monad-consensus)
   Compiling rayon v1.11.0
   Compiling plotters v0.3.7
   Compiling ciborium v0.2.2
   Compiling clap v4.5.54
   Compiling rand_xorshift v0.4.0
   Compiling tinytemplate v1.2.1
   Compiling console v0.15.11
   Compiling page_size v0.6.0
   Compiling unarray v0.1.4
   Compiling data-encoding v2.9.0
   Compiling similar v2.7.0
   Compiling oorandom v11.1.5
   Compiling anes v0.1.6
   Compiling rstest v0.25.0
   Compiling criterion v0.8.1
   Compiling insta v1.46.0
   Compiling wycheproof v0.6.0
   Compiling proptest v1.9.0
   Compiling monad-testutil v0.1.0 (/home/runner/work/test/test/monad-bft/monad-testutil)
   Compiling secp256k1 v0.31.1
   Compiling alloy-signer-local v2.0.4
   Compiling monad-secp v0.1.0 (/home/runner/work/test/test/monad-bft/monad-secp)
error[E0599]: no variant or associated item named `from_i32` found for enum `secp256k1::ecdsa::RecoveryId` in the current scope
   --> monad-secp/src/secp.rs:265:47
    |
265 |                 secp256k1::ecdsa::RecoveryId::from_i32(recid.to_i32() ^ 1).map_err(Error)?;
    |                                               ^^^^^^^^ variant or associated item not found in `secp256k1::ecdsa::RecoveryId`
    |
note: if you're trying to build a new `secp256k1::ecdsa::RecoveryId`, consider using `secp256k1::ecdsa::RecoveryId::from_u8_masked` which returns `secp256k1::ecdsa::RecoveryId`
   --> /home/runner/.cargo/registry/src/index.crates.io-1949cf8c6b5b557f/secp256k1-0.31.1/src/ecdsa/recovery.rs:31:5
    |
 31 |     pub const fn from_u8_masked(id: u8) -> RecoveryId {
    |     ^^^^^^^^^^^^^^^^^^^^^^^^^^^^^^^^^^^^^^^^^^^^^^^^^
help: there is an associated function `from` with a similar name
    |
265 -                 secp256k1::ecdsa::RecoveryId::from_i32(recid.to_i32() ^ 1).map_err(Error)?;
265 +                 secp256k1::ecdsa::RecoveryId::from(recid.to_i32() ^ 1).map_err(Error)?;
    |

error[E0599]: no method named `to_i32` found for enum `secp256k1::ecdsa::RecoveryId` in the current scope
   --> monad-secp/src/secp.rs:265:62
    |
265 |                 secp256k1::ecdsa::RecoveryId::from_i32(recid.to_i32() ^ 1).map_err(Error)?;
    |                                                              ^^^^^^ method not found in `secp256k1::ecdsa::RecoveryId`

For more information about this error, try `rustc --explain E0599`.
error: could not compile `monad-secp` (lib test) due to 2 previous errors
Command exited with non-zero status 101
	Command being timed: "cargo test --manifest-path monad-bft/Cargo.toml --locked -p monad-secp --lib -- --nocapture --test-threads=1"
	User time (seconds): 323.77
	System time (seconds): 16.10
	Percent of CPU this job got: 381%
	Elapsed (wall clock) time (h:mm:ss or m:ss): 1:29.06
	Average shared text size (kbytes): 0
	Average unshared data size (kbytes): 0
	Average stack size (kbytes): 0
	Average total size (kbytes): 0
	Maximum resident set size (kbytes): 1374552
	Average resident set size (kbytes): 0
	Major (requiring I/O) page faults: 561
	Minor (reclaiming a frame) page faults: 3172872
	Voluntary context switches: 20939
	Involuntary context switches: 60353
	Swaps: 0
	File system inputs: 0
	File system outputs: 3037688
	Socket messages sent: 0
	Socket messages received: 0
	Signals delivered: 0
	Page size (bytes): 4096
	Exit status: 101
