{
  "generatedAtUtc": "2026-07-30T20:20:41.805419+00:00",
  "chain": "b2",
  "block": {
    "number": 36139518,
    "hash": "05c837cf7db01d4696988307efa637149e4d693370bb0526fa7ccefde092eec0",
    "timestamp": 1785442822,
    "timestampUtc": "2026-07-30T20:20:22+00:00"
  },
  "actualVaults": [],
  "mismatches": [],
  "activeMismatches": [],
  "verdict": {
    "chain": "b2",
    "manifestVaultCandidateCount": 2,
    "manifestFactoryCount": 2,
    "actualVaultCount": 0,
    "orderCount": 0,
    "mismatchCount": 0,
    "activeMismatchCount": 0,
    "nextStep": "KILL_NO_CURRENT_ACTIVE_MISCONFIGURATION"
  }
}
